#
# There is insufficient memory for the Java Runtime Environment to continue.
# Native memory allocation (malloc) failed to allocate 1094416 bytes. Error detail: Chunk::new
# Possible reasons:
#   The system is out of physical RAM or swap space
#   This process is running with CompressedOops enabled, and the Java Heap may be blocking the growth of the native heap
# Possible solutions:
#   Reduce memory load on the system
#   Increase physical memory or swap space
#   Check if swap backing store is full
#   Decrease Java heap size (-Xmx/-Xms)
#   Decrease number of Java threads
#   Decrease Java thread stack sizes (-Xss)
#   Set larger code cache with -XX:ReservedCodeCacheSize=
#   JVM is running with Unscaled Compressed Oops mode in which the Java heap is
#     placed in the first 4GB address space. The Java Heap base address is the
#     maximum limit for the native heap growth. Please use -XX:HeapBaseMinAddress
#     to set the Java Heap base and to place the Java Heap above 4GB virtual address.
# This output file may be truncated or incomplete.
#
#  Out of Memory Error (arena.cpp:149), pid=13136, tid=15132
#
# JRE version: OpenJDK Runtime Environment (23.0.2+7) (build 23.0.2+7-58)
# Java VM: OpenJDK 64-Bit Server VM (23.0.2+7-58, mixed mode, sharing, tiered, compressed oops, compressed class ptrs, g1 gc, windows-amd64)
# No core dump will be written. Minidumps are not enabled by default on client versions of Windows
#

---------------  S U M M A R Y ------------

Command Line: -javaagent:C:\Program Files\JetBrains\IntelliJ IDEA Community Edition 2024.3.3\lib\idea_rt.jar=59013 -Dfile.encoding=UTF-8 -Dsun.stdout.encoding=UTF-8 -Dsun.stderr.encoding=UTF-8 com.nitech.cards.CardsApplication

Host: Intel(R) Core(TM) i5-6300U CPU @ 2.40GHz, 4 cores, 7G,  Windows 10 , 64 bit Build 19041 (10.0.19041.7548)
Time: Fri Aug 14 12:03:07 2026 India Standard Time elapsed time: 2.410715 seconds (0d 0h 0m 2s)

---------------  T H R E A D  ---------------

Current thread (0x0000020f745fb8b0):  JavaThread "C2 CompilerThread0" daemon [_thread_in_native, id=15132, stack(0x00000035f1600000,0x00000035f1700000) (1024K)]


Current CompileTask:
C2:2410 2436   !   4       java.net.URL::<init> (543 bytes)

Stack: [0x00000035f1600000,0x00000035f1700000]
Native frames: (J=compiled Java code, j=interpreted, Vv=VM code, C=native code)
V  [jvm.dll+0x6e0b99]  (no source info available)
V  [jvm.dll+0x87e2b3]  (no source info available)
V  [jvm.dll+0x88073e]  (no source info available)
V  [jvm.dll+0x880e13]  (no source info available)
V  [jvm.dll+0x27b006]  (no source info available)
V  [jvm.dll+0xbc06f]  (no source info available)
V  [jvm.dll+0xbc2cb]  (no source info available)
V  [jvm.dll+0x3b3c22]  (no source info available)
V  [jvm.dll+0x38a55b]  (no source info available)
V  [jvm.dll+0x3899ca]  (no source info available)
V  [jvm.dll+0x244ba1]  (no source info available)
V  [jvm.dll+0x243eff]  (no source info available)
V  [jvm.dll+0x1c34b0]  (no source info available)
V  [jvm.dll+0x253df1]  (no source info available)
V  [jvm.dll+0x2520aa]  (no source info available)
V  [jvm.dll+0x3ee226]  (no source info available)
V  [jvm.dll+0x8254cb]  (no source info available)
V  [jvm.dll+0x6df345]  (no source info available)
C  [ucrtbase.dll+0x21bb2]  (no source info available)
C  [KERNEL32.DLL+0x17374]  (no source info available)
C  [ntdll.dll+0x4cc91]  (no source info available)

Lock stack of current Java thread (top to bottom):


---------------  P R O C E S S  ---------------

Threads class SMR info:
_java_thread_list=0x0000020f45e6c520, length=16, elements={
0x0000020f55f1d820, 0x0000020f745f0140, 0x0000020f745f0da0, 0x0000020f745f4950,
0x0000020f745f7650, 0x0000020f745f80b0, 0x0000020f745f8b10, 0x0000020f745fb8b0,
0x0000020f746192f0, 0x0000020f450bdb60, 0x0000020f453f09c0, 0x0000020f453f3040,
0x0000020f45f4ff60, 0x0000020f45e53760, 0x0000020f46038fd0, 0x0000020f46114480
}

Java Threads: ( => current thread )
  0x0000020f55f1d820 JavaThread "main"                              [_thread_blocked, id=15808, stack(0x00000035f0800000,0x00000035f0900000) (1024K)]
  0x0000020f745f0140 JavaThread "Reference Handler"          daemon [_thread_blocked, id=13744, stack(0x00000035f1000000,0x00000035f1100000) (1024K)]
  0x0000020f745f0da0 JavaThread "Finalizer"                  daemon [_thread_blocked, id=16140, stack(0x00000035f1100000,0x00000035f1200000) (1024K)]
  0x0000020f745f4950 JavaThread "Signal Dispatcher"          daemon [_thread_blocked, id=9444, stack(0x00000035f1200000,0x00000035f1300000) (1024K)]
  0x0000020f745f7650 JavaThread "Attach Listener"            daemon [_thread_blocked, id=16260, stack(0x00000035f1300000,0x00000035f1400000) (1024K)]
  0x0000020f745f80b0 JavaThread "Service Thread"             daemon [_thread_blocked, id=10772, stack(0x00000035f1400000,0x00000035f1500000) (1024K)]
  0x0000020f745f8b10 JavaThread "Monitor Deflation Thread"   daemon [_thread_blocked, id=16108, stack(0x00000035f1500000,0x00000035f1600000) (1024K)]
=>0x0000020f745fb8b0 JavaThread "C2 CompilerThread0"         daemon [_thread_in_native, id=15132, stack(0x00000035f1600000,0x00000035f1700000) (1024K)]
  0x0000020f746192f0 JavaThread "C1 CompilerThread0"         daemon [_thread_blocked, id=2880, stack(0x00000035f1700000,0x00000035f1800000) (1024K)]
  0x0000020f450bdb60 JavaThread "Common-Cleaner"             daemon [_thread_blocked, id=1756, stack(0x00000035f1800000,0x00000035f1900000) (1024K)]
  0x0000020f453f09c0 JavaThread "Monitor Ctrl-Break"         daemon [_thread_in_native, id=5708, stack(0x00000035f1900000,0x00000035f1a00000) (1024K)]
  0x0000020f453f3040 JavaThread "Notification Thread"        daemon [_thread_blocked, id=11196, stack(0x00000035f1a00000,0x00000035f1b00000) (1024K)]
  0x0000020f45f4ff60 JavaThread "Thread-0"                          [_thread_blocked, id=6116, stack(0x00000035f1e00000,0x00000035f1f00000) (1024K)]
  0x0000020f45e53760 JavaThread "restartedMain"                     [_thread_in_vm, id=10592, stack(0x00000035f1f00000,0x00000035f2000000) (1024K)]
  0x0000020f46038fd0 JavaThread "C2 CompilerThread1"         daemon [_thread_in_native, id=1580, stack(0x00000035f2000000,0x00000035f2100000) (1024K)]
  0x0000020f46114480 JavaThread "background-preinit"                [_thread_in_vm, id=14404, stack(0x00000035f2100000,0x00000035f2200000) (1024K)]
Total: 16

Other Threads:
  0x0000020f745d4420 VMThread "VM Thread"                           [id=12444, stack(0x00000035f0f00000,0x00000035f1000000) (1024K)]
  0x0000020f745c2f50 WatcherThread "VM Periodic Task Thread"        [id=14604, stack(0x00000035f0e00000,0x00000035f0f00000) (1024K)]
  0x0000020f581e4ba0 WorkerThread "GC Thread#0"                     [id=15532, stack(0x00000035f0900000,0x00000035f0a00000) (1024K)]
  0x0000020f4584ce20 WorkerThread "GC Thread#1"                     [id=10688, stack(0x00000035f1b00000,0x00000035f1c00000) (1024K)]
  0x0000020f4584d1d0 WorkerThread "GC Thread#2"                     [id=13036, stack(0x00000035f1c00000,0x00000035f1d00000) (1024K)]
  0x0000020f458d17a0 WorkerThread "GC Thread#3"                     [id=9032, stack(0x00000035f1d00000,0x00000035f1e00000) (1024K)]
  0x0000020f581f9800 ConcurrentGCThread "G1 Main Marker"            [id=11212, stack(0x00000035f0a00000,0x00000035f0b00000) (1024K)]
  0x0000020f581faab0 WorkerThread "G1 Conc#0"                       [id=10492, stack(0x00000035f0b00000,0x00000035f0c00000) (1024K)]
  0x0000020f5824e050 ConcurrentGCThread "G1 Refine#0"               [id=14984, stack(0x00000035f0c00000,0x00000035f0d00000) (1024K)]
  0x0000020f74497500 ConcurrentGCThread "G1 Service"                [id=13988, stack(0x00000035f0d00000,0x00000035f0e00000) (1024K)]
Total: 10

Threads with active compile tasks:
C2 CompilerThread0  2514 2436   !   4       java.net.URL::<init> (543 bytes)
C2 CompilerThread1  2514 2327       4       java.lang.invoke.MethodType::methodType (69 bytes)
Total: 2

VM state: not at safepoint (normal execution)

VM Mutex/Monitor currently owned by a thread:  ([mutex/lock_event])
[0x00007ff9d7ee2888] Metaspace_lock - owner thread: 0x0000020f46114480

Heap address: 0x0000000082400000, size: 2012 MB, Compressed Oops mode: 32-bit

CDS archive(s) mapped at: [0x0000020f00000000-0x0000020f00d70000-0x0000020f00d70000), size 14090240, SharedBaseAddress: 0x0000020f00000000, ArchiveRelocationMode: 1.
Compressed class space mapped at: 0x0000020f01000000-0x0000020f41000000, reserved size: 1073741824
Narrow klass base: 0x0000020f00000000, Narrow klass shift: 0, Narrow klass range: 0x41000000

GC Precious Log:
 CardTable entry size: 512
 Card Set container configuration: InlinePtr #cards 5 size 8 Array Of Cards #cards 10 size 36 Howl #buckets 4 coarsen threshold 1843 Howl Bitmap #cards 512 size 80 coarsen threshold 460 Card regions per heap region 1 cards per card region 2048
 CPUs: 4 total, 4 available
 Memory: 8047M
 Large Page Support: Disabled
 NUMA Support: Disabled
 Compressed Oops: Enabled (32-bit)
 Heap Region Size: 1M
 Heap Min Capacity: 8M
 Heap Initial Capacity: 126M
 Heap Max Capacity: 2012M
 Pre-touch: Disabled
 Parallel Workers: 4
 Concurrent Workers: 1
 Concurrent Refinement Workers: 4
 Periodic GC: Disabled

Heap:
 garbage-first heap   total reserved 2060288K, committed 129024K, used 26189K [0x0000000082400000, 0x0000000100000000)
  region size 1024K, 21 young (21504K), 4 survivors (4096K)
 Metaspace       used 19356K, committed 19712K, reserved 1114112K
  class space    used 2590K, committed 2752K, reserved 1048576K

Heap Regions: E=young(eden), S=young(survivor), O=old, HS=humongous(starts), HC=humongous(continues), CS=collection set, F=free, TAMS=top-at-mark-start, PB=parsable bottom
|   0|0x0000000082400000, 0x0000000082500000, 0x0000000082500000|100%|HS|  |TAMS 0x0000000082400000| PB 0x0000000082400000| Complete |  0
|   1|0x0000000082500000, 0x0000000082600000, 0x0000000082600000|100%| O|  |TAMS 0x0000000082500000| PB 0x0000000082500000| Untracked |  0
|   2|0x0000000082600000, 0x0000000082700000, 0x0000000082700000|100%| O|  |TAMS 0x0000000082600000| PB 0x0000000082600000| Untracked |  0
|   3|0x0000000082700000, 0x0000000082800000, 0x0000000082800000|100%| O|  |TAMS 0x0000000082700000| PB 0x0000000082700000| Untracked |  0
|   4|0x0000000082800000, 0x0000000082900000, 0x0000000082900000|100%| O|  |TAMS 0x0000000082800000| PB 0x0000000082800000| Untracked |  0
|   5|0x0000000082900000, 0x0000000082a00000, 0x0000000082a00000|100%| O|  |TAMS 0x0000000082900000| PB 0x0000000082900000| Untracked |  0
|   6|0x0000000082a00000, 0x0000000082a93e58, 0x0000000082b00000| 57%| O|  |TAMS 0x0000000082a00000| PB 0x0000000082a00000| Untracked |  0
|   7|0x0000000082b00000, 0x0000000082b00000, 0x0000000082c00000|  0%| F|  |TAMS 0x0000000082b00000| PB 0x0000000082b00000| Untracked |  0
|   8|0x0000000082c00000, 0x0000000082c00000, 0x0000000082d00000|  0%| F|  |TAMS 0x0000000082c00000| PB 0x0000000082c00000| Untracked |  0
|   9|0x0000000082d00000, 0x0000000082d00000, 0x0000000082e00000|  0%| F|  |TAMS 0x0000000082d00000| PB 0x0000000082d00000| Untracked |  0
|  10|0x0000000082e00000, 0x0000000082e00000, 0x0000000082f00000|  0%| F|  |TAMS 0x0000000082e00000| PB 0x0000000082e00000| Untracked |  0
|  11|0x0000000082f00000, 0x0000000082f00000, 0x0000000083000000|  0%| F|  |TAMS 0x0000000082f00000| PB 0x0000000082f00000| Untracked |  0
|  12|0x0000000083000000, 0x0000000083000000, 0x0000000083100000|  0%| F|  |TAMS 0x0000000083000000| PB 0x0000000083000000| Untracked |  0
|  13|0x0000000083100000, 0x0000000083100000, 0x0000000083200000|  0%| F|  |TAMS 0x0000000083100000| PB 0x0000000083100000| Untracked |  0
|  14|0x0000000083200000, 0x0000000083200000, 0x0000000083300000|  0%| F|  |TAMS 0x0000000083200000| PB 0x0000000083200000| Untracked |  0
|  15|0x0000000083300000, 0x0000000083300000, 0x0000000083400000|  0%| F|  |TAMS 0x0000000083300000| PB 0x0000000083300000| Untracked |  0
|  16|0x0000000083400000, 0x0000000083400000, 0x0000000083500000|  0%| F|  |TAMS 0x0000000083400000| PB 0x0000000083400000| Untracked |  0
|  17|0x0000000083500000, 0x0000000083500000, 0x0000000083600000|  0%| F|  |TAMS 0x0000000083500000| PB 0x0000000083500000| Untracked |  0
|  18|0x0000000083600000, 0x0000000083600000, 0x0000000083700000|  0%| F|  |TAMS 0x0000000083600000| PB 0x0000000083600000| Untracked |  0
|  19|0x0000000083700000, 0x0000000083700000, 0x0000000083800000|  0%| F|  |TAMS 0x0000000083700000| PB 0x0000000083700000| Untracked |  0
|  20|0x0000000083800000, 0x0000000083800000, 0x0000000083900000|  0%| F|  |TAMS 0x0000000083800000| PB 0x0000000083800000| Untracked |  0
|  21|0x0000000083900000, 0x0000000083900000, 0x0000000083a00000|  0%| F|  |TAMS 0x0000000083900000| PB 0x0000000083900000| Untracked |  0
|  22|0x0000000083a00000, 0x0000000083a00000, 0x0000000083b00000|  0%| F|  |TAMS 0x0000000083a00000| PB 0x0000000083a00000| Untracked |  0
|  23|0x0000000083b00000, 0x0000000083b00000, 0x0000000083c00000|  0%| F|  |TAMS 0x0000000083b00000| PB 0x0000000083b00000| Untracked |  0
|  24|0x0000000083c00000, 0x0000000083c00000, 0x0000000083d00000|  0%| F|  |TAMS 0x0000000083c00000| PB 0x0000000083c00000| Untracked |  0
|  25|0x0000000083d00000, 0x0000000083d00000, 0x0000000083e00000|  0%| F|  |TAMS 0x0000000083d00000| PB 0x0000000083d00000| Untracked |  0
|  26|0x0000000083e00000, 0x0000000083e00000, 0x0000000083f00000|  0%| F|  |TAMS 0x0000000083e00000| PB 0x0000000083e00000| Untracked |  0
|  27|0x0000000083f00000, 0x0000000083f00000, 0x0000000084000000|  0%| F|  |TAMS 0x0000000083f00000| PB 0x0000000083f00000| Untracked |  0
|  28|0x0000000084000000, 0x0000000084000000, 0x0000000084100000|  0%| F|  |TAMS 0x0000000084000000| PB 0x0000000084000000| Untracked |  0
|  29|0x0000000084100000, 0x0000000084100000, 0x0000000084200000|  0%| F|  |TAMS 0x0000000084100000| PB 0x0000000084100000| Untracked |  0
|  30|0x0000000084200000, 0x0000000084200000, 0x0000000084300000|  0%| F|  |TAMS 0x0000000084200000| PB 0x0000000084200000| Untracked |  0
|  31|0x0000000084300000, 0x0000000084300000, 0x0000000084400000|  0%| F|  |TAMS 0x0000000084300000| PB 0x0000000084300000| Untracked |  0
|  32|0x0000000084400000, 0x0000000084400000, 0x0000000084500000|  0%| F|  |TAMS 0x0000000084400000| PB 0x0000000084400000| Untracked |  0
|  33|0x0000000084500000, 0x0000000084500000, 0x0000000084600000|  0%| F|  |TAMS 0x0000000084500000| PB 0x0000000084500000| Untracked |  0
|  34|0x0000000084600000, 0x0000000084600000, 0x0000000084700000|  0%| F|  |TAMS 0x0000000084600000| PB 0x0000000084600000| Untracked |  0
|  35|0x0000000084700000, 0x0000000084700000, 0x0000000084800000|  0%| F|  |TAMS 0x0000000084700000| PB 0x0000000084700000| Untracked |  0
|  36|0x0000000084800000, 0x0000000084800000, 0x0000000084900000|  0%| F|  |TAMS 0x0000000084800000| PB 0x0000000084800000| Untracked |  0
|  37|0x0000000084900000, 0x0000000084900000, 0x0000000084a00000|  0%| F|  |TAMS 0x0000000084900000| PB 0x0000000084900000| Untracked |  0
|  38|0x0000000084a00000, 0x0000000084a00000, 0x0000000084b00000|  0%| F|  |TAMS 0x0000000084a00000| PB 0x0000000084a00000| Untracked |  0
|  39|0x0000000084b00000, 0x0000000084b00000, 0x0000000084c00000|  0%| F|  |TAMS 0x0000000084b00000| PB 0x0000000084b00000| Untracked |  0
|  40|0x0000000084c00000, 0x0000000084c00000, 0x0000000084d00000|  0%| F|  |TAMS 0x0000000084c00000| PB 0x0000000084c00000| Untracked |  0
|  41|0x0000000084d00000, 0x0000000084d00000, 0x0000000084e00000|  0%| F|  |TAMS 0x0000000084d00000| PB 0x0000000084d00000| Untracked |  0
|  42|0x0000000084e00000, 0x0000000084e00000, 0x0000000084f00000|  0%| F|  |TAMS 0x0000000084e00000| PB 0x0000000084e00000| Untracked |  0
|  43|0x0000000084f00000, 0x0000000084f00000, 0x0000000085000000|  0%| F|  |TAMS 0x0000000084f00000| PB 0x0000000084f00000| Untracked |  0
|  44|0x0000000085000000, 0x0000000085000000, 0x0000000085100000|  0%| F|  |TAMS 0x0000000085000000| PB 0x0000000085000000| Untracked |  0
|  45|0x0000000085100000, 0x0000000085100000, 0x0000000085200000|  0%| F|  |TAMS 0x0000000085100000| PB 0x0000000085100000| Untracked |  0
|  46|0x0000000085200000, 0x0000000085200000, 0x0000000085300000|  0%| F|  |TAMS 0x0000000085200000| PB 0x0000000085200000| Untracked |  0
|  47|0x0000000085300000, 0x0000000085300000, 0x0000000085400000|  0%| F|  |TAMS 0x0000000085300000| PB 0x0000000085300000| Untracked |  0
|  48|0x0000000085400000, 0x0000000085400000, 0x0000000085500000|  0%| F|  |TAMS 0x0000000085400000| PB 0x0000000085400000| Untracked |  0
|  49|0x0000000085500000, 0x0000000085500000, 0x0000000085600000|  0%| F|  |TAMS 0x0000000085500000| PB 0x0000000085500000| Untracked |  0
|  50|0x0000000085600000, 0x0000000085600000, 0x0000000085700000|  0%| F|  |TAMS 0x0000000085600000| PB 0x0000000085600000| Untracked |  0
|  51|0x0000000085700000, 0x0000000085700000, 0x0000000085800000|  0%| F|  |TAMS 0x0000000085700000| PB 0x0000000085700000| Untracked |  0
|  52|0x0000000085800000, 0x0000000085800000, 0x0000000085900000|  0%| F|  |TAMS 0x0000000085800000| PB 0x0000000085800000| Untracked |  0
|  53|0x0000000085900000, 0x0000000085900000, 0x0000000085a00000|  0%| F|  |TAMS 0x0000000085900000| PB 0x0000000085900000| Untracked |  0
|  54|0x0000000085a00000, 0x0000000085a00000, 0x0000000085b00000|  0%| F|  |TAMS 0x0000000085a00000| PB 0x0000000085a00000| Untracked |  0
|  55|0x0000000085b00000, 0x0000000085b00000, 0x0000000085c00000|  0%| F|  |TAMS 0x0000000085b00000| PB 0x0000000085b00000| Untracked |  0
|  56|0x0000000085c00000, 0x0000000085c00000, 0x0000000085d00000|  0%| F|  |TAMS 0x0000000085c00000| PB 0x0000000085c00000| Untracked |  0
|  57|0x0000000085d00000, 0x0000000085d00000, 0x0000000085e00000|  0%| F|  |TAMS 0x0000000085d00000| PB 0x0000000085d00000| Untracked |  0
|  58|0x0000000085e00000, 0x0000000085e00000, 0x0000000085f00000|  0%| F|  |TAMS 0x0000000085e00000| PB 0x0000000085e00000| Untracked |  0
|  59|0x0000000085f00000, 0x0000000085f00000, 0x0000000086000000|  0%| F|  |TAMS 0x0000000085f00000| PB 0x0000000085f00000| Untracked |  0
|  60|0x0000000086000000, 0x0000000086000000, 0x0000000086100000|  0%| F|  |TAMS 0x0000000086000000| PB 0x0000000086000000| Untracked |  0
|  61|0x0000000086100000, 0x0000000086100000, 0x0000000086200000|  0%| F|  |TAMS 0x0000000086100000| PB 0x0000000086100000| Untracked |  0
|  62|0x0000000086200000, 0x0000000086200000, 0x0000000086300000|  0%| F|  |TAMS 0x0000000086200000| PB 0x0000000086200000| Untracked |  0
|  63|0x0000000086300000, 0x0000000086300000, 0x0000000086400000|  0%| F|  |TAMS 0x0000000086300000| PB 0x0000000086300000| Untracked |  0
|  64|0x0000000086400000, 0x0000000086400000, 0x0000000086500000|  0%| F|  |TAMS 0x0000000086400000| PB 0x0000000086400000| Untracked |  0
|  65|0x0000000086500000, 0x0000000086500000, 0x0000000086600000|  0%| F|  |TAMS 0x0000000086500000| PB 0x0000000086500000| Untracked |  0
|  66|0x0000000086600000, 0x0000000086600000, 0x0000000086700000|  0%| F|  |TAMS 0x0000000086600000| PB 0x0000000086600000| Untracked |  0
|  67|0x0000000086700000, 0x0000000086700000, 0x0000000086800000|  0%| F|  |TAMS 0x0000000086700000| PB 0x0000000086700000| Untracked |  0
|  68|0x0000000086800000, 0x0000000086800000, 0x0000000086900000|  0%| F|  |TAMS 0x0000000086800000| PB 0x0000000086800000| Untracked |  0
|  69|0x0000000086900000, 0x0000000086900000, 0x0000000086a00000|  0%| F|  |TAMS 0x0000000086900000| PB 0x0000000086900000| Untracked |  0
|  70|0x0000000086a00000, 0x0000000086a00000, 0x0000000086b00000|  0%| F|  |TAMS 0x0000000086a00000| PB 0x0000000086a00000| Untracked |  0
|  71|0x0000000086b00000, 0x0000000086b00000, 0x0000000086c00000|  0%| F|  |TAMS 0x0000000086b00000| PB 0x0000000086b00000| Untracked |  0
|  72|0x0000000086c00000, 0x0000000086c00000, 0x0000000086d00000|  0%| F|  |TAMS 0x0000000086c00000| PB 0x0000000086c00000| Untracked |  0
|  73|0x0000000086d00000, 0x0000000086d00000, 0x0000000086e00000|  0%| F|  |TAMS 0x0000000086d00000| PB 0x0000000086d00000| Untracked |  0
|  74|0x0000000086e00000, 0x0000000086e00000, 0x0000000086f00000|  0%| F|  |TAMS 0x0000000086e00000| PB 0x0000000086e00000| Untracked |  0
|  75|0x0000000086f00000, 0x0000000086f00000, 0x0000000087000000|  0%| F|  |TAMS 0x0000000086f00000| PB 0x0000000086f00000| Untracked |  0
|  76|0x0000000087000000, 0x0000000087000000, 0x0000000087100000|  0%| F|  |TAMS 0x0000000087000000| PB 0x0000000087000000| Untracked |  0
|  77|0x0000000087100000, 0x0000000087100000, 0x0000000087200000|  0%| F|  |TAMS 0x0000000087100000| PB 0x0000000087100000| Untracked |  0
|  78|0x0000000087200000, 0x0000000087200000, 0x0000000087300000|  0%| F|  |TAMS 0x0000000087200000| PB 0x0000000087200000| Untracked |  0
|  79|0x0000000087300000, 0x0000000087300000, 0x0000000087400000|  0%| F|  |TAMS 0x0000000087300000| PB 0x0000000087300000| Untracked |  0
|  80|0x0000000087400000, 0x0000000087400000, 0x0000000087500000|  0%| F|  |TAMS 0x0000000087400000| PB 0x0000000087400000| Untracked |  0
|  81|0x0000000087500000, 0x0000000087500000, 0x0000000087600000|  0%| F|  |TAMS 0x0000000087500000| PB 0x0000000087500000| Untracked |  0
|  82|0x0000000087600000, 0x0000000087600000, 0x0000000087700000|  0%| F|  |TAMS 0x0000000087600000| PB 0x0000000087600000| Untracked |  0
|  83|0x0000000087700000, 0x0000000087700000, 0x0000000087800000|  0%| F|  |TAMS 0x0000000087700000| PB 0x0000000087700000| Untracked |  0
|  84|0x0000000087800000, 0x0000000087800000, 0x0000000087900000|  0%| F|  |TAMS 0x0000000087800000| PB 0x0000000087800000| Untracked |  0
|  85|0x0000000087900000, 0x0000000087900000, 0x0000000087a00000|  0%| F|  |TAMS 0x0000000087900000| PB 0x0000000087900000| Untracked |  0
|  86|0x0000000087a00000, 0x0000000087a00000, 0x0000000087b00000|  0%| F|  |TAMS 0x0000000087a00000| PB 0x0000000087a00000| Untracked |  0
|  87|0x0000000087b00000, 0x0000000087b00000, 0x0000000087c00000|  0%| F|  |TAMS 0x0000000087b00000| PB 0x0000000087b00000| Untracked |  0
|  88|0x0000000087c00000, 0x0000000087cff800, 0x0000000087d00000| 99%| S|CS|TAMS 0x0000000087c00000| PB 0x0000000087c00000| Complete |  0
|  89|0x0000000087d00000, 0x0000000087e00000, 0x0000000087e00000|100%| S|CS|TAMS 0x0000000087d00000| PB 0x0000000087d00000| Complete |  0
|  90|0x0000000087e00000, 0x0000000087f00000, 0x0000000087f00000|100%| S|CS|TAMS 0x0000000087e00000| PB 0x0000000087e00000| Complete |  0
|  91|0x0000000087f00000, 0x0000000088000000, 0x0000000088000000|100%| S|CS|TAMS 0x0000000087f00000| PB 0x0000000087f00000| Complete |  0
|  92|0x0000000088000000, 0x0000000088000000, 0x0000000088100000|  0%| F|  |TAMS 0x0000000088000000| PB 0x0000000088000000| Untracked |  0
|  93|0x0000000088100000, 0x0000000088100000, 0x0000000088200000|  0%| F|  |TAMS 0x0000000088100000| PB 0x0000000088100000| Untracked |  0
|  94|0x0000000088200000, 0x0000000088200000, 0x0000000088300000|  0%| F|  |TAMS 0x0000000088200000| PB 0x0000000088200000| Untracked |  0
|  95|0x0000000088300000, 0x0000000088300000, 0x0000000088400000|  0%| F|  |TAMS 0x0000000088300000| PB 0x0000000088300000| Untracked |  0
|  96|0x0000000088400000, 0x0000000088400000, 0x0000000088500000|  0%| F|  |TAMS 0x0000000088400000| PB 0x0000000088400000| Untracked |  0
|  97|0x0000000088500000, 0x0000000088500000, 0x0000000088600000|  0%| F|  |TAMS 0x0000000088500000| PB 0x0000000088500000| Untracked |  0
|  98|0x0000000088600000, 0x0000000088600000, 0x0000000088700000|  0%| F|  |TAMS 0x0000000088600000| PB 0x0000000088600000| Untracked |  0
|  99|0x0000000088700000, 0x0000000088700000, 0x0000000088800000|  0%| F|  |TAMS 0x0000000088700000| PB 0x0000000088700000| Untracked |  0
| 100|0x0000000088800000, 0x0000000088800000, 0x0000000088900000|  0%| F|  |TAMS 0x0000000088800000| PB 0x0000000088800000| Untracked |  0
| 101|0x0000000088900000, 0x0000000088900000, 0x0000000088a00000|  0%| F|  |TAMS 0x0000000088900000| PB 0x0000000088900000| Untracked |  0
| 102|0x0000000088a00000, 0x0000000088a00000, 0x0000000088b00000|  0%| F|  |TAMS 0x0000000088a00000| PB 0x0000000088a00000| Untracked |  0
| 103|0x0000000088b00000, 0x0000000088b00000, 0x0000000088c00000|  0%| F|  |TAMS 0x0000000088b00000| PB 0x0000000088b00000| Untracked |  0
| 104|0x0000000088c00000, 0x0000000088c00000, 0x0000000088d00000|  0%| F|  |TAMS 0x0000000088c00000| PB 0x0000000088c00000| Untracked |  0
| 105|0x0000000088d00000, 0x0000000088d00000, 0x0000000088e00000|  0%| F|  |TAMS 0x0000000088d00000| PB 0x0000000088d00000| Untracked |  0
| 106|0x0000000088e00000, 0x0000000088e00000, 0x0000000088f00000|  0%| F|  |TAMS 0x0000000088e00000| PB 0x0000000088e00000| Untracked |  0
| 107|0x0000000088f00000, 0x0000000088f00000, 0x0000000089000000|  0%| F|  |TAMS 0x0000000088f00000| PB 0x0000000088f00000| Untracked |  0
| 108|0x0000000089000000, 0x0000000089000000, 0x0000000089100000|  0%| F|  |TAMS 0x0000000089000000| PB 0x0000000089000000| Untracked |  0
| 109|0x0000000089100000, 0x000000008912fa28, 0x0000000089200000| 18%| E|  |TAMS 0x0000000089100000| PB 0x0000000089100000| Complete |  0
| 110|0x0000000089200000, 0x0000000089300000, 0x0000000089300000|100%| E|CS|TAMS 0x0000000089200000| PB 0x0000000089200000| Complete |  0
| 111|0x0000000089300000, 0x0000000089400000, 0x0000000089400000|100%| E|CS|TAMS 0x0000000089300000| PB 0x0000000089300000| Complete |  0
| 112|0x0000000089400000, 0x0000000089500000, 0x0000000089500000|100%| E|CS|TAMS 0x0000000089400000| PB 0x0000000089400000| Complete |  0
| 113|0x0000000089500000, 0x0000000089600000, 0x0000000089600000|100%| E|CS|TAMS 0x0000000089500000| PB 0x0000000089500000| Complete |  0
| 114|0x0000000089600000, 0x0000000089700000, 0x0000000089700000|100%| E|CS|TAMS 0x0000000089600000| PB 0x0000000089600000| Complete |  0
| 115|0x0000000089700000, 0x0000000089800000, 0x0000000089800000|100%| E|CS|TAMS 0x0000000089700000| PB 0x0000000089700000| Complete |  0
| 116|0x0000000089800000, 0x0000000089900000, 0x0000000089900000|100%| E|CS|TAMS 0x0000000089800000| PB 0x0000000089800000| Complete |  0
| 117|0x0000000089900000, 0x0000000089a00000, 0x0000000089a00000|100%| E|  |TAMS 0x0000000089900000| PB 0x0000000089900000| Complete |  0
| 118|0x0000000089a00000, 0x0000000089b00000, 0x0000000089b00000|100%| E|CS|TAMS 0x0000000089a00000| PB 0x0000000089a00000| Complete |  0
| 119|0x0000000089b00000, 0x0000000089c00000, 0x0000000089c00000|100%| E|CS|TAMS 0x0000000089b00000| PB 0x0000000089b00000| Complete |  0
| 120|0x0000000089c00000, 0x0000000089d00000, 0x0000000089d00000|100%| E|CS|TAMS 0x0000000089c00000| PB 0x0000000089c00000| Complete |  0
| 121|0x0000000089d00000, 0x0000000089e00000, 0x0000000089e00000|100%| E|CS|TAMS 0x0000000089d00000| PB 0x0000000089d00000| Complete |  0
| 122|0x0000000089e00000, 0x0000000089f00000, 0x0000000089f00000|100%| E|CS|TAMS 0x0000000089e00000| PB 0x0000000089e00000| Complete |  0
| 123|0x0000000089f00000, 0x000000008a000000, 0x000000008a000000|100%| E|CS|TAMS 0x0000000089f00000| PB 0x0000000089f00000| Complete |  0
| 124|0x000000008a000000, 0x000000008a100000, 0x000000008a100000|100%| E|CS|TAMS 0x000000008a000000| PB 0x000000008a000000| Complete |  0
| 125|0x000000008a100000, 0x000000008a200000, 0x000000008a200000|100%| E|CS|TAMS 0x000000008a100000| PB 0x000000008a100000| Complete |  0

Card table byte_map: [0x0000020f6fcb0000,0x0000020f700a0000] _byte_map_base: 0x0000020f6f89e000

Marking Bits: (CMBitMap*) 0x0000020f581e52b0
 Bits: [0x0000020f700a0000, 0x0000020f72010000)

Polling page: 0x0000020f55ec0000

Metaspace:

Usage:
  Non-class:     16.37 MB used.
      Class:      2.53 MB used.
       Both:     18.90 MB used.

Virtual space:
  Non-class space:       64.00 MB reserved,      16.56 MB ( 26%) committed,  1 nodes.
      Class space:        1.00 GB reserved,       2.69 MB ( <1%) committed,  1 nodes.
             Both:        1.06 GB reserved,      19.25 MB (  2%) committed. 

Chunk freelists:
   Non-Class:  15.23 MB
       Class:  13.27 MB
        Both:  28.50 MB

MaxMetaspaceSize: unlimited
CompressedClassSpaceSize: 1.00 GB
Initial GC threshold: 21.00 MB
Current GC threshold: 21.00 MB
CDS: on
 - commit_granule_bytes: 65536.
 - commit_granule_words: 8192.
 - virtual_space_node_default_size: 8388608.
 - enlarge_chunks_in_place: 1.
 - use_allocation_guard: 0.


Internal statistics:

num_allocs_failed_limit: 0.
num_arena_births: 452.
num_arena_deaths: 0.
num_vsnodes_births: 2.
num_vsnodes_deaths: 0.
num_space_committed: 308.
num_space_uncommitted: 0.
num_chunks_returned_to_freelist: 0.
num_chunks_taken_from_freelist: 1123.
num_chunk_merges: 0.
num_chunk_splits: 726.
num_chunks_enlarged: 477.
num_inconsistent_stats: 0.

CodeHeap 'non-profiled nmethods': size=120064Kb used=760Kb max_used=760Kb free=119303Kb
 bounds [0x0000020f68380000, 0x0000020f685f0000, 0x0000020f6f8c0000]
CodeHeap 'profiled nmethods': size=120000Kb used=3788Kb max_used=3788Kb free=116212Kb
 bounds [0x0000020f608c0000, 0x0000020f60c80000, 0x0000020f67df0000]
CodeHeap 'non-nmethods': size=5696Kb used=1461Kb max_used=1490Kb free=4234Kb
 bounds [0x0000020f67df0000, 0x0000020f68060000, 0x0000020f68380000]
CodeCache: size=245760Kb, used=6009Kb, max_used=6038Kb, free=239749Kb
 total_blobs=3214, nmethods=2660, adapters=459, full_count=0
Compilation: enabled, stopped_count=0, restarted_count=0

Compilation events (20 events):
Event: 2.384 Thread 0x0000020f746192f0 2534       3       java.lang.classfile.instruction.ReturnInstruction::of (8 bytes)
Event: 2.384 Thread 0x0000020f746192f0 nmethod 2534 0x0000020f60c2c708 code [0x0000020f60c2c880, 0x0000020f60c2cd00]
Event: 2.384 Thread 0x0000020f746192f0 2535       3       jdk.internal.classfile.impl.BytecodeHelpers::returnOpcode (108 bytes)
Event: 2.385 Thread 0x0000020f746192f0 nmethod 2535 0x0000020f60c2cd88 code [0x0000020f60c2cf00, 0x0000020f60c2d338]
Event: 2.385 Thread 0x0000020f746192f0 2536       3       java.lang.classfile.instruction.StackInstruction::of (16 bytes)
Event: 2.386 Thread 0x0000020f746192f0 nmethod 2536 0x0000020f60c2d388 code [0x0000020f60c2d4e0, 0x0000020f60c2d8d0]
Event: 2.386 Thread 0x0000020f746192f0 2537       3       java.lang.classfile.CodeBuilder::loadConstant (465 bytes)
Event: 2.390 Thread 0x0000020f746192f0 nmethod 2537 0x0000020f60c2d988 code [0x0000020f60c2e180, 0x0000020f60c33e28]
Event: 2.391 Thread 0x0000020f746192f0 2538       3       java.lang.classfile.CodeBuilder::invokevirtual (11 bytes)
Event: 2.392 Thread 0x0000020f746192f0 nmethod 2538 0x0000020f60c33f88 code [0x0000020f60c34120, 0x0000020f60c348f0]
Event: 2.392 Thread 0x0000020f746192f0 2539       3       java.util.TreeMap::fixAfterInsertion (267 bytes)
Event: 2.397 Thread 0x0000020f746192f0 nmethod 2539 0x0000020f60c34988 code [0x0000020f60c34dc0, 0x0000020f60c37108]
Event: 2.397 Thread 0x0000020f746192f0 2540       3       java.lang.Integer::compareTo (9 bytes)
Event: 2.397 Thread 0x0000020f746192f0 nmethod 2540 0x0000020f60c37188 code [0x0000020f60c372c0, 0x0000020f60c37640]
Event: 2.397 Thread 0x0000020f746192f0 2541       3       java.lang.Integer::compareTo (12 bytes)
Event: 2.397 Thread 0x0000020f746192f0 nmethod 2541 0x0000020f60c37688 code [0x0000020f60c377c0, 0x0000020f60c37a08]
Event: 2.398 Thread 0x0000020f746192f0 2542       3       org.springframework.util.ConcurrentReferenceHashMap::computeIfAbsent (68 bytes)
Event: 2.399 Thread 0x0000020f746192f0 nmethod 2542 0x0000020f60c37a88 code [0x0000020f60c37c40, 0x0000020f60c38620]
Event: 2.400 Thread 0x0000020f746192f0 2543       3       org.springframework.core.annotation.AnnotationsScanner::getDeclaredAnnotations (167 bytes)
Event: 2.401 Thread 0x0000020f746192f0 nmethod 2543 0x0000020f60c38688 code [0x0000020f60c38900, 0x0000020f60c39c58]

GC Heap History (6 events):
Event: 0.757 GC heap before
{Heap before GC invocations=0 (full 0):
 garbage-first heap   total reserved 2060288K, committed 129024K, used 14336K [0x0000000082400000, 0x0000000100000000)
  region size 1024K, 14 young (14336K), 0 survivors (0K)
 Metaspace       used 3417K, committed 3648K, reserved 1114112K
  class space    used 372K, committed 512K, reserved 1048576K
}
Event: 0.763 GC heap after
{Heap after GC invocations=1 (full 0):
 garbage-first heap   total reserved 2060288K, committed 129024K, used 6961K [0x0000000082400000, 0x0000000100000000)
  region size 1024K, 2 young (2048K), 2 survivors (2048K)
 Metaspace       used 3417K, committed 3648K, reserved 1114112K
  class space    used 372K, committed 512K, reserved 1048576K
}
Event: 1.076 GC heap before
{Heap before GC invocations=1 (full 0):
 garbage-first heap   total reserved 2060288K, committed 129024K, used 18225K [0x0000000082400000, 0x0000000100000000)
  region size 1024K, 13 young (13312K), 2 survivors (2048K)
 Metaspace       used 5974K, committed 6208K, reserved 1114112K
  class space    used 719K, committed 832K, reserved 1048576K
}
Event: 1.079 GC heap after
{Heap after GC invocations=2 (full 0):
 garbage-first heap   total reserved 2060288K, committed 129024K, used 7451K [0x0000000082400000, 0x0000000100000000)
  region size 1024K, 1 young (1024K), 1 survivors (1024K)
 Metaspace       used 5974K, committed 6208K, reserved 1114112K
  class space    used 719K, committed 832K, reserved 1048576K
}
Event: 2.113 GC heap before
{Heap before GC invocations=2 (full 0):
 garbage-first heap   total reserved 2060288K, committed 129024K, used 40219K [0x0000000082400000, 0x0000000100000000)
  region size 1024K, 34 young (34816K), 1 survivors (1024K)
 Metaspace       used 15121K, committed 15488K, reserved 1114112K
  class space    used 2072K, committed 2240K, reserved 1048576K
}
Event: 2.120 GC heap after
{Heap after GC invocations=3 (full 0):
 garbage-first heap   total reserved 2060288K, committed 129024K, used 10829K [0x0000000082400000, 0x0000000100000000)
  region size 1024K, 4 young (4096K), 4 survivors (4096K)
 Metaspace       used 15121K, committed 15488K, reserved 1114112K
  class space    used 2072K, committed 2240K, reserved 1048576K
}

Dll operation events (11 events):
Event: 0.019 Loaded shared library C:\Users\Shree\.jdks\openjdk-23.0.2\bin\java.dll
Event: 0.073 Loaded shared library C:\Users\Shree\.jdks\openjdk-23.0.2\bin\jsvml.dll
Event: 0.278 Loaded shared library C:\Users\Shree\.jdks\openjdk-23.0.2\bin\zip.dll
Event: 0.281 Loaded shared library C:\Users\Shree\.jdks\openjdk-23.0.2\bin\instrument.dll
Event: 0.287 Loaded shared library C:\Users\Shree\.jdks\openjdk-23.0.2\bin\net.dll
Event: 0.289 Loaded shared library C:\Users\Shree\.jdks\openjdk-23.0.2\bin\nio.dll
Event: 0.294 Loaded shared library C:\Users\Shree\.jdks\openjdk-23.0.2\bin\zip.dll
Event: 0.440 Loaded shared library C:\Users\Shree\.jdks\openjdk-23.0.2\bin\extnet.dll
Event: 0.467 Loaded shared library C:\Users\Shree\.jdks\openjdk-23.0.2\bin\jimage.dll
Event: 0.955 Loaded shared library C:\Users\Shree\.jdks\openjdk-23.0.2\bin\management.dll
Event: 0.962 Loaded shared library C:\Users\Shree\.jdks\openjdk-23.0.2\bin\management_ext.dll

Deoptimization events (20 events):
Event: 2.239 Thread 0x0000020f45e53760 DEOPT PACKING pc=0x0000020f683bba48 sp=0x00000035f1ffde30
Event: 2.239 Thread 0x0000020f45e53760 DEOPT UNPACKING pc=0x0000020f67e44402 sp=0x00000035f1ffddb8 mode 2
Event: 2.243 Thread 0x0000020f45e53760 Uncommon trap: trap_request=0xffffff45 fr.pc=0x0000020f6839a750 relative=0x0000000000000050
Event: 2.243 Thread 0x0000020f45e53760 Uncommon trap: reason=unstable_if action=reinterpret pc=0x0000020f6839a750 method=sun.nio.fs.WindowsPathParser.isSlash(C)Z @ 9 c2
Event: 2.243 Thread 0x0000020f45e53760 DEOPT PACKING pc=0x0000020f6839a750 sp=0x00000035f1ffe010
Event: 2.243 Thread 0x0000020f45e53760 DEOPT UNPACKING pc=0x0000020f67e44402 sp=0x00000035f1ffdf98 mode 2
Event: 2.252 Thread 0x0000020f45e53760 DEOPT PACKING pc=0x0000020f60ac5b3c sp=0x00000035f1ffd900
Event: 2.252 Thread 0x0000020f45e53760 DEOPT UNPACKING pc=0x0000020f67e44b22 sp=0x00000035f1ffce20 mode 0
Event: 2.303 Thread 0x0000020f45e53760 Uncommon trap: trap_request=0xffffff45 fr.pc=0x0000020f6840eddc relative=0x000000000000031c
Event: 2.303 Thread 0x0000020f45e53760 Uncommon trap: reason=unstable_if action=reinterpret pc=0x0000020f6840eddc method=java.lang.CharacterDataLatin1.equalsIgnoreCase(BB)Z @ 54 c2
Event: 2.303 Thread 0x0000020f45e53760 DEOPT PACKING pc=0x0000020f6840eddc sp=0x00000035f1ffc470
Event: 2.303 Thread 0x0000020f45e53760 DEOPT UNPACKING pc=0x0000020f67e44402 sp=0x00000035f1ffc2c8 mode 2
Event: 2.303 Thread 0x0000020f45e53760 Uncommon trap: trap_request=0xffffff45 fr.pc=0x0000020f6840dc00 relative=0x0000000000000080
Event: 2.303 Thread 0x0000020f45e53760 Uncommon trap: reason=unstable_if action=reinterpret pc=0x0000020f6840dc00 method=java.lang.CharacterDataLatin1.equalsIgnoreCase(BB)Z @ 54 c2
Event: 2.304 Thread 0x0000020f45e53760 DEOPT PACKING pc=0x0000020f6840dc00 sp=0x00000035f1ffc330
Event: 2.304 Thread 0x0000020f45e53760 DEOPT UNPACKING pc=0x0000020f67e44402 sp=0x00000035f1ffc2c0 mode 2
Event: 2.399 Thread 0x0000020f45e53760 Uncommon trap: trap_request=0xffffff45 fr.pc=0x0000020f68432218 relative=0x00000000000000f8
Event: 2.399 Thread 0x0000020f45e53760 Uncommon trap: reason=unstable_if action=reinterpret pc=0x0000020f68432218 method=java.util.Arrays.equals([Ljava/lang/Object;[Ljava/lang/Object;)Z @ 44 c2
Event: 2.399 Thread 0x0000020f45e53760 DEOPT PACKING pc=0x0000020f68432218 sp=0x00000035f1ffd7a0
Event: 2.399 Thread 0x0000020f45e53760 DEOPT UNPACKING pc=0x0000020f67e44402 sp=0x00000035f1ffd740 mode 2

Classes loaded (20 events):
Event: 2.277 Loading class sun/nio/ch/SelChImpl done
Event: 2.277 Loading class java/nio/channels/SocketChannel
Event: 2.277 Loading class java/nio/channels/NetworkChannel
Event: 2.277 Loading class java/nio/channels/NetworkChannel done
Event: 2.277 Loading class java/nio/channels/spi/AbstractSelectableChannel
Event: 2.277 Loading class java/nio/channels/SelectableChannel
Event: 2.277 Loading class java/nio/channels/SelectableChannel done
Event: 2.277 Loading class java/nio/channels/spi/AbstractSelectableChannel done
Event: 2.277 Loading class java/nio/channels/SocketChannel done
Event: 2.277 Loading class sun/nio/ch/SocketChannelImpl done
Event: 2.277 Loading class sun/nio/ch/ChannelInputStream
Event: 2.278 Loading class sun/nio/ch/ChannelInputStream done
Event: 2.281 Loading class sun/nio/ch/IOStatus
Event: 2.281 Loading class sun/nio/ch/IOStatus done
Event: 2.338 Loading class java/lang/reflect/MalformedParametersException
Event: 2.338 Loading class java/lang/reflect/MalformedParametersException done
Event: 2.400 Loading class java/beans/Transient
Event: 2.400 Loading class java/beans/Transient done
Event: 2.400 Loading class java/beans/ConstructorProperties
Event: 2.400 Loading class java/beans/ConstructorProperties done

Classes unloaded (0 events):
No events

Classes redefined (0 events):
No events

Internal exceptions (20 events):
Event: 1.455 Thread 0x0000020f45e53760 Exception <a 'java/lang/NoSuchMethodError'{0x00000000895a14d8}: 'int java.lang.invoke.DirectMethodHandle$Holder.invokeStaticInit(java.lang.Object, double, double)'> (0x00000000895a14d8) 
thrown [s\open\src\hotspot\share\interpreter\linkResolver.cpp, line 796]
Event: 1.455 Thread 0x0000020f45e53760 Exception <a 'java/lang/NoSuchMethodError'{0x00000000895a5cf8}: 'int java.lang.invoke.DirectMethodHandle$Holder.invokeStatic(java.lang.Object, long)'> (0x00000000895a5cf8) 
thrown [s\open\src\hotspot\share\interpreter\linkResolver.cpp, line 796]
Event: 1.459 Thread 0x0000020f45e53760 Exception <a 'java/lang/NoSuchMethodError'{0x00000000895c8af0}: 'int java.lang.invoke.Invokers$Holder.linkToTargetMethod(java.lang.Object, java.lang.Object)'> (0x00000000895c8af0) 
thrown [s\open\src\hotspot\share\interpreter\linkResolver.cpp, line 796]
Event: 1.483 Thread 0x0000020f45e53760 Exception <a 'java/lang/NoSuchMethodError'{0x000000008944c430}: 'java.lang.Object java.lang.invoke.DirectMethodHandle$Holder.invokeSpecial(java.lang.Object, java.lang.Object, java.lang.Object, int, java.lang.Object)'> (0x000000008944c430) 
thrown [s\open\src\hotspot\share\interpreter\linkResolver.cpp, line 796]
Event: 1.484 Thread 0x0000020f45e53760 Exception <a 'java/lang/NoSuchMethodError'{0x0000000089453dc0}: 'java.lang.Object java.lang.invoke.DirectMethodHandle$Holder.newInvokeSpecial(java.lang.Object, java.lang.Object, java.lang.Object, int, java.lang.Object)'> (0x0000000089453dc0) 
thrown [s\open\src\hotspot\share\interpreter\linkResolver.cpp, line 796]
Event: 1.485 Thread 0x0000020f45e53760 Exception <a 'java/lang/NoSuchMethodError'{0x0000000089457d88}: 'java.lang.Object java.lang.invoke.DirectMethodHandle$Holder.invokeSpecial(java.lang.Object, java.lang.Object, java.lang.Object, java.lang.Object, int, java.lang.Object)'> (0x0000000089457d88) 
thrown [s\open\src\hotspot\share\interpreter\linkResolver.cpp, line 796]
Event: 1.485 Thread 0x0000020f45e53760 Exception <a 'java/lang/NoSuchMethodError'{0x000000008945b620}: 'java.lang.Object java.lang.invoke.Invokers$Holder.linkToTargetMethod(java.lang.Object, java.lang.Object, int, java.lang.Object, java.lang.Object)'> (0x000000008945b620) 
thrown [s\open\src\hotspot\share\interpreter\linkResolver.cpp, line 796]
Event: 1.486 Thread 0x0000020f45e53760 Exception <a 'java/lang/NoSuchMethodError'{0x00000000894634a8}: 'int java.lang.invoke.DirectMethodHandle$Holder.invokeStatic(java.lang.Object, int, java.lang.Object, java.lang.Object)'> (0x00000000894634a8) 
thrown [s\open\src\hotspot\share\interpreter\linkResolver.cpp, line 796]
Event: 1.486 Thread 0x0000020f45e53760 Exception <a 'java/lang/NoSuchMethodError'{0x000000008946a930}: 'java.lang.Object java.lang.invoke.DirectMethodHandle$Holder.newInvokeSpecial(java.lang.Object, int, java.lang.Object)'> (0x000000008946a930) 
thrown [s\open\src\hotspot\share\interpreter\linkResolver.cpp, line 796]
Event: 1.487 Thread 0x0000020f45e53760 Exception <a 'java/lang/NoSuchMethodError'{0x000000008946f3f8}: 'int java.lang.invoke.DirectMethodHandle$Holder.invokeSpecialIFC(java.lang.Object, java.lang.Object, java.lang.Object, java.lang.Object)'> (0x000000008946f3f8) 
thrown [s\open\src\hotspot\share\interpreter\linkResolver.cpp, line 796]
Event: 1.512 Thread 0x0000020f45e53760 Exception <a 'java/lang/NoSuchMethodError'{0x0000000089300f40}: 'void java.lang.invoke.DirectMethodHandle$Holder.invokeInterface(java.lang.Object, java.lang.Object, java.lang.Object)'> (0x0000000089300f40) 
thrown [s\open\src\hotspot\share\interpreter\linkResolver.cpp, line 796]
Event: 1.539 Thread 0x0000020f45e53760 Exception <a 'java/lang/NoSuchMethodError'{0x00000000893a2f20}: 'void java.lang.invoke.DirectMethodHandle$Holder.invokeStaticInit(java.lang.Object, java.lang.Object, java.lang.Object)'> (0x00000000893a2f20) 
thrown [s\open\src\hotspot\share\interpreter\linkResolver.cpp, line 796]
Event: 1.572 Thread 0x0000020f45e53760 Exception <a 'java/lang/NoSuchMethodError'{0x000000008926ddd0}: 'void java.lang.invoke.DirectMethodHandle$Holder.invokeVirtual(java.lang.Object, java.lang.Object, java.lang.Object, java.lang.Object)'> (0x000000008926ddd0) 
thrown [s\open\src\hotspot\share\interpreter\linkResolver.cpp, line 796]
Event: 1.696 Thread 0x0000020f45e53760 Exception <a 'java/lang/NoSuchMethodError'{0x0000000088f3aaf0}: 'java.lang.reflect.Field[] java.lang.Class.getDeclaredFields(java.lang.Class)'> (0x0000000088f3aaf0) 
thrown [s\open\src\hotspot\share\interpreter\linkResolver.cpp, line 796]
Event: 1.700 Thread 0x0000020f45e53760 Exception <a 'java/lang/NoSuchMethodError'{0x0000000088f3f500}: 'java.lang.Object java.lang.invoke.DirectMethodHandle$Holder.invokeStatic(java.lang.Object, java.lang.Object, int)'> (0x0000000088f3f500) 
thrown [s\open\src\hotspot\share\interpreter\linkResolver.cpp, line 796]
Event: 1.701 Thread 0x0000020f45e53760 Exception <a 'java/lang/NoSuchMethodError'{0x0000000088f4a5d8}: 'void java.lang.invoke.DelegatingMethodHandle$Holder.delegate(java.lang.Object, java.lang.Object, int, java.lang.Object)'> (0x0000000088f4a5d8) 
thrown [s\open\src\hotspot\share\interpreter\linkResolver.cpp, line 796]
Event: 1.724 Thread 0x0000020f45e53760 Exception <a 'java/lang/IncompatibleClassChangeError'{0x0000000088e5f3a8}: Found class java.lang.Object, but interface was expected> (0x0000000088e5f3a8) 
thrown [s\open\src\hotspot\share\interpreter\linkResolver.cpp, line 863]
Event: 2.236 Thread 0x0000020f45e53760 Exception <a 'java/lang/NoSuchMethodError'{0x0000000089a38bd0}: 'java.lang.Object java.lang.invoke.DirectMethodHandle$Holder.invokeVirtual(java.lang.Object, java.lang.Object, java.lang.Object)'> (0x0000000089a38bd0) 
thrown [s\open\src\hotspot\share\interpreter\linkResolver.cpp, line 796]
Event: 2.243 Thread 0x0000020f45e53760 Exception <a 'java/lang/NoSuchMethodError'{0x0000000089a508d0}: 'int java.lang.invoke.DirectMethodHandle$Holder.invokeSpecial(java.lang.Object, java.lang.Object, java.lang.Object, java.lang.Object, java.lang.Object)'> (0x0000000089a508d0) 
thrown [s\open\src\hotspot\share\interpreter\linkResolver.cpp, line 796]
Event: 2.247 Thread 0x0000020f45e53760 Exception <a 'java/lang/NoSuchMethodError'{0x0000000089a58c80}: 'void java.lang.invoke.DirectMethodHandle$Holder.invokeVirtual(java.lang.Object, java.lang.Object)'> (0x0000000089a58c80) 
thrown [s\open\src\hotspot\share\interpreter\linkResolver.cpp, line 796]

VM Operations (20 events):
Event: 1.076 Executing VM operation: G1CollectForAllocation (G1 Evacuation Pause)
Event: 1.079 Executing VM operation: G1CollectForAllocation (G1 Evacuation Pause) done
Event: 1.666 Executing VM operation: HandshakeAllThreads (Deoptimize)
Event: 1.666 Executing VM operation: HandshakeAllThreads (Deoptimize) done
Event: 1.672 Executing VM operation: HandshakeAllThreads (Deoptimize)
Event: 1.672 Executing VM operation: HandshakeAllThreads (Deoptimize) done
Event: 1.672 Executing VM operation: HandshakeAllThreads (Deoptimize)
Event: 1.672 Executing VM operation: HandshakeAllThreads (Deoptimize) done
Event: 1.698 Executing VM operation: HandshakeAllThreads (Deoptimize)
Event: 1.698 Executing VM operation: HandshakeAllThreads (Deoptimize) done
Event: 2.091 Executing VM operation: HandshakeAllThreads (Deoptimize)
Event: 2.092 Executing VM operation: HandshakeAllThreads (Deoptimize) done
Event: 2.113 Executing VM operation: G1CollectForAllocation (G1 Evacuation Pause)
Event: 2.120 Executing VM operation: G1CollectForAllocation (G1 Evacuation Pause) done
Event: 2.150 Executing VM operation: HandshakeAllThreads (Deoptimize)
Event: 2.150 Executing VM operation: HandshakeAllThreads (Deoptimize) done
Event: 2.217 Executing VM operation: HandshakeAllThreads (Deoptimize)
Event: 2.217 Executing VM operation: HandshakeAllThreads (Deoptimize) done
Event: 2.252 Executing VM operation: HandshakeAllThreads (Deoptimize)
Event: 2.252 Executing VM operation: HandshakeAllThreads (Deoptimize) done

Memory protections (0 events):
No events

Nmethod flushes (0 events):
No events

Events (16 events):
Event: 0.043 Thread 0x0000020f55f1d820 Thread added: 0x0000020f55f1d820
Event: 0.067 Thread 0x0000020f55f1d820 Thread added: 0x0000020f745f0140
Event: 0.068 Thread 0x0000020f55f1d820 Thread added: 0x0000020f745f0da0
Event: 0.068 Thread 0x0000020f55f1d820 Thread added: 0x0000020f745f4950
Event: 0.069 Thread 0x0000020f55f1d820 Thread added: 0x0000020f745f7650
Event: 0.069 Thread 0x0000020f55f1d820 Thread added: 0x0000020f745f80b0
Event: 0.069 Thread 0x0000020f55f1d820 Thread added: 0x0000020f745f8b10
Event: 0.069 Thread 0x0000020f55f1d820 Thread added: 0x0000020f745fb8b0
Event: 0.070 Thread 0x0000020f55f1d820 Thread added: 0x0000020f746192f0
Event: 0.249 Thread 0x0000020f55f1d820 Thread added: 0x0000020f450bdb60
Event: 0.426 Thread 0x0000020f55f1d820 Thread added: 0x0000020f453f09c0
Event: 0.427 Thread 0x0000020f55f1d820 Thread added: 0x0000020f453f3040
Event: 1.032 Thread 0x0000020f55f1d820 Thread added: 0x0000020f45f4ff60
Event: 1.041 Thread 0x0000020f45f4ff60 Thread added: 0x0000020f45e53760
Event: 1.553 Thread 0x0000020f746192f0 Thread added: 0x0000020f46038fd0
Event: 1.688 Thread 0x0000020f45e53760 Thread added: 0x0000020f46114480


Dynamic libraries:
0x00007ff7daf90000 - 0x00007ff7daf9e000 	C:\Users\Shree\.jdks\openjdk-23.0.2\bin\java.exe
0x00007ffa17370000 - 0x00007ffa17569000 	C:\Windows\SYSTEM32\ntdll.dll
0x00007ffa171f0000 - 0x00007ffa172b2000 	C:\Windows\System32\KERNEL32.DLL
0x00007ffa14d30000 - 0x00007ffa15027000 	C:\Windows\System32\KERNELBASE.dll
0x00007ffa14c30000 - 0x00007ffa14d30000 	C:\Windows\System32\ucrtbase.dll
0x00007ffa0ed60000 - 0x00007ffa0ed7b000 	C:\Users\Shree\.jdks\openjdk-23.0.2\bin\VCRUNTIME140.dll
0x00007ff9fcbf0000 - 0x00007ff9fcc07000 	C:\Users\Shree\.jdks\openjdk-23.0.2\bin\jli.dll
0x00007ffa15e20000 - 0x00007ffa15fbd000 	C:\Windows\System32\USER32.dll
0x00007ffa15300000 - 0x00007ffa15322000 	C:\Windows\System32\win32u.dll
0x00007ffa13d80000 - 0x00007ffa1401b000 	C:\Windows\WinSxS\amd64_microsoft.windows.common-controls_6595b64144ccf1df_6.0.19041.7548_none_60b77ab371f759b9\COMCTL32.dll
0x00007ffa171c0000 - 0x00007ffa171eb000 	C:\Windows\System32\GDI32.dll
0x00007ffa14a90000 - 0x00007ffa14baa000 	C:\Windows\System32\gdi32full.dll
0x00007ffa149f0000 - 0x00007ffa14a8d000 	C:\Windows\System32\msvcp_win.dll
0x00007ffa15d70000 - 0x00007ffa15e0e000 	C:\Windows\System32\msvcrt.dll
0x00007ffa15fc0000 - 0x00007ffa15fef000 	C:\Windows\System32\IMM32.DLL
0x00007ffa0ef70000 - 0x00007ffa0ef7c000 	C:\Users\Shree\.jdks\openjdk-23.0.2\bin\vcruntime140_1.dll
0x00007ff9f2750000 - 0x00007ff9f27de000 	C:\Users\Shree\.jdks\openjdk-23.0.2\bin\msvcp140.dll
0x00007ff9d7270000 - 0x00007ff9d7fc0000 	C:\Users\Shree\.jdks\openjdk-23.0.2\bin\server\jvm.dll
0x00007ffa15860000 - 0x00007ffa15911000 	C:\Windows\System32\ADVAPI32.dll
0x00007ffa160a0000 - 0x00007ffa1613f000 	C:\Windows\System32\sechost.dll
0x00007ffa168c0000 - 0x00007ffa169e6000 	C:\Windows\System32\RPCRT4.dll
0x00007ffa15190000 - 0x00007ffa151b7000 	C:\Windows\System32\bcrypt.dll
0x00007ffa172c0000 - 0x00007ffa1732b000 	C:\Windows\System32\WS2_32.dll
0x00007ffa145d0000 - 0x00007ffa1461b000 	C:\Windows\SYSTEM32\POWRPROF.dll
0x00007ff9ffbb0000 - 0x00007ff9ffbd7000 	C:\Windows\SYSTEM32\WINMM.dll
0x00007ffa0f970000 - 0x00007ffa0f97a000 	C:\Windows\SYSTEM32\VERSION.dll
0x00007ffa14110000 - 0x00007ffa14122000 	C:\Windows\SYSTEM32\UMPDC.dll
0x00007ffa12b60000 - 0x00007ffa12b72000 	C:\Windows\SYSTEM32\kernel.appcore.dll
0x00007ffa0a2a0000 - 0x00007ffa0a2aa000 	C:\Users\Shree\.jdks\openjdk-23.0.2\bin\jimage.dll
0x00007ffa14340000 - 0x00007ffa14541000 	C:\Windows\SYSTEM32\DBGHELP.DLL
0x00007ffa14300000 - 0x00007ffa14334000 	C:\Windows\SYSTEM32\dbgcore.DLL
0x00007ffa151c0000 - 0x00007ffa15242000 	C:\Windows\System32\bcryptPrimitives.dll
0x00007ffa09e50000 - 0x00007ffa09e5f000 	C:\Users\Shree\.jdks\openjdk-23.0.2\bin\instrument.dll
0x00007ff9fcbd0000 - 0x00007ff9fcbee000 	C:\Users\Shree\.jdks\openjdk-23.0.2\bin\java.dll
0x00007ffa15380000 - 0x00007ffa154ab000 	C:\Windows\System32\ole32.dll
0x00007ffa169f0000 - 0x00007ffa16d43000 	C:\Windows\System32\combase.dll
0x00007ffa16140000 - 0x00007ffa168b0000 	C:\Windows\System32\SHELL32.dll
0x00007ffa11980000 - 0x00007ffa12126000 	C:\Windows\SYSTEM32\windows.storage.dll
0x00007ffa13c30000 - 0x00007ffa13c5b000 	C:\Windows\SYSTEM32\Wldp.dll
0x00007ffa15c90000 - 0x00007ffa15d66000 	C:\Windows\System32\OLEAUT32.dll
0x00007ffa15750000 - 0x00007ffa157fd000 	C:\Windows\System32\SHCORE.dll
0x00007ffa15ad0000 - 0x00007ffa15b2b000 	C:\Windows\System32\shlwapi.dll
0x00007ffa14920000 - 0x00007ffa14944000 	C:\Windows\SYSTEM32\profapi.dll
0x00007ff9e0ac0000 - 0x00007ff9e0b97000 	C:\Users\Shree\.jdks\openjdk-23.0.2\bin\jsvml.dll
0x00007ff9f9760000 - 0x00007ff9f9777000 	C:\Users\Shree\.jdks\openjdk-23.0.2\bin\zip.dll
0x00007ff9fd4d0000 - 0x00007ff9fd4e0000 	C:\Users\Shree\.jdks\openjdk-23.0.2\bin\net.dll
0x00007ffa139f0000 - 0x00007ffa13a5a000 	C:\Windows\system32\mswsock.dll
0x00007ff9f6bc0000 - 0x00007ff9f6bd6000 	C:\Users\Shree\.jdks\openjdk-23.0.2\bin\nio.dll
0x00007ff9fcb90000 - 0x00007ff9fcb99000 	C:\Users\Shree\.jdks\openjdk-23.0.2\bin\extnet.dll
0x00007ff9fc780000 - 0x00007ff9fc78a000 	C:\Users\Shree\.jdks\openjdk-23.0.2\bin\management.dll
0x00007ff9fc400000 - 0x00007ff9fc40b000 	C:\Users\Shree\.jdks\openjdk-23.0.2\bin\management_ext.dll
0x00007ffa15720000 - 0x00007ffa15728000 	C:\Windows\System32\PSAPI.DLL

dbghelp: loaded successfully - version: 4.0.5 - missing functions: none
symbol engine: initialized successfully - sym options: 0x614 - pdb path: .;C:\Users\Shree\.jdks\openjdk-23.0.2\bin;C:\Windows\SYSTEM32;C:\Windows\WinSxS\amd64_microsoft.windows.common-controls_6595b64144ccf1df_6.0.19041.7548_none_60b77ab371f759b9;C:\Users\Shree\.jdks\openjdk-23.0.2\bin\server

VM Arguments:
jvm_args: -javaagent:C:\Program Files\JetBrains\IntelliJ IDEA Community Edition 2024.3.3\lib\idea_rt.jar=59013 -Dfile.encoding=UTF-8 -Dsun.stdout.encoding=UTF-8 -Dsun.stderr.encoding=UTF-8 
java_command: com.nitech.cards.CardsApplication
java_class_path (initial): D:\Microservices\cards\target\classes;C:\Users\Shree\.m2\repository\org\springframework\boot\spring-boot-h2console\4.1.0\spring-boot-h2console-4.1.0.jar;C:\Users\Shree\.m2\repository\org\springframework\boot\spring-boot\4.1.0\spring-boot-4.1.0.jar;C:\Users\Shree\.m2\repository\org\springframework\spring-core\7.0.8\spring-core-7.0.8.jar;C:\Users\Shree\.m2\repository\commons-logging\commons-logging\1.3.6\commons-logging-1.3.6.jar;C:\Users\Shree\.m2\repository\org\springframework\spring-context\7.0.8\spring-context-7.0.8.jar;C:\Users\Shree\.m2\repository\org\springframework\spring-aop\7.0.8\spring-aop-7.0.8.jar;C:\Users\Shree\.m2\repository\org\springframework\spring-beans\7.0.8\spring-beans-7.0.8.jar;C:\Users\Shree\.m2\repository\org\springframework\spring-expression\7.0.8\spring-expression-7.0.8.jar;C:\Users\Shree\.m2\repository\io\micrometer\micrometer-observation\1.17.0\micrometer-observation-1.17.0.jar;C:\Users\Shree\.m2\repository\io\micrometer\micrometer-commons\1.17.0\micrometer-commons-1.17.0.jar;C:\Users\Shree\.m2\repository\jakarta\servlet\jakarta.servlet-api\6.1.0\jakarta.servlet-api-6.1.0.jar;C:\Users\Shree\.m2\repository\org\springframework\boot\spring-boot-starter-data-jpa\4.1.0\spring-boot-starter-data-jpa-4.1.0.jar;C:\Users\Shree\.m2\repository\org\springframework\boot\spring-boot-starter\4.1.0\spring-boot-starter-4.1.0.jar;C:\Users\Shree\.m2\repository\org\springframework\boot\spring-boot-starter-logging\4.1.0\spring-boot-starter-logging-4.1.0.jar;C:\Users\Shree\.m2\repository\ch\qos\logback\logback-classic\1.5.34\logback-classic-1.5.34.jar;C:\Users\Shree\.m2\repository\ch\qos\logback\logback-core\1.5.34\logback-core-1.5.34.jar;C:\Users\Shree\.m2\repository\org\apache\logging\log4j\log4j-to-slf4j\2.25.4\log4j-to-slf4j-2.25.4.jar;C:\Users\Shree\.m2\repository\org\apache\logging\log4j\log4j-api\2.25.4\log4j-api-2.25.4.jar;C:\Users\Shree\.m2\repository\org\slf4j\jul-to-slf4j\2.0.18\jul-to-slf4j-2.0.18.jar;C:\Users\Shree\.m2\repository\jakarta\annotation\jakarta.annotation-api\3.0.0\jakarta.annotation-api-3.0.0.jar;C:\Users\Shree\.m2\repository\org\yaml\snakeyaml\2.6\snakeyaml-2.6.jar;C:\Users\Shree\.m2\repository\org\springframework\boot\spring-boot-starter-jdbc\4.1.0\spring-boot-starter-jdbc-4.1.0.jar;C:\Users\Shree\.m2\repository\com\zaxxer\HikariCP\7.0.2\HikariCP-7.0.2.jar;C:\Users\Shree\.m2\repository\org\slf4j\slf4j-api\2.0.18\slf4j-api-2.0.18.jar;C:\Users\Shree\.m2\repository\org\springframework\boot\spring-boot-data-jpa\4.1.0\spring-boot-data-jpa-4.1.0.jar;C:\Users\Shree\.m2\repository\org\springframework\boot\spring-boot-data-commons\4.1.0\spring-boot-data-commons-4.1.0.jar;C:\Users\Shree\.m2\repository\org\springframework\boot\spring-boot-persistence\4.1.0\spring-boot-persistence-4.1.0.jar;C:\Users\Shree\.m2\repository\org\springframework\data\spring-data-commons\4.1.0\spring-data-commons-4.1.0.jar;C:\Users\Shree\.m2\repository\org\springframework\boot\spring-boot-hibernate\4.1.0\spring-boot-hibernate-4.1.0.jar;C:\Users\Shree\.m2\repository\org\springframework\boot\spring-boot-jpa\4.1.0\spring-boot-jpa-4.1.0.jar;C:\Users\Shree\.m2\repository\jakarta\persistence\jakarta.persistence-api\3.2.0\jakarta.persistence-api-3.2.0.jar;C:\Users\Shree\.m2\repository\org\hibernate\orm\hibernate-core\7.4.1.Final\hibernate-core-7.4.1.Final.jar;C:\Users\Shree\.m2\repository\jakarta\transaction\jakarta.transaction-api\2.0.1\jakarta.transaction-api-2.0.1.jar;C:\Users\Shree\.m2\repository\org\hibernate\models\hibernate-models\1.1.1\hibernate-models-1.1.1.jar;C:\Users\Shree\.m2\repository\org\glassfish\jaxb\jaxb-runtime\4.0.9\jaxb-runtime-4.0.9.jar;C:\Users\Shree\.m2\repository\org\glassfish\jaxb\jaxb-core\4.0.9\jaxb-core-4.0.9.jar;C:\Users\Shree\.m2\repository\org\eclipse\angus\angus-activation\2.0.3\angus-activation-2.0.3.jar;C:\Users\Shree\.m2\repository\org\glassfish\jaxb\txw2\4.0.9\txw2-4.0.9.jar;C:\Users\Shree\.m2\repository\com\sun\istack\istack-commons-runtime\4.1.2\istack-commons-runtime-4.1.2.jar;C:\Users\Shree\.m2\repository\jakarta\inject\jakarta.inject-api\2.0.1\jakarta.inject-api-2.0.1.jar;C:\Users\Shree\.m2\repository\org\springframework\spring-orm\7.0.8\spring-orm-7.0.8.jar;C:\Users\Shree\.m2\repository\org\springframework\data\spring-data-jpa\4.1.0\spring-data-jpa-4.1.0.jar;C:\Users\Shree\.m2\repository\org\springframework\spring-tx\7.0.8\spring-tx-7.0.8.jar;C:\Users\Shree\.m2\repository\org\antlr\antlr4-runtime\4.13.2\antlr4-runtime-4.13.2.jar;C:\Users\Shree\.m2\repository\org\springframework\spring-aspects\7.0.8\spring-aspects-7.0.8.jar;C:\Users\Shree\.m2\repository\org\aspectj\aspectjweaver\1.9.25.1\aspectjweaver-1.9.25.1.jar;C:\Users\Shree\.m2\repository\org\springframework\boot\spring-boot-jdbc\4.1.0\spring-boot-jdbc-4.1.0.jar;C:\Users\Shree\.m2\repository\org\springframework\boot\spring-boot-sql\4.1.0\spring-boot-sql-4.1.0.jar;C:\Users\Shree\.m2\repository\org\springframework\boot\spring-boot-transaction\4.1.0\spring-boot-transaction-4.1.0.jar;C:\Users\Shree\.m2\repository\org\springframework\spring-jdbc\7.0.8\spring-jdbc-7.0.8.jar;C:\Users\Shree\.m2\repository\org\springframework\boot\spring-boot-starter-validation\4.1.0\spring-boot-starter-validation-4.1.0.jar;C:\Users\Shree\.m2\repository\org\springframework\boot\spring-boot-validation\4.1.0\spring-boot-validation-4.1.0.jar;C:\Users\Shree\.m2\repository\org\apache\tomcat\embed\tomcat-embed-el\11.0.22\tomcat-embed-el-11.0.22.jar;C:\Users\Shree\.m2\repository\org\hibernate\validator\hibernate-validator\9.1.0.Final\hibernate-validator-9.1.0.Final.jar;C:\Users\Shree\.m2\repository\jakarta\validation\jakarta.validation-api\3.1.1\jakarta.validation-api-3.1.1.jar;C:\Users\Shree\.m2\repository\org\jboss\logging\jboss-logging\3.6.3.Final\jboss-logging-3.6.3.Final.jar;C:\Users\Shree\.m2\repository\com\fasterxml\classmate\1.7.3\classmate-1.7.3.jar;C:\Users\Shree\.m2\repository\org\springframework\boot\spring-boot-starter-webmvc\4.1.0\spring-boot-starter-webmvc-4.1.0.jar;C:\Users\Shree\.m2\repository\org\springframework\boot\spring-boot-starter-jackson\4.1.0\spring-boot-starter-jackson-4.1.0.jar;C:\Users\Shree\.m2\repository\org\springframework\boot\spring-boot-jackson\4.1.0\spring-boot-jackson-4.1.0.jar;C:\Users\Shree\.m2\repository\tools\jackson\core\jackson-databind\3.1.4\jackson-databind-3.1.4.jar;C:\Users\Shree\.m2\repository\com\fasterxml\jackson\core\jackson-annotations\2.21\jackson-annotations-2.21.jar;C:\Users\Shree\.m2\repository\tools\jackson\core\jackson-core\3.1.4\jackson-core-3.1.4.jar;C:\Users\Shree\.m2\repository\org\springframework\boot\spring-boot-starter-tomcat\4.1.0\spring-boot-starter-tomcat-4.1.0.jar;C:\Users\Shree\.m2\repository\org\springframework\boot\spring-boot-starter-tomcat-runtime\4.1.0\spring-boot-starter-tomcat-runtime-4.1.0.jar;C:\Users\Shree\.m2\repository\org\apache\tomcat\embed\tomcat-embed-core\11.0.22\tomcat-embed-core-11.0.22.jar;C:\Users\Shree\.m2\repository\org\apache\tomcat\embed\tomcat-embed-websocket\11.0.22\tomcat-embed-websocket-11.0.22.jar;C:\Users\Shree\.m2\repository\org\springframework\boot\spring-boot-tomcat\4.1.0\spring-boot-tomcat-4.1.0.jar;C:\Users\Shree\.m2\repository\org\springframework\boot\spring-boot-http-converter\4.1.0\spring-boot-http-converter-4.1.0.jar;C:\Users\Shree\.m2\repository\org\springframework\spring-web\7.0.8\spring-web-7.0.8.jar;C:\Users\Shree\.m2\repository\org\springframework\boot\spring-boot-webmvc\4.1.0\spring-boot-webmvc-4.1.0.jar;C:\Users\Shree\.m2\repository\org\springframework\boot\spring-boot-servlet\4.1.0\spring-boot-servlet-4.1.0.jar;C:\Users\Shree\.m2\repository\org\springframework\spring-webmvc\7.0.8\spring-webmvc-7.0.8.jar;C:\Users\Shree\.m2\repository\org\springdoc\springdoc-openapi-starter-webmvc-ui\3.1.0\springdoc-openapi-starter-webmvc-ui-3.1.0.jar;C:\Users\Shree\.m2\repository\org\springdoc\springdoc-openapi-starter-webmvc-api\3.1.0\springdoc-openapi-starter-webmvc-api-3.1.0.jar;C:\Users\Shree\.m2\repository\org\springdoc\springdoc-openapi-starter-common\3.1.0\springdoc-openapi-starter-common-3.1.0.jar;C:\Users\Shree\.m2\repository\io\swagger\core\v3\swagger-core-jakarta\2.2.52\swagger-core-jakarta-2.2.52.jar;C:\Users\Shree\.m2\repository\org\apache\commons\commons-lang3\3.20.0\commons-lang3-3.20.0.jar;C:\Users\Shree\.m2\repository\io\swagger\core\v3\swagger-annotations-jakarta\2.2.52\swagger-annotations-jakarta-2.2.52.jar;C:\Users\Shree\.m2\repository\io\swagger\core\v3\swagger-models-jakarta\2.2.52\swagger-models-jakarta-2.2.52.jar;C:\Users\Shree\.m2\repository\com\fasterxml\jackson\core\jackson-databind\2.21.4\jackson-databind-2.21.4.jar;C:\Users\Shree\.m2\repository\com\fasterxml\jackson\core\jackson-core\2.21.4\jackson-core-2.21.4.jar;C:\Users\Shree\.m2\repository\com\fasterxml\jackson\dataformat\jackson-dataformat-yaml\2.21.4\jackson-dataformat-yaml-2.21.4.jar;C:\Users\Shree\.m2\repository\com\fasterxml\jackson\datatype\jackson-datatype-jsr310\2.21.4\jackson-datatype-jsr310-2.21.4.jar;C:\Users\Shree\.m2\repository\org\springframework\boot\spring-boot-web-server\4.1.0\spring-boot-web-server-4.1.0.jar;C:\Users\Shree\.m2\repository\org\webjars\swagger-ui\5.32.11\swagger-ui-5.32.11.jar;C:\Users\Shree\.m2\repository\org\webjars\webjars-locator-lite\1.1.3\webjars-locator-lite-1.1.3.jar;C:\Users\Shree\.m2\repository\org\jspecify\jspecify\1.0.0\jspecify-1.0.0.jar;C:\Users\Shree\.m2\repository\org\springframework\boot\spring-boot-devtools\4.1.0\spring-boot-devtools-4.1.0.jar;C:\Users\Shree\.m2\repository\org\springframework\boot\spring-boot-autoconfigure\4.1.0\spring-boot-autoconfigure-4.1.0.jar;C:\Users\Shree\.m2\repository\com\h2database\h2\2.4.240\h2-2.4.240.jar;C:\Users\Shree\.m2\repository\org\projectlombok\lombok\1.18.46\lombok-1.18.46.jar;C:\Users\Shree\.m2\repository\jakarta\xml\bind\jakarta.xml.bind-api\4.0.5\jakarta.xml.bind-api-4.0.5.jar;C:\Users\Shree\.m2\repository\jakarta\activation\jakarta.activation-api\2.1.4\jakarta.activation-api-2.1.4.jar;C:\Users\Shree\.m2\repository\net\bytebuddy\byte-buddy\1.18.10\byte-buddy-1.18.10.jar
Launcher Type: SUN_STANDARD

[Global flags]
     intx CICompilerCount                          = 3                                         {product} {ergonomic}
     uint ConcGCThreads                            = 1                                         {product} {ergonomic}
     uint G1ConcRefinementThreads                  = 4                                         {product} {ergonomic}
   size_t G1HeapRegionSize                         = 1048576                                   {product} {ergonomic}
   size_t InitialHeapSize                          = 132120576                                 {product} {ergonomic}
   size_t MarkStackSize                            = 4194304                                   {product} {ergonomic}
   size_t MarkStackSizeMax                         = 536870912                                 {product} {ergonomic}
   size_t MaxHeapSize                              = 2109734912                                {product} {ergonomic}
   size_t MaxNewSize                               = 1265631232                                {product} {ergonomic}
   size_t MinHeapDeltaBytes                        = 1048576                                   {product} {ergonomic}
   size_t MinHeapSize                              = 8388608                                   {product} {ergonomic}
    uintx NonNMethodCodeHeapSize                   = 5832704                                {pd product} {ergonomic}
    uintx NonProfiledCodeHeapSize                  = 122945536                              {pd product} {ergonomic}
    uintx ProfiledCodeHeapSize                     = 122880000                              {pd product} {ergonomic}
    uintx ReservedCodeCacheSize                    = 251658240                              {pd product} {ergonomic}
     bool SegmentedCodeCache                       = true                                      {product} {ergonomic}
   size_t SoftMaxHeapSize                          = 2109734912                             {manageable} {ergonomic}
     bool UseCompressedOops                        = true                           {product lp64_product} {ergonomic}
     bool UseG1GC                                  = true                                      {product} {ergonomic}
     bool UseLargePagesIndividualAllocation        = false                                  {pd product} {ergonomic}

Logging:
Log output configuration:
 #0: stdout all=warning uptime,level,tags foldmultilines=false
 #1: stderr all=off uptime,level,tags foldmultilines=false

Environment Variables:
CLASSPATH=C:\Program Files\Apache Software Foundation\Tomcat 9.0\lib\servlet-api.jar
PATH=C:\Program Files\Common Files\Oracle\Java\javapath;C:\Windows\system32;C:\Windows;C:\Windows\System32\Wbem;C:\Windows\System32\WindowsPowerShell\v1.0\;C:\Windows\System32\OpenSSH\;C:\Program Files\Java\jdk-18.0.2.1\bin;C:\Program Files\MySQL\MySQL Server 8.0\bin;C:\ProgramData\chocolatey\bin;C:\Program Files\Redis;C:\Program Files\Java\jdk-21\bin;C:\Program Files\Git\cmd;C:\Program Files\Git\mingw64\bin;C:\Program Files\Git\usr\bin;C:\Program Files\nodejs\;C:\Program Files\MySQL\MySQL Shell 8.0\bin\;C:\Users\Shree\AppData\Local\Microsoft\WindowsApps;C:\Program Files\Java\jdk-18.0.2.1\bin;D:\html practice\Microsoft VS Code\bin;C:\Program Files\JetBrains\IntelliJ IDEA Community Edition 2024.3.3\bin;;C:\Program Files\JetBrains\IntelliJ IDEA Community Edition 2024.3.3\bin;C:\Program Files\Java\jdk-21\bin;C:\Users\Shree\AppData\Roaming\npm
USERNAME=Shree
OS=Windows_NT
PROCESSOR_IDENTIFIER=Intel64 Family 6 Model 78 Stepping 3, GenuineIntel
TMP=C:\Users\Shree\AppData\Local\Temp
TEMP=C:\Users\Shree\AppData\Local\Temp




Periodic native trim disabled

---------------  S Y S T E M  ---------------

OS:
 Windows 10 , 64 bit Build 19041 (10.0.19041.7548)
OS uptime: 1 days 22:18 hours

CPU: total 4 (initial active 4) (2 cores per cpu, 2 threads per core) family 6 model 78 stepping 3 microcode 0xec, cx8, cmov, fxsr, ht, mmx, 3dnowpref, sse, sse2, sse3, ssse3, sse4.1, sse4.2, popcnt, lzcnt, tsc, tscinvbit, avx, avx2, aes, erms, clmul, bmi1, bmi2, rtm, adx, fma, vzeroupper, clflush, clflushopt, rdtscp, f16c
Processor Information for the first 4 processors :
  Max Mhz: 2496, Current Mhz: 798, Mhz Limit: 798

Memory: 4k page, system-wide physical 8047M (953M free)
TotalPageFile size 10095M (AvailPageFile size 5M)
current process WorkingSet (physical memory assigned to process): 146M, peak: 146M
current process commit charge ("private bytes"): 262M, peak: 262M

vm_info: OpenJDK 64-Bit Server VM (23.0.2+7-58) for windows-amd64 JRE (23.0.2+7-58), built on 2024-11-29T09:34:55Z with MS VC++ 17.6 (VS2022)

END.
