#
# There is insufficient memory for the Java Runtime Environment to continue.
# Native memory allocation (mmap) failed to map 65536 bytes for Failed to commit metaspace.
# Possible reasons:
#   The system is out of physical RAM or swap space
#   The process is running with CompressedOops enabled, and the Java Heap may be blocking the growth of the native heap
# Possible solutions:
#   Reduce memory load on the system
#   Increase physical memory or swap space
#   Check if swap backing store is full
#   Decrease Java heap size (-Xmx/-Xms)
#   Decrease number of Java threads
#   Decrease Java thread stack sizes (-Xss)
#   Set larger code cache with -XX:ReservedCodeCacheSize=
#   JVM is running with Unscaled Compressed Oops mode in which the Java heap is
#     placed in the first 4GB address space. The Java Heap base address is the
#     maximum limit for the native heap growth. Please use -XX:HeapBaseMinAddress
#     to set the Java Heap base and to place the Java Heap above 4GB virtual address.
# This output file may be truncated or incomplete.
#
#  Out of Memory Error (virtualSpaceNode.cpp:112), pid=16800, tid=18244
#
# JRE version: Java(TM) SE Runtime Environment (21.0.6+8) (build 21.0.6+8-LTS-188)
# Java VM: Java HotSpot(TM) 64-Bit Server VM (21.0.6+8-LTS-188, mixed mode, sharing, tiered, compressed oops, compressed class ptrs, g1 gc, windows-amd64)
# No core dump will be written. Minidumps are not enabled by default on client versions of Windows
#

---------------  S U M M A R Y ------------

Command Line: -agentlib:jdwp=transport=dt_socket,address=127.0.0.1:62002,suspend=y,server=n -javaagent:C:\Users\Shree\AppData\Local\JetBrains\IdeaIC2024.3\captureAgent\debugger-agent.jar -Dkotlinx.coroutines.debug.enable.creation.stack.trace=false -Ddebugger.agent.enable.coroutines=true -Dkotlinx.coroutines.debug.enable.flows.stack.trace=true -Dkotlinx.coroutines.debug.enable.mutable.state.flows.stack.trace=true -Dfile.encoding=UTF-8 -Dsun.stdout.encoding=UTF-8 -Dsun.stderr.encoding=UTF-8 com.nitech.accounts.AccountsApplication

Host: Intel(R) Core(TM) i5-6300U CPU @ 2.40GHz, 4 cores, 7G,  Windows 10 , 64 bit Build 19041 (10.0.19041.6807)
Time: Wed Apr 15 23:12:37 2026 India Standard Time elapsed time: 1.076127 seconds (0d 0h 0m 1s)

---------------  T H R E A D  ---------------

Current thread (0x000001aae1f38920):  JavaThread "main"             [_thread_in_vm, id=18244, stack(0x00000038f7900000,0x00000038f7a00000) (1024K)]

Stack: [0x00000038f7900000,0x00000038f7a00000]
Native frames: (J=compiled Java code, j=interpreted, Vv=VM code, C=native code)
V  [jvm.dll+0x6ca6d9]
V  [jvm.dll+0x854f51]
V  [jvm.dll+0x85747e]
V  [jvm.dll+0x857b53]
V  [jvm.dll+0x27dcc6]
V  [jvm.dll+0x850b6e]
V  [jvm.dll+0x66e3e5]
V  [jvm.dll+0x66e44a]
V  [jvm.dll+0x670c65]
V  [jvm.dll+0x670b32]
V  [jvm.dll+0x66edbe]
V  [jvm.dll+0x2681ef]
V  [jvm.dll+0x679135]
V  [jvm.dll+0x214cb1]
V  [jvm.dll+0x21513a]
V  [jvm.dll+0x215b61]
V  [jvm.dll+0x20affe]
V  [jvm.dll+0x5ad2ec]
V  [jvm.dll+0x21c79a]
V  [jvm.dll+0x7ce79c]
V  [jvm.dll+0x7cf7c4]
V  [jvm.dll+0x7cfd92]
V  [jvm.dll+0x7cfa18]
V  [jvm.dll+0x26bb6b]
V  [jvm.dll+0x3d5d7f]
C  0x000001aaf3a967f5

The last pc belongs to instanceof (printed below).
Java frames: (J=compiled Java code, j=interpreted, Vv=VM code)
j  java.security.Permissions.add(Ljava/security/Permission;)V+42 java.base@21.0.6
j  sun.security.util.LazyCodeSourcePermissionCollection.add(Ljava/security/Permission;)V+22 java.base@21.0.6
j  jdk.internal.loader.ClassLoaders$AppClassLoader.getPermissions(Ljava/security/CodeSource;)Ljava/security/PermissionCollection;+16 java.base@21.0.6
j  java.security.SecureClassLoader$1.apply(Ljava/security/SecureClassLoader$CodeSourceKey;)Ljava/security/ProtectionDomain;+8 java.base@21.0.6
j  java.security.SecureClassLoader$1.apply(Ljava/lang/Object;)Ljava/lang/Object;+5 java.base@21.0.6
j  java.util.concurrent.ConcurrentHashMap.computeIfAbsent(Ljava/lang/Object;Ljava/util/function/Function;)Ljava/lang/Object;+115 java.base@21.0.6
j  java.security.SecureClassLoader.getProtectionDomain(Ljava/security/CodeSource;)Ljava/security/ProtectionDomain;+28 java.base@21.0.6
j  java.security.SecureClassLoader.defineClass(Ljava/lang/String;[BIILjava/security/CodeSource;)Ljava/lang/Class;+9 java.base@21.0.6
j  jdk.internal.loader.BuiltinClassLoader.defineClass(Ljava/lang/String;Ljdk/internal/loader/Resource;)Ljava/lang/Class;+117 java.base@21.0.6
j  jdk.internal.loader.BuiltinClassLoader.findClassOnClassPathOrNull(Ljava/lang/String;)Ljava/lang/Class;+37 java.base@21.0.6
j  jdk.internal.loader.BuiltinClassLoader.loadClassOrNull(Ljava/lang/String;Z)Ljava/lang/Class;+111 java.base@21.0.6
j  jdk.internal.loader.BuiltinClassLoader.loadClass(Ljava/lang/String;Z)Ljava/lang/Class;+3 java.base@21.0.6
j  jdk.internal.loader.ClassLoaders$AppClassLoader.loadClass(Ljava/lang/String;Z)Ljava/lang/Class;+36 java.base@21.0.6
j  java.lang.ClassLoader.loadClass(Ljava/lang/String;)Ljava/lang/Class;+3 java.base@21.0.6
v  ~StubRoutines::call_stub 0x000001aaf3a7100d
j  java.lang.Class.forName0(Ljava/lang/String;ZLjava/lang/ClassLoader;Ljava/lang/Class;)Ljava/lang/Class;+0 java.base@21.0.6
j  java.lang.Class.forName(Ljava/lang/String;ZLjava/lang/ClassLoader;Ljava/lang/Class;)Ljava/lang/Class;+37 java.base@21.0.6
j  java.lang.Class.forName(Ljava/lang/String;ZLjava/lang/ClassLoader;)Ljava/lang/Class;+20 java.base@21.0.6
j  sun.launcher.LauncherHelper.loadMainClass(ILjava/lang/String;)Ljava/lang/Class;+95 java.base@21.0.6
j  sun.launcher.LauncherHelper.checkAndLoadMain(ZILjava/lang/String;)Ljava/lang/Class;+42 java.base@21.0.6
v  ~StubRoutines::call_stub 0x000001aaf3a7100d
instanceof  193 instanceof  [0x000001aaf3a96780, 0x000001aaf3a96a78]  760 bytes
[MachCode]
  0x000001aaf3a96780: 5848 85c0 | 0f84 be02 | 0000 488b | 4de8 488b | 4908 488b | 4908 488b | 5108 410f | b75d 010f 
  0x000001aaf3a967a0: cbc1 eb10 | 807c 1a04 | 070f 847d | 0100 0050 | e805 0000 | 00e9 4d01 | 0000 488d | 4424 084c 
  0x000001aaf3a967c0: 896d c049 | 8bcf c5f8 | 7749 89af | a803 0000 | 4989 8798 | 0300 0048 | 83ec 2040 | f6c4 0f0f 
  0x000001aaf3a967e0: 8419 0000 | 0048 83ec | 0848 b890 | 5cea 81fb | 7f00 00ff | d048 83c4 | 08e9 0c00 | 0000 48b8 
  0x000001aaf3a96800: 905c ea81 | fb7f 0000 | ffd0 4883 | c420 49c7 | 8798 0300 | 0000 0000 | 0049 c787 | a803 0000 
  0x000001aaf3a96820: 0000 0000 | 49c7 87a0 | 0300 0000 | 0000 00c5 | f877 418b | 8f24 0500 | 00f6 c101 | 0f84 4200 
  0x000001aaf3a96840: 0000 f6c1 | 020f 8539 | 0000 0048 | 83ec 2040 | f6c4 0f0f | 8419 0000 | 0048 83ec | 0848 b800 
  0x000001aaf3a96860: 09ea 81fb | 7f00 00ff | d048 83c4 | 08e9 0c00 | 0000 48b8 | 0009 ea81 | fb7f 0000 | ffd0 4883 
  0x000001aaf3a96880: c420 ffe0 | 498b 8fd0 | 0500 0048 | 85c9 0f84 | 5500 0000 | 8b89 9c00 | 0000 83f9 | 010f 8546 
  0x000001aaf3a968a0: 0000 0049 | 8b8f d005 | 0000 8b89 | a000 0000 | 4883 ec20 | 40f6 c40f | 0f84 1900 | 0000 4883 
  0x000001aaf3a968c0: ec08 48b8 | f008 ea81 | fb7f 0000 | ffd0 4883 | c408 e90c | 0000 0048 | b8f0 08ea | 81fb 7f00 
  0x000001aaf3a968e0: 00ff d048 | 83c4 20ff | e049 837f | 0800 0f84 | 0500 0000 | e907 a6fd | ff4c 8b6d | c04c 8b75 
  0x000001aaf3a96900: c84e 8d74 | f500 c349 | 8b87 f803 | 0000 49c7 | 87f8 0300 | 0000 0000 | 005a 8b52 | 0849 ba00 
  0x000001aaf3a96920: 0000 81aa | 0100 0049 | 03d2 eb1e | 8b50 0849 | ba00 0000 | 81aa 0100 | 0049 03d2 | 668b 5cd9 
  0x000001aaf3a96940: 4848 8b49 | 2848 8b44 | d908 488b | 4dd8 4885 | c90f 848a | 0000 0048 | 8b79 1848 | 3bfa 0f85 
  0x000001aaf3a96960: 0f00 0000 | 4883 4120 | 0148 8359 | 2000 e966 | 0000 0048 | 85ff 0f84 | 3700 0000 | 488b 7928 
  0x000001aaf3a96980: 483b fa0f | 850f 0000 | 0048 8341 | 3001 4883 | 5930 00e9 | 4100 0000 | 4885 ff0f | 8538 0000 
  0x000001aaf3a969a0: 0048 8951 | 28bf 0100 | 0000 4889 | 7930 e926 | 0000 0048 | 3b51 280f | 850f 0000 | 0048 8341 
  0x000001aaf3a969c0: 3001 4883 | 5930 00e9 | 0d00 0000 | 4889 5118 | bf01 0000 | 0048 8979 | 2048 83c1 | 3848 894d 
  0x000001aaf3a969e0: d848 3bd0 | 0f84 5400 | 0000 8b48 | 1448 3b04 | 0a0f 8447 | 0000 0083 | f920 0f85 | 1d00 0000 
  0x000001aaf3a96a00: 5748 8b7a | 288b 0f48 | 83c7 0848 | 85c0 f248 | af5f 7509 | 4889 4220 | e921 0000 | 0048 8b4d 
  0x000001aaf3a96a20: d848 85c9 | 0f84 1000 | 0000 4883 | 41d0 ff0f | 8805 0000 | 0048 8341 | d001 33c0 | eb23 b801 
  0x000001aaf3a96a40: 0000 00e9 | 1900 0000 | 488b 4dd8 | 4885 c90f | 840c 0000 | 0080 4901 | 0148 83c1 | 3848 894d 
  0x000001aaf3a96a60: d841 0fb6 | 5d03 4983 | c503 49ba | 10fc 7182 | fb7f 0000 | 41ff 24da 
[/MachCode]

---------------  P R O C E S S  ---------------

Threads class SMR info:
_java_thread_list=0x000001aa805d5f70, length=14, elements={
0x000001aae1f38920, 0x000001aa8019ec00, 0x000001aa801a1a20, 0x000001aa801a3480,
0x000001aa801a46e0, 0x000001aa801a5130, 0x000001aa801a9e60, 0x000001aa801aabe0,
0x000001aa801b93a0, 0x000001aa803d1820, 0x000001aa80473d00, 0x000001aa80476d10,
0x000001aa80469ca0, 0x000001aa8061f960
}

Java Threads: ( => current thread )
=>0x000001aae1f38920 JavaThread "main"                              [_thread_in_vm, id=18244, stack(0x00000038f7900000,0x00000038f7a00000) (1024K)]
  0x000001aa8019ec00 JavaThread "Reference Handler"          daemon [_thread_blocked, id=12824, stack(0x00000038f8100000,0x00000038f8200000) (1024K)]
  0x000001aa801a1a20 JavaThread "Finalizer"                  daemon [_thread_blocked, id=10472, stack(0x00000038f8200000,0x00000038f8300000) (1024K)]
  0x000001aa801a3480 JavaThread "Signal Dispatcher"          daemon [_thread_blocked, id=9312, stack(0x00000038f8300000,0x00000038f8400000) (1024K)]
  0x000001aa801a46e0 JavaThread "Attach Listener"            daemon [_thread_blocked, id=6016, stack(0x00000038f8400000,0x00000038f8500000) (1024K)]
  0x000001aa801a5130 JavaThread "Service Thread"             daemon [_thread_blocked, id=13592, stack(0x00000038f8500000,0x00000038f8600000) (1024K)]
  0x000001aa801a9e60 JavaThread "Monitor Deflation Thread"   daemon [_thread_blocked, id=2596, stack(0x00000038f8600000,0x00000038f8700000) (1024K)]
  0x000001aa801aabe0 JavaThread "C2 CompilerThread0"         daemon [_thread_blocked, id=13360, stack(0x00000038f8700000,0x00000038f8800000) (1024K)]
  0x000001aa801b93a0 JavaThread "C1 CompilerThread0"         daemon [_thread_blocked, id=13144, stack(0x00000038f8800000,0x00000038f8900000) (1024K)]
  0x000001aa803d1820 JavaThread "Common-Cleaner"             daemon [_thread_blocked, id=9536, stack(0x00000038f8900000,0x00000038f8a00000) (1024K)]
  0x000001aa80473d00 JavaThread "JDWP Transport Listener: dt_socket" daemon [_thread_blocked, id=14472, stack(0x00000038f8a00000,0x00000038f8b00000) (1024K)]
  0x000001aa80476d10 JavaThread "JDWP Event Helper Thread"   daemon [_thread_blocked, id=6688, stack(0x00000038f8b00000,0x00000038f8c00000) (1024K)]
  0x000001aa80469ca0 JavaThread "JDWP Command Reader"        daemon [_thread_in_native, id=2780, stack(0x00000038f8c00000,0x00000038f8d00000) (1024K)]
  0x000001aa8061f960 JavaThread "Notification Thread"        daemon [_thread_blocked, id=18328, stack(0x00000038f8d00000,0x00000038f8e00000) (1024K)]
Total: 14

Other Threads:
  0x000001aa80182550 VMThread "VM Thread"                           [id=2608, stack(0x00000038f8000000,0x00000038f8100000) (1024K)]
  0x000001aa80171380 WatcherThread "VM Periodic Task Thread"        [id=12160, stack(0x00000038f7f00000,0x00000038f8000000) (1024K)]
  0x000001aae4123d40 WorkerThread "GC Thread#0"                     [id=8728, stack(0x00000038f7a00000,0x00000038f7b00000) (1024K)]
  0x000001aae4135870 ConcurrentGCThread "G1 Main Marker"            [id=16820, stack(0x00000038f7b00000,0x00000038f7c00000) (1024K)]
  0x000001aae4136a20 WorkerThread "G1 Conc#0"                       [id=18428, stack(0x00000038f7c00000,0x00000038f7d00000) (1024K)]
  0x000001aa80043160 ConcurrentGCThread "G1 Refine#0"               [id=7180, stack(0x00000038f7d00000,0x00000038f7e00000) (1024K)]
  0x000001aa80043be0 ConcurrentGCThread "G1 Service"                [id=252, stack(0x00000038f7e00000,0x00000038f7f00000) (1024K)]
Total: 7

Threads with active compile tasks:
Total: 0

VM state: not at safepoint (normal execution)

VM Mutex/Monitor currently owned by a thread:  ([mutex/lock_event])
[0x00007ffb8270be18] Metaspace_lock - owner thread: 0x000001aae1f38920

Heap address: 0x0000000082400000, size: 2012 MB, Compressed Oops mode: 32-bit

CDS archive(s) mapped at: [0x000001aa81000000-0x000001aa81c90000-0x000001aa81c90000), size 13172736, SharedBaseAddress: 0x000001aa81000000, ArchiveRelocationMode: 1.
Compressed class space mapped at: 0x000001aa82000000-0x000001aac2000000, reserved size: 1073741824
Narrow klass base: 0x000001aa81000000, Narrow klass shift: 0, Narrow klass range: 0x100000000

GC Precious Log:
 CardTable entry size: 512
 Card Set container configuration: InlinePtr #cards 5 size 8 Array Of Cards #cards 12 size 40 Howl #buckets 4 coarsen threshold 1843 Howl Bitmap #cards 512 size 80 coarsen threshold 460 Card regions per heap region 1 cards per card region 2048
 CPUs: 4 total, 4 available
 Memory: 8047M
 Large Page Support: Disabled
 NUMA Support: Disabled
 Compressed Oops: Enabled (32-bit)
 Heap Region Size: 1M
 Heap Min Capacity: 8M
 Heap Initial Capacity: 126M
 Heap Max Capacity: 2012M
 Pre-touch: Disabled
 Parallel Workers: 4
 Concurrent Workers: 1
 Concurrent Refinement Workers: 4
 Periodic GC: Disabled

Heap:
 garbage-first heap   total 129024K, used 3072K [0x0000000082400000, 0x0000000100000000)
  region size 1024K, 4 young (4096K), 0 survivors (0K)
 Metaspace       used 1044K, committed 1216K, reserved 1114112K
  class space    used 73K, committed 192K, reserved 1048576K

Heap Regions: E=young(eden), S=young(survivor), O=old, HS=humongous(starts), HC=humongous(continues), CS=collection set, F=free, TAMS=top-at-mark-start, PB=parsable bottom
|   0|0x0000000082400000, 0x0000000082400000, 0x0000000082500000|  0%| F|  |TAMS 0x0000000082400000| PB 0x0000000082400000| Untracked 
|   1|0x0000000082500000, 0x0000000082500000, 0x0000000082600000|  0%| F|  |TAMS 0x0000000082500000| PB 0x0000000082500000| Untracked 
|   2|0x0000000082600000, 0x0000000082600000, 0x0000000082700000|  0%| F|  |TAMS 0x0000000082600000| PB 0x0000000082600000| Untracked 
|   3|0x0000000082700000, 0x0000000082700000, 0x0000000082800000|  0%| F|  |TAMS 0x0000000082700000| PB 0x0000000082700000| Untracked 
|   4|0x0000000082800000, 0x0000000082800000, 0x0000000082900000|  0%| F|  |TAMS 0x0000000082800000| PB 0x0000000082800000| Untracked 
|   5|0x0000000082900000, 0x0000000082900000, 0x0000000082a00000|  0%| F|  |TAMS 0x0000000082900000| PB 0x0000000082900000| Untracked 
|   6|0x0000000082a00000, 0x0000000082a00000, 0x0000000082b00000|  0%| F|  |TAMS 0x0000000082a00000| PB 0x0000000082a00000| Untracked 
|   7|0x0000000082b00000, 0x0000000082b00000, 0x0000000082c00000|  0%| F|  |TAMS 0x0000000082b00000| PB 0x0000000082b00000| Untracked 
|   8|0x0000000082c00000, 0x0000000082c00000, 0x0000000082d00000|  0%| F|  |TAMS 0x0000000082c00000| PB 0x0000000082c00000| Untracked 
|   9|0x0000000082d00000, 0x0000000082d00000, 0x0000000082e00000|  0%| F|  |TAMS 0x0000000082d00000| PB 0x0000000082d00000| Untracked 
|  10|0x0000000082e00000, 0x0000000082e00000, 0x0000000082f00000|  0%| F|  |TAMS 0x0000000082e00000| PB 0x0000000082e00000| Untracked 
|  11|0x0000000082f00000, 0x0000000082f00000, 0x0000000083000000|  0%| F|  |TAMS 0x0000000082f00000| PB 0x0000000082f00000| Untracked 
|  12|0x0000000083000000, 0x0000000083000000, 0x0000000083100000|  0%| F|  |TAMS 0x0000000083000000| PB 0x0000000083000000| Untracked 
|  13|0x0000000083100000, 0x0000000083100000, 0x0000000083200000|  0%| F|  |TAMS 0x0000000083100000| PB 0x0000000083100000| Untracked 
|  14|0x0000000083200000, 0x0000000083200000, 0x0000000083300000|  0%| F|  |TAMS 0x0000000083200000| PB 0x0000000083200000| Untracked 
|  15|0x0000000083300000, 0x0000000083300000, 0x0000000083400000|  0%| F|  |TAMS 0x0000000083300000| PB 0x0000000083300000| Untracked 
|  16|0x0000000083400000, 0x0000000083400000, 0x0000000083500000|  0%| F|  |TAMS 0x0000000083400000| PB 0x0000000083400000| Untracked 
|  17|0x0000000083500000, 0x0000000083500000, 0x0000000083600000|  0%| F|  |TAMS 0x0000000083500000| PB 0x0000000083500000| Untracked 
|  18|0x0000000083600000, 0x0000000083600000, 0x0000000083700000|  0%| F|  |TAMS 0x0000000083600000| PB 0x0000000083600000| Untracked 
|  19|0x0000000083700000, 0x0000000083700000, 0x0000000083800000|  0%| F|  |TAMS 0x0000000083700000| PB 0x0000000083700000| Untracked 
|  20|0x0000000083800000, 0x0000000083800000, 0x0000000083900000|  0%| F|  |TAMS 0x0000000083800000| PB 0x0000000083800000| Untracked 
|  21|0x0000000083900000, 0x0000000083900000, 0x0000000083a00000|  0%| F|  |TAMS 0x0000000083900000| PB 0x0000000083900000| Untracked 
|  22|0x0000000083a00000, 0x0000000083a00000, 0x0000000083b00000|  0%| F|  |TAMS 0x0000000083a00000| PB 0x0000000083a00000| Untracked 
|  23|0x0000000083b00000, 0x0000000083b00000, 0x0000000083c00000|  0%| F|  |TAMS 0x0000000083b00000| PB 0x0000000083b00000| Untracked 
|  24|0x0000000083c00000, 0x0000000083c00000, 0x0000000083d00000|  0%| F|  |TAMS 0x0000000083c00000| PB 0x0000000083c00000| Untracked 
|  25|0x0000000083d00000, 0x0000000083d00000, 0x0000000083e00000|  0%| F|  |TAMS 0x0000000083d00000| PB 0x0000000083d00000| Untracked 
|  26|0x0000000083e00000, 0x0000000083e00000, 0x0000000083f00000|  0%| F|  |TAMS 0x0000000083e00000| PB 0x0000000083e00000| Untracked 
|  27|0x0000000083f00000, 0x0000000083f00000, 0x0000000084000000|  0%| F|  |TAMS 0x0000000083f00000| PB 0x0000000083f00000| Untracked 
|  28|0x0000000084000000, 0x0000000084000000, 0x0000000084100000|  0%| F|  |TAMS 0x0000000084000000| PB 0x0000000084000000| Untracked 
|  29|0x0000000084100000, 0x0000000084100000, 0x0000000084200000|  0%| F|  |TAMS 0x0000000084100000| PB 0x0000000084100000| Untracked 
|  30|0x0000000084200000, 0x0000000084200000, 0x0000000084300000|  0%| F|  |TAMS 0x0000000084200000| PB 0x0000000084200000| Untracked 
|  31|0x0000000084300000, 0x0000000084300000, 0x0000000084400000|  0%| F|  |TAMS 0x0000000084300000| PB 0x0000000084300000| Untracked 
|  32|0x0000000084400000, 0x0000000084400000, 0x0000000084500000|  0%| F|  |TAMS 0x0000000084400000| PB 0x0000000084400000| Untracked 
|  33|0x0000000084500000, 0x0000000084500000, 0x0000000084600000|  0%| F|  |TAMS 0x0000000084500000| PB 0x0000000084500000| Untracked 
|  34|0x0000000084600000, 0x0000000084600000, 0x0000000084700000|  0%| F|  |TAMS 0x0000000084600000| PB 0x0000000084600000| Untracked 
|  35|0x0000000084700000, 0x0000000084700000, 0x0000000084800000|  0%| F|  |TAMS 0x0000000084700000| PB 0x0000000084700000| Untracked 
|  36|0x0000000084800000, 0x0000000084800000, 0x0000000084900000|  0%| F|  |TAMS 0x0000000084800000| PB 0x0000000084800000| Untracked 
|  37|0x0000000084900000, 0x0000000084900000, 0x0000000084a00000|  0%| F|  |TAMS 0x0000000084900000| PB 0x0000000084900000| Untracked 
|  38|0x0000000084a00000, 0x0000000084a00000, 0x0000000084b00000|  0%| F|  |TAMS 0x0000000084a00000| PB 0x0000000084a00000| Untracked 
|  39|0x0000000084b00000, 0x0000000084b00000, 0x0000000084c00000|  0%| F|  |TAMS 0x0000000084b00000| PB 0x0000000084b00000| Untracked 
|  40|0x0000000084c00000, 0x0000000084c00000, 0x0000000084d00000|  0%| F|  |TAMS 0x0000000084c00000| PB 0x0000000084c00000| Untracked 
|  41|0x0000000084d00000, 0x0000000084d00000, 0x0000000084e00000|  0%| F|  |TAMS 0x0000000084d00000| PB 0x0000000084d00000| Untracked 
|  42|0x0000000084e00000, 0x0000000084e00000, 0x0000000084f00000|  0%| F|  |TAMS 0x0000000084e00000| PB 0x0000000084e00000| Untracked 
|  43|0x0000000084f00000, 0x0000000084f00000, 0x0000000085000000|  0%| F|  |TAMS 0x0000000084f00000| PB 0x0000000084f00000| Untracked 
|  44|0x0000000085000000, 0x0000000085000000, 0x0000000085100000|  0%| F|  |TAMS 0x0000000085000000| PB 0x0000000085000000| Untracked 
|  45|0x0000000085100000, 0x0000000085100000, 0x0000000085200000|  0%| F|  |TAMS 0x0000000085100000| PB 0x0000000085100000| Untracked 
|  46|0x0000000085200000, 0x0000000085200000, 0x0000000085300000|  0%| F|  |TAMS 0x0000000085200000| PB 0x0000000085200000| Untracked 
|  47|0x0000000085300000, 0x0000000085300000, 0x0000000085400000|  0%| F|  |TAMS 0x0000000085300000| PB 0x0000000085300000| Untracked 
|  48|0x0000000085400000, 0x0000000085400000, 0x0000000085500000|  0%| F|  |TAMS 0x0000000085400000| PB 0x0000000085400000| Untracked 
|  49|0x0000000085500000, 0x0000000085500000, 0x0000000085600000|  0%| F|  |TAMS 0x0000000085500000| PB 0x0000000085500000| Untracked 
|  50|0x0000000085600000, 0x0000000085600000, 0x0000000085700000|  0%| F|  |TAMS 0x0000000085600000| PB 0x0000000085600000| Untracked 
|  51|0x0000000085700000, 0x0000000085700000, 0x0000000085800000|  0%| F|  |TAMS 0x0000000085700000| PB 0x0000000085700000| Untracked 
|  52|0x0000000085800000, 0x0000000085800000, 0x0000000085900000|  0%| F|  |TAMS 0x0000000085800000| PB 0x0000000085800000| Untracked 
|  53|0x0000000085900000, 0x0000000085900000, 0x0000000085a00000|  0%| F|  |TAMS 0x0000000085900000| PB 0x0000000085900000| Untracked 
|  54|0x0000000085a00000, 0x0000000085a00000, 0x0000000085b00000|  0%| F|  |TAMS 0x0000000085a00000| PB 0x0000000085a00000| Untracked 
|  55|0x0000000085b00000, 0x0000000085b00000, 0x0000000085c00000|  0%| F|  |TAMS 0x0000000085b00000| PB 0x0000000085b00000| Untracked 
|  56|0x0000000085c00000, 0x0000000085c00000, 0x0000000085d00000|  0%| F|  |TAMS 0x0000000085c00000| PB 0x0000000085c00000| Untracked 
|  57|0x0000000085d00000, 0x0000000085d00000, 0x0000000085e00000|  0%| F|  |TAMS 0x0000000085d00000| PB 0x0000000085d00000| Untracked 
|  58|0x0000000085e00000, 0x0000000085e00000, 0x0000000085f00000|  0%| F|  |TAMS 0x0000000085e00000| PB 0x0000000085e00000| Untracked 
|  59|0x0000000085f00000, 0x0000000085f00000, 0x0000000086000000|  0%| F|  |TAMS 0x0000000085f00000| PB 0x0000000085f00000| Untracked 
|  60|0x0000000086000000, 0x0000000086000000, 0x0000000086100000|  0%| F|  |TAMS 0x0000000086000000| PB 0x0000000086000000| Untracked 
|  61|0x0000000086100000, 0x0000000086100000, 0x0000000086200000|  0%| F|  |TAMS 0x0000000086100000| PB 0x0000000086100000| Untracked 
|  62|0x0000000086200000, 0x0000000086200000, 0x0000000086300000|  0%| F|  |TAMS 0x0000000086200000| PB 0x0000000086200000| Untracked 
|  63|0x0000000086300000, 0x0000000086300000, 0x0000000086400000|  0%| F|  |TAMS 0x0000000086300000| PB 0x0000000086300000| Untracked 
|  64|0x0000000086400000, 0x0000000086400000, 0x0000000086500000|  0%| F|  |TAMS 0x0000000086400000| PB 0x0000000086400000| Untracked 
|  65|0x0000000086500000, 0x0000000086500000, 0x0000000086600000|  0%| F|  |TAMS 0x0000000086500000| PB 0x0000000086500000| Untracked 
|  66|0x0000000086600000, 0x0000000086600000, 0x0000000086700000|  0%| F|  |TAMS 0x0000000086600000| PB 0x0000000086600000| Untracked 
|  67|0x0000000086700000, 0x0000000086700000, 0x0000000086800000|  0%| F|  |TAMS 0x0000000086700000| PB 0x0000000086700000| Untracked 
|  68|0x0000000086800000, 0x0000000086800000, 0x0000000086900000|  0%| F|  |TAMS 0x0000000086800000| PB 0x0000000086800000| Untracked 
|  69|0x0000000086900000, 0x0000000086900000, 0x0000000086a00000|  0%| F|  |TAMS 0x0000000086900000| PB 0x0000000086900000| Untracked 
|  70|0x0000000086a00000, 0x0000000086a00000, 0x0000000086b00000|  0%| F|  |TAMS 0x0000000086a00000| PB 0x0000000086a00000| Untracked 
|  71|0x0000000086b00000, 0x0000000086b00000, 0x0000000086c00000|  0%| F|  |TAMS 0x0000000086b00000| PB 0x0000000086b00000| Untracked 
|  72|0x0000000086c00000, 0x0000000086c00000, 0x0000000086d00000|  0%| F|  |TAMS 0x0000000086c00000| PB 0x0000000086c00000| Untracked 
|  73|0x0000000086d00000, 0x0000000086d00000, 0x0000000086e00000|  0%| F|  |TAMS 0x0000000086d00000| PB 0x0000000086d00000| Untracked 
|  74|0x0000000086e00000, 0x0000000086e00000, 0x0000000086f00000|  0%| F|  |TAMS 0x0000000086e00000| PB 0x0000000086e00000| Untracked 
|  75|0x0000000086f00000, 0x0000000086f00000, 0x0000000087000000|  0%| F|  |TAMS 0x0000000086f00000| PB 0x0000000086f00000| Untracked 
|  76|0x0000000087000000, 0x0000000087000000, 0x0000000087100000|  0%| F|  |TAMS 0x0000000087000000| PB 0x0000000087000000| Untracked 
|  77|0x0000000087100000, 0x0000000087100000, 0x0000000087200000|  0%| F|  |TAMS 0x0000000087100000| PB 0x0000000087100000| Untracked 
|  78|0x0000000087200000, 0x0000000087200000, 0x0000000087300000|  0%| F|  |TAMS 0x0000000087200000| PB 0x0000000087200000| Untracked 
|  79|0x0000000087300000, 0x0000000087300000, 0x0000000087400000|  0%| F|  |TAMS 0x0000000087300000| PB 0x0000000087300000| Untracked 
|  80|0x0000000087400000, 0x0000000087400000, 0x0000000087500000|  0%| F|  |TAMS 0x0000000087400000| PB 0x0000000087400000| Untracked 
|  81|0x0000000087500000, 0x0000000087500000, 0x0000000087600000|  0%| F|  |TAMS 0x0000000087500000| PB 0x0000000087500000| Untracked 
|  82|0x0000000087600000, 0x0000000087600000, 0x0000000087700000|  0%| F|  |TAMS 0x0000000087600000| PB 0x0000000087600000| Untracked 
|  83|0x0000000087700000, 0x0000000087700000, 0x0000000087800000|  0%| F|  |TAMS 0x0000000087700000| PB 0x0000000087700000| Untracked 
|  84|0x0000000087800000, 0x0000000087800000, 0x0000000087900000|  0%| F|  |TAMS 0x0000000087800000| PB 0x0000000087800000| Untracked 
|  85|0x0000000087900000, 0x0000000087900000, 0x0000000087a00000|  0%| F|  |TAMS 0x0000000087900000| PB 0x0000000087900000| Untracked 
|  86|0x0000000087a00000, 0x0000000087a00000, 0x0000000087b00000|  0%| F|  |TAMS 0x0000000087a00000| PB 0x0000000087a00000| Untracked 
|  87|0x0000000087b00000, 0x0000000087b00000, 0x0000000087c00000|  0%| F|  |TAMS 0x0000000087b00000| PB 0x0000000087b00000| Untracked 
|  88|0x0000000087c00000, 0x0000000087c00000, 0x0000000087d00000|  0%| F|  |TAMS 0x0000000087c00000| PB 0x0000000087c00000| Untracked 
|  89|0x0000000087d00000, 0x0000000087d00000, 0x0000000087e00000|  0%| F|  |TAMS 0x0000000087d00000| PB 0x0000000087d00000| Untracked 
|  90|0x0000000087e00000, 0x0000000087e00000, 0x0000000087f00000|  0%| F|  |TAMS 0x0000000087e00000| PB 0x0000000087e00000| Untracked 
|  91|0x0000000087f00000, 0x0000000087f00000, 0x0000000088000000|  0%| F|  |TAMS 0x0000000087f00000| PB 0x0000000087f00000| Untracked 
|  92|0x0000000088000000, 0x0000000088000000, 0x0000000088100000|  0%| F|  |TAMS 0x0000000088000000| PB 0x0000000088000000| Untracked 
|  93|0x0000000088100000, 0x0000000088100000, 0x0000000088200000|  0%| F|  |TAMS 0x0000000088100000| PB 0x0000000088100000| Untracked 
|  94|0x0000000088200000, 0x0000000088200000, 0x0000000088300000|  0%| F|  |TAMS 0x0000000088200000| PB 0x0000000088200000| Untracked 
|  95|0x0000000088300000, 0x0000000088300000, 0x0000000088400000|  0%| F|  |TAMS 0x0000000088300000| PB 0x0000000088300000| Untracked 
|  96|0x0000000088400000, 0x0000000088400000, 0x0000000088500000|  0%| F|  |TAMS 0x0000000088400000| PB 0x0000000088400000| Untracked 
|  97|0x0000000088500000, 0x0000000088500000, 0x0000000088600000|  0%| F|  |TAMS 0x0000000088500000| PB 0x0000000088500000| Untracked 
|  98|0x0000000088600000, 0x0000000088600000, 0x0000000088700000|  0%| F|  |TAMS 0x0000000088600000| PB 0x0000000088600000| Untracked 
|  99|0x0000000088700000, 0x0000000088700000, 0x0000000088800000|  0%| F|  |TAMS 0x0000000088700000| PB 0x0000000088700000| Untracked 
| 100|0x0000000088800000, 0x0000000088800000, 0x0000000088900000|  0%| F|  |TAMS 0x0000000088800000| PB 0x0000000088800000| Untracked 
| 101|0x0000000088900000, 0x0000000088900000, 0x0000000088a00000|  0%| F|  |TAMS 0x0000000088900000| PB 0x0000000088900000| Untracked 
| 102|0x0000000088a00000, 0x0000000088a00000, 0x0000000088b00000|  0%| F|  |TAMS 0x0000000088a00000| PB 0x0000000088a00000| Untracked 
| 103|0x0000000088b00000, 0x0000000088b00000, 0x0000000088c00000|  0%| F|  |TAMS 0x0000000088b00000| PB 0x0000000088b00000| Untracked 
| 104|0x0000000088c00000, 0x0000000088c00000, 0x0000000088d00000|  0%| F|  |TAMS 0x0000000088c00000| PB 0x0000000088c00000| Untracked 
| 105|0x0000000088d00000, 0x0000000088d00000, 0x0000000088e00000|  0%| F|  |TAMS 0x0000000088d00000| PB 0x0000000088d00000| Untracked 
| 106|0x0000000088e00000, 0x0000000088e00000, 0x0000000088f00000|  0%| F|  |TAMS 0x0000000088e00000| PB 0x0000000088e00000| Untracked 
| 107|0x0000000088f00000, 0x0000000088f00000, 0x0000000089000000|  0%| F|  |TAMS 0x0000000088f00000| PB 0x0000000088f00000| Untracked 
| 108|0x0000000089000000, 0x0000000089000000, 0x0000000089100000|  0%| F|  |TAMS 0x0000000089000000| PB 0x0000000089000000| Untracked 
| 109|0x0000000089100000, 0x0000000089100000, 0x0000000089200000|  0%| F|  |TAMS 0x0000000089100000| PB 0x0000000089100000| Untracked 
| 110|0x0000000089200000, 0x0000000089200000, 0x0000000089300000|  0%| F|  |TAMS 0x0000000089200000| PB 0x0000000089200000| Untracked 
| 111|0x0000000089300000, 0x0000000089300000, 0x0000000089400000|  0%| F|  |TAMS 0x0000000089300000| PB 0x0000000089300000| Untracked 
| 112|0x0000000089400000, 0x0000000089400000, 0x0000000089500000|  0%| F|  |TAMS 0x0000000089400000| PB 0x0000000089400000| Untracked 
| 113|0x0000000089500000, 0x0000000089500000, 0x0000000089600000|  0%| F|  |TAMS 0x0000000089500000| PB 0x0000000089500000| Untracked 
| 114|0x0000000089600000, 0x0000000089600000, 0x0000000089700000|  0%| F|  |TAMS 0x0000000089600000| PB 0x0000000089600000| Untracked 
| 115|0x0000000089700000, 0x0000000089700000, 0x0000000089800000|  0%| F|  |TAMS 0x0000000089700000| PB 0x0000000089700000| Untracked 
| 116|0x0000000089800000, 0x0000000089800000, 0x0000000089900000|  0%| F|  |TAMS 0x0000000089800000| PB 0x0000000089800000| Untracked 
| 117|0x0000000089900000, 0x0000000089900000, 0x0000000089a00000|  0%| F|  |TAMS 0x0000000089900000| PB 0x0000000089900000| Untracked 
| 118|0x0000000089a00000, 0x0000000089a00000, 0x0000000089b00000|  0%| F|  |TAMS 0x0000000089a00000| PB 0x0000000089a00000| Untracked 
| 119|0x0000000089b00000, 0x0000000089b00000, 0x0000000089c00000|  0%| F|  |TAMS 0x0000000089b00000| PB 0x0000000089b00000| Untracked 
| 120|0x0000000089c00000, 0x0000000089c00000, 0x0000000089d00000|  0%| F|  |TAMS 0x0000000089c00000| PB 0x0000000089c00000| Untracked 
| 121|0x0000000089d00000, 0x0000000089d00000, 0x0000000089e00000|  0%| F|  |TAMS 0x0000000089d00000| PB 0x0000000089d00000| Untracked 
| 122|0x0000000089e00000, 0x0000000089e87ce0, 0x0000000089f00000| 53%| E|  |TAMS 0x0000000089e00000| PB 0x0000000089e00000| Complete 
| 123|0x0000000089f00000, 0x000000008a000000, 0x000000008a000000|100%| E|CS|TAMS 0x0000000089f00000| PB 0x0000000089f00000| Complete 
| 124|0x000000008a000000, 0x000000008a100000, 0x000000008a100000|100%| E|CS|TAMS 0x000000008a000000| PB 0x000000008a000000| Complete 
| 125|0x000000008a100000, 0x000000008a200000, 0x000000008a200000|100%| E|CS|TAMS 0x000000008a100000| PB 0x000000008a100000| Complete 

Card table byte_map: [0x000001aafb930000,0x000001aafbd20000] _byte_map_base: 0x000001aafb51e000

Marking Bits: (CMBitMap*) 0x000001aae4125260
 Bits: [0x000001aafbd20000, 0x000001aafdc90000)

Polling page: 0x000001aae3880000

Metaspace:

Usage:
  Non-class:    971.02 KB used.
      Class:     73.95 KB used.
       Both:      1.02 MB used.

Virtual space:
  Non-class space:       64.00 MB reserved,       1.00 MB (  2%) committed,  1 nodes.
      Class space:        1.00 GB reserved,     192.00 KB ( <1%) committed,  1 nodes.
             Both:        1.06 GB reserved,       1.19 MB ( <1%) committed. 

Chunk freelists:
   Non-Class:  11.98 MB
       Class:  15.74 MB
        Both:  27.72 MB

MaxMetaspaceSize: unlimited
CompressedClassSpaceSize: 1.00 GB
Initial GC threshold: 21.00 MB
Current GC threshold: 21.00 MB
CDS: on
 - commit_granule_bytes: 65536.
 - commit_granule_words: 8192.
 - virtual_space_node_default_size: 8388608.
 - enlarge_chunks_in_place: 1.
 - use_allocation_guard: 0.


Internal statistics:

num_allocs_failed_limit: 0.
num_arena_births: 20.
num_arena_deaths: 0.
num_vsnodes_births: 2.
num_vsnodes_deaths: 0.
num_space_committed: 19.
num_space_uncommitted: 0.
num_chunks_returned_to_freelist: 0.
num_chunks_taken_from_freelist: 21.
num_chunk_merges: 0.
num_chunk_splits: 15.
num_chunks_enlarged: 9.
num_inconsistent_stats: 0.

CodeHeap 'non-profiled nmethods': size=120000Kb used=102Kb max_used=102Kb free=119897Kb
 bounds [0x000001aaf4010000, 0x000001aaf4280000, 0x000001aafb540000]
CodeHeap 'profiled nmethods': size=120000Kb used=283Kb max_used=283Kb free=119716Kb
 bounds [0x000001aaec540000, 0x000001aaec7b0000, 0x000001aaf3a70000]
CodeHeap 'non-nmethods': size=5760Kb used=1315Kb max_used=1333Kb free=4444Kb
 bounds [0x000001aaf3a70000, 0x000001aaf3ce0000, 0x000001aaf4010000]
 total_blobs=633 nmethods=261 adapters=277
 compilation: enabled
              stopped_count=0, restarted_count=0
 full_count=0

Compilation events (20 events):
Event: 0.973 Thread 0x000001aa801b93a0  253       3       org.jetbrains.capture.org.objectweb.asm.Frame::execute (2318 bytes)
Event: 0.981 Thread 0x000001aa801b93a0 

Event: 0.981 Thread 0x000001aa801b93a0  254       3       org.jetbrains.capture.org.objectweb.asm.ClassReader::readBytecodeInstructionOffset (1 bytes)
Event: 0.981 Thread 0x000001aa801b93a0 nmethod 254 0x000001aaec584590 code [0x000001aaec584720, 0x000001aaec584828]
Event: 0.981 Thread 0x000001aa801b93a0  255       3       org.jetbrains.capture.org.objectweb.asm.Frame::push (109 bytes)
Event: 0.982 Thread 0x000001aa801b93a0 nmethod 255 0x000001aaec584890 code [0x000001aaec584a60, 0x000001aaec584fd0]
Event: 1.010 Thread 0x000001aa801aabe0  256       4       java.util.HashMap::putVal (300 bytes)
Event: 1.022 Thread 0x000001aa801b93a0  257       3       java.util.HashSet::contains (9 bytes)
Event: 1.023 Thread 0x000001aa801b93a0 nmethod 257 0x000001aaec585190 code [0x000001aaec585340, 0x000001aaec5855d0]
Event: 1.030 Thread 0x000001aa801b93a0  258       1       sun.instrument.TransformerManager$TransformerInfo::transformer (5 bytes)
Event: 1.030 Thread 0x000001aa801b93a0 nmethod 258 0x000001aaf4028010 code [0x000001aaf40281a0, 0x000001aaf4028268]
Event: 1.031 Thread 0x000001aa801b93a0  259       3       java.lang.StringUTF16::getChar (60 bytes)
Event: 1.031 Thread 0x000001aa801b93a0 nmethod 259 0x000001aaec585710 code [0x000001aaec5858c0, 0x000001aaec585a30]
Event: 1.040 Thread 0x000001aa801aabe0 nmethod 256 0x000001aaf4028310 code [0x000001aaf4028560, 0x000001aaf4029390]
Event: 1.042 Thread 0x000001aa801b93a0  260       3       java.lang.String::isLatin1 (19 bytes)
Event: 1.042 Thread 0x000001aa801b93a0 nmethod 260 0x000001aaec585b10 code [0x000001aaec585cc0, 0x000001aaec585e38]
Event: 1.043 Thread 0x000001aa801b93a0  261       3       java.lang.String::charAt (25 bytes)
Event: 1.043 Thread 0x000001aa801b93a0 nmethod 261 0x000001aaec585f10 code [0x000001aaec586100, 0x000001aaec586648]
Event: 1.064 Thread 0x000001aa801b93a0  262       3       java.lang.instrument.ClassFileTransformer::transform (15 bytes)
Event: 1.065 Thread 0x000001aa801b93a0 nmethod 262 0x000001aaec586890 code [0x000001aaec586a40, 0x000001aaec586c48]

GC Heap History (0 events):
No events

Dll operation events (4 events):
Event: 0.026 Loaded shared library C:\Program Files\Java\jdk-21\bin\java.dll
Event: 0.028 Loaded shared library C:\Program Files\Java\jdk-21\bin\zip.dll
Event: 0.084 Loaded shared library C:\Program Files\Java\jdk-21\bin\jsvml.dll
Event: 0.885 Loaded shared library C:\Program Files\Java\jdk-21\bin\instrument.dll

Deoptimization events (20 events):
Event: 0.961 Thread 0x000001aae1f38920 Uncommon trap: trap_request=0xffffffde fr.pc=0x000001aaf402145c relative=0x0000000000000c1c
Event: 0.961 Thread 0x000001aae1f38920 Uncommon trap: reason=class_check action=maybe_recompile pc=0x000001aaf402145c method=java.util.HashMap.putVal(ILjava/lang/Object;Ljava/lang/Object;ZZ)Ljava/lang/Object; @ 152 c2
Event: 0.961 Thread 0x000001aae1f38920 DEOPT PACKING pc=0x000001aaf402145c sp=0x00000038f79fc9c0
Event: 0.961 Thread 0x000001aae1f38920 DEOPT UNPACKING pc=0x000001aaf3ac46a2 sp=0x00000038f79fc970 mode 2
Event: 0.961 Thread 0x000001aae1f38920 Uncommon trap: trap_request=0xffffffde fr.pc=0x000001aaf402145c relative=0x0000000000000c1c
Event: 0.961 Thread 0x000001aae1f38920 Uncommon trap: reason=class_check action=maybe_recompile pc=0x000001aaf402145c method=java.util.HashMap.putVal(ILjava/lang/Object;Ljava/lang/Object;ZZ)Ljava/lang/Object; @ 152 c2
Event: 0.961 Thread 0x000001aae1f38920 DEOPT PACKING pc=0x000001aaf402145c sp=0x00000038f79fc9c0
Event: 0.961 Thread 0x000001aae1f38920 DEOPT UNPACKING pc=0x000001aaf3ac46a2 sp=0x00000038f79fc970 mode 2
Event: 1.031 Thread 0x000001aae1f38920 Uncommon trap: trap_request=0xffffff45 fr.pc=0x000001aaf4015810 relative=0x0000000000000070
Event: 1.031 Thread 0x000001aae1f38920 Uncommon trap: reason=unstable_if action=reinterpret pc=0x000001aaf4015810 method=java.lang.String.isLatin1()Z @ 10 c2
Event: 1.031 Thread 0x000001aae1f38920 DEOPT PACKING pc=0x000001aaf4015810 sp=0x00000038f79fe2d0
Event: 1.031 Thread 0x000001aae1f38920 DEOPT UNPACKING pc=0x000001aaf3ac46a2 sp=0x00000038f79fe270 mode 2
Event: 1.032 Thread 0x000001aae1f38920 Uncommon trap: trap_request=0xffffff45 fr.pc=0x000001aaf40121f8 relative=0x00000000000000d8
Event: 1.032 Thread 0x000001aae1f38920 Uncommon trap: reason=unstable_if action=reinterpret pc=0x000001aaf40121f8 method=java.lang.String.isLatin1()Z @ 10 c2
Event: 1.032 Thread 0x000001aae1f38920 DEOPT PACKING pc=0x000001aaf40121f8 sp=0x00000038f79fed00
Event: 1.032 Thread 0x000001aae1f38920 DEOPT UNPACKING pc=0x000001aaf3ac46a2 sp=0x00000038f79fec50 mode 2
Event: 1.033 Thread 0x000001aae1f38920 Uncommon trap: trap_request=0xffffff45 fr.pc=0x000001aaf4027150 relative=0x0000000000000570
Event: 1.033 Thread 0x000001aae1f38920 Uncommon trap: reason=unstable_if action=reinterpret pc=0x000001aaf4027150 method=java.lang.StringLatin1.replace([BCC)Ljava/lang/String; @ 19 c2
Event: 1.033 Thread 0x000001aae1f38920 DEOPT PACKING pc=0x000001aaf4027150 sp=0x00000038f79ff010
Event: 1.033 Thread 0x000001aae1f38920 DEOPT UNPACKING pc=0x000001aaf3ac46a2 sp=0x00000038f79fef90 mode 2

Classes loaded (20 events):
Event: 1.041 Loading class jdk/internal/loader/URLClassPath$FileLoader done
Event: 1.043 Loading class jdk/internal/loader/URLClassPath$FileLoader$1
Event: 1.045 Loading class jdk/internal/loader/URLClassPath$FileLoader$1 done
Event: 1.046 Loading class java/lang/Package
Event: 1.047 Loading class java/lang/Package done
Event: 1.054 Loading class sun/security/util/LazyCodeSourcePermissionCollection
Event: 1.055 Loading class sun/security/util/LazyCodeSourcePermissionCollection done
Event: 1.055 Loading class java/security/Permissions
Event: 1.058 Loading class java/security/Permissions done
Event: 1.060 Loading class java/security/Permission
Event: 1.060 Loading class java/security/Permission done
Event: 1.060 Loading class java/security/BasicPermission
Event: 1.061 Loading class java/security/BasicPermission done
Event: 1.061 Loading class java/lang/RuntimePermission
Event: 1.062 Loading class java/lang/RuntimePermission done
Event: 1.062 Loading class java/security/BasicPermissionCollection
Event: 1.065 Loading class java/security/BasicPermissionCollection done
Event: 1.066 Loading class java/security/AllPermission
Event: 1.068 Loading class java/security/AllPermission done
Event: 1.068 Loading class java/security/UnresolvedPermission

Classes unloaded (0 events):
No events

Classes redefined (1 events):
Event: 0.979 Thread 0x000001aa80182550 redefined class name=java.lang.Throwable, count=1

Internal exceptions (2 events):
Event: 0.888 Thread 0x000001aae1f38920 Exception <a 'java/lang/NoSuchMethodError'{0x0000000089f51040}: 'void java.lang.invoke.DirectMethodHandle$Holder.invokeStatic(java.lang.Object, java.lang.Object, java.lang.Object)'> (0x0000000089f51040) 
thrown [s\open\src\hotspot\share\interpreter\linkResolver.cpp, line 773]
Event: 0.901 Thread 0x000001aae1f38920 Exception <a 'java/lang/NoSuchMethodError'{0x0000000089f685c8}: 'java.lang.Object java.lang.invoke.Invokers$Holder.invokeExact_MT(java.lang.Object, java.lang.Object, java.lang.Object, java.lang.Object, java.lang.Object)'> (0x0000000089f685c8) 
thrown [s\open\src\hotspot\share\interpreter\linkResolver.cpp, line 773]

ZGC Phase Switch (0 events):
No events

VM Operations (10 events):
Event: 0.232 Executing VM operation: HandshakeAllThreads (Deoptimize)
Event: 0.232 Executing VM operation: HandshakeAllThreads (Deoptimize) done
Event: 0.874 Executing VM operation: ChangeBreakpoints
Event: 0.874 Executing VM operation: ChangeBreakpoints done
Event: 0.876 Executing VM operation: ChangeBreakpoints
Event: 0.876 Executing VM operation: ChangeBreakpoints done
Event: 0.979 Executing VM operation: RedefineClasses
Event: 0.981 Executing VM operation: RedefineClasses done
Event: 0.997 Executing VM operation: get/set locals
Event: 0.997 Executing VM operation: get/set locals done

Events (14 events):
Event: 0.054 Thread 0x000001aae1f38920 Thread added: 0x000001aae1f38920
Event: 0.080 Thread 0x000001aa8019ec00 Thread added: 0x000001aa8019ec00
Event: 0.080 Thread 0x000001aa801a1a20 Thread added: 0x000001aa801a1a20
Event: 0.080 Thread 0x000001aa801a3480 Thread added: 0x000001aa801a3480
Event: 0.080 Thread 0x000001aa801a46e0 Thread added: 0x000001aa801a46e0
Event: 0.080 Thread 0x000001aa801a5130 Thread added: 0x000001aa801a5130
Event: 0.081 Thread 0x000001aa801a9e60 Thread added: 0x000001aa801a9e60
Event: 0.081 Thread 0x000001aa801aabe0 Thread added: 0x000001aa801aabe0
Event: 0.081 Thread 0x000001aa801b93a0 Thread added: 0x000001aa801b93a0
Event: 0.219 Thread 0x000001aa803d1820 Thread added: 0x000001aa803d1820
Event: 0.263 Thread 0x000001aa80473d00 Thread added: 0x000001aa80473d00
Event: 0.263 Thread 0x000001aa80476d10 Thread added: 0x000001aa80476d10
Event: 0.263 Thread 0x000001aa80469ca0 Thread added: 0x000001aa80469ca0
Event: 1.012 Thread 0x000001aa8061f960 Thread added: 0x000001aa8061f960


Dynamic libraries:
0x00007ff777090000 - 0x00007ff7770a0000 	C:\Program Files\Java\jdk-21\bin\java.exe
0x00007ffbf6b30000 - 0x00007ffbf6d28000 	C:\Windows\SYSTEM32\ntdll.dll
0x00007ffbf6a20000 - 0x00007ffbf6ae2000 	C:\Windows\System32\KERNEL32.DLL
0x00007ffbf44e0000 - 0x00007ffbf47d7000 	C:\Windows\System32\KERNELBASE.dll
0x00007ffbeff20000 - 0x00007ffbeffb4000 	C:\Windows\SYSTEM32\apphelp.dll
0x00007ffbf4390000 - 0x00007ffbf4490000 	C:\Windows\System32\ucrtbase.dll
0x00007ffbd2d80000 - 0x00007ffbd2d9b000 	C:\Program Files\Java\jdk-21\bin\VCRUNTIME140.dll
0x00007ffbd2f60000 - 0x00007ffbd2f79000 	C:\Program Files\Java\jdk-21\bin\jli.dll
0x00007ffbf5d90000 - 0x00007ffbf5e41000 	C:\Windows\System32\ADVAPI32.dll
0x00007ffbf6770000 - 0x00007ffbf680e000 	C:\Windows\System32\msvcrt.dll
0x00007ffbf4dd0000 - 0x00007ffbf4e6f000 	C:\Windows\System32\sechost.dll
0x00007ffbf57f0000 - 0x00007ffbf5916000 	C:\Windows\System32\RPCRT4.dll
0x00007ffbf41b0000 - 0x00007ffbf41d7000 	C:\Windows\System32\bcrypt.dll
0x00007ffbf5090000 - 0x00007ffbf522d000 	C:\Windows\System32\USER32.dll
0x00007ffbf47e0000 - 0x00007ffbf4802000 	C:\Windows\System32\win32u.dll
0x00007ffbf6840000 - 0x00007ffbf686b000 	C:\Windows\System32\GDI32.dll
0x00007ffbf41e0000 - 0x00007ffbf42fa000 	C:\Windows\System32\gdi32full.dll
0x00007ffbde150000 - 0x00007ffbde3eb000 	C:\Windows\WinSxS\amd64_microsoft.windows.common-controls_6595b64144ccf1df_6.0.19041.6926_none_60b5a53971f8f7e6\COMCTL32.dll
0x00007ffbf4810000 - 0x00007ffbf48ad000 	C:\Windows\System32\msvcp_win.dll
0x00007ffbeb9a0000 - 0x00007ffbeb9aa000 	C:\Windows\SYSTEM32\VERSION.dll
0x00007ffbf6810000 - 0x00007ffbf683f000 	C:\Windows\System32\IMM32.DLL
0x00007ffbe7da0000 - 0x00007ffbe7dac000 	C:\Program Files\Java\jdk-21\bin\vcruntime140_1.dll
0x00007ffbca840000 - 0x00007ffbca8ce000 	C:\Program Files\Java\jdk-21\bin\msvcp140.dll
0x00007ffb81ad0000 - 0x00007ffb827ea000 	C:\Program Files\Java\jdk-21\bin\server\jvm.dll
0x00007ffbf6870000 - 0x00007ffbf68db000 	C:\Windows\System32\WS2_32.dll
0x00007ffbde400000 - 0x00007ffbde427000 	C:\Windows\SYSTEM32\WINMM.dll
0x00007ffbf3710000 - 0x00007ffbf375b000 	C:\Windows\SYSTEM32\POWRPROF.dll
0x00007ffbf3580000 - 0x00007ffbf3592000 	C:\Windows\SYSTEM32\UMPDC.dll
0x00007ffbf2030000 - 0x00007ffbf2042000 	C:\Windows\SYSTEM32\kernel.appcore.dll
0x00007ffbd90b0000 - 0x00007ffbd90ba000 	C:\Program Files\Java\jdk-21\bin\jimage.dll
0x00007ffbe9820000 - 0x00007ffbe9a21000 	C:\Windows\SYSTEM32\DBGHELP.DLL
0x00007ffbe97e0000 - 0x00007ffbe9814000 	C:\Windows\SYSTEM32\dbgcore.DLL
0x00007ffbf4300000 - 0x00007ffbf4382000 	C:\Windows\System32\bcryptPrimitives.dll
0x00007ffbcf590000 - 0x00007ffbcf5cc000 	C:\Program Files\Java\jdk-21\bin\jdwp.dll
0x00007ffbd3300000 - 0x00007ffbd330f000 	C:\Program Files\Java\jdk-21\bin\instrument.dll
0x00007ffbd0890000 - 0x00007ffbd08af000 	C:\Program Files\Java\jdk-21\bin\java.dll
0x00007ffbcf5d0000 - 0x00007ffbcf5e8000 	C:\Program Files\Java\jdk-21\bin\zip.dll
0x00007ffbf5e50000 - 0x00007ffbf65c1000 	C:\Windows\System32\SHELL32.dll
0x00007ffbf2230000 - 0x00007ffbf29d6000 	C:\Windows\SYSTEM32\windows.storage.dll
0x00007ffbf5490000 - 0x00007ffbf57e3000 	C:\Windows\System32\combase.dll
0x00007ffbf3be0000 - 0x00007ffbf3c0b000 	C:\Windows\SYSTEM32\Wldp.dll
0x00007ffbf53c0000 - 0x00007ffbf548d000 	C:\Windows\System32\OLEAUT32.dll
0x00007ffbf4d20000 - 0x00007ffbf4dcd000 	C:\Windows\System32\SHCORE.dll
0x00007ffbf4cc0000 - 0x00007ffbf4d1b000 	C:\Windows\System32\shlwapi.dll
0x00007ffbf40e0000 - 0x00007ffbf4104000 	C:\Windows\SYSTEM32\profapi.dll
0x00007ffbca760000 - 0x00007ffbca837000 	C:\Program Files\Java\jdk-21\bin\jsvml.dll
0x00007ffbd2f50000 - 0x00007ffbd2f5c000 	C:\Program Files\Java\jdk-21\bin\dt_socket.dll
0x00007ffbf35a0000 - 0x00007ffbf35db000 	C:\Windows\SYSTEM32\IPHLPAPI.DLL
0x00007ffbf3910000 - 0x00007ffbf397a000 	C:\Windows\system32\mswsock.dll

dbghelp: loaded successfully - version: 4.0.5 - missing functions: none
symbol engine: initialized successfully - sym options: 0x614 - pdb path: .;C:\Program Files\Java\jdk-21\bin;C:\Windows\SYSTEM32;C:\Windows\WinSxS\amd64_microsoft.windows.common-controls_6595b64144ccf1df_6.0.19041.6926_none_60b5a53971f8f7e6;C:\Program Files\Java\jdk-21\bin\server

VM Arguments:
jvm_args: -agentlib:jdwp=transport=dt_socket,address=127.0.0.1:62002,suspend=y,server=n -javaagent:C:\Users\Shree\AppData\Local\JetBrains\IdeaIC2024.3\captureAgent\debugger-agent.jar -Dkotlinx.coroutines.debug.enable.creation.stack.trace=false -Ddebugger.agent.enable.coroutines=true -Dkotlinx.coroutines.debug.enable.flows.stack.trace=true -Dkotlinx.coroutines.debug.enable.mutable.state.flows.stack.trace=true -Dfile.encoding=UTF-8 -Dsun.stdout.encoding=UTF-8 -Dsun.stderr.encoding=UTF-8 
java_command: com.nitech.accounts.AccountsApplication
java_class_path (initial): D:\Microservices\accounts\target\classes;C:\Users\Shree\.m2\repository\org\springframework\boot\spring-boot-h2console\4.0.5\spring-boot-h2console-4.0.5.jar;C:\Users\Shree\.m2\repository\org\springframework\boot\spring-boot\4.0.5\spring-boot-4.0.5.jar;C:\Users\Shree\.m2\repository\org\springframework\spring-core\7.0.6\spring-core-7.0.6.jar;C:\Users\Shree\.m2\repository\commons-logging\commons-logging\1.3.6\commons-logging-1.3.6.jar;C:\Users\Shree\.m2\repository\org\springframework\spring-context\7.0.6\spring-context-7.0.6.jar;C:\Users\Shree\.m2\repository\org\springframework\spring-aop\7.0.6\spring-aop-7.0.6.jar;C:\Users\Shree\.m2\repository\org\springframework\spring-beans\7.0.6\spring-beans-7.0.6.jar;C:\Users\Shree\.m2\repository\org\springframework\spring-expression\7.0.6\spring-expression-7.0.6.jar;C:\Users\Shree\.m2\repository\jakarta\servlet\jakarta.servlet-api\6.1.0\jakarta.servlet-api-6.1.0.jar;C:\Users\Shree\.m2\repository\org\springframework\boot\spring-boot-starter-actuator\4.0.5\spring-boot-starter-actuator-4.0.5.jar;C:\Users\Shree\.m2\repository\org\springframework\boot\spring-boot-starter\4.0.5\spring-boot-starter-4.0.5.jar;C:\Users\Shree\.m2\repository\org\springframework\boot\spring-boot-starter-logging\4.0.5\spring-boot-starter-logging-4.0.5.jar;C:\Users\Shree\.m2\repository\ch\qos\logback\logback-classic\1.5.32\logback-classic-1.5.32.jar;C:\Users\Shree\.m2\repository\ch\qos\logback\logback-core\1.5.32\logback-core-1.5.32.jar;C:\Users\Shree\.m2\repository\org\apache\logging\log4j\log4j-to-slf4j\2.25.3\log4j-to-slf4j-2.25.3.jar;C:\Users\Shree\.m2\repository\org\apache\logging\log4j\log4j-api\2.25.3\log4j-api-2.25.3.jar;C:\Users\Shree\.m2\repository\org\slf4j\jul-to-slf4j\2.0.17\jul-to-slf4j-2.0.17.jar;C:\Users\Shree\.m2\repository\jakarta\annotation\jakarta.annotation-api\3.0.0\jakarta.annotation-api-3.0.0.jar;C:\Users\Shree\.m2\repository\org\yaml\snakeyaml\2.5\snakeyaml-2.5.jar;C:\Users\Shree\.m2\repository\org\springframework\boot\spring-boot-starter-micrometer-metrics\4.0.5\spring-boot-starter-micrometer-metrics-4.0.5.jar;C:\Users\Shree\.m2\repository\org\springframework\boot\spring-boot-micrometer-metrics\4.0.5\spring-boot-micrometer-metrics-4.0.5.jar;C:\Users\Shree\.m2\repository\org\springframework\boot\spring-boot-micrometer-observation\4.0.5\spring-boot-micrometer-observation-4.0.5.jar;C:\Users\Shree\.m2\repository\org\springframework\boot\spring-boot-actuator-autoconfigure\4.0.5\spring-boot-actuator-autoconfigure-4.0.5.jar;C:\Users\Shree\.m2\repository\org\springframework\boot\spring-boot-actuator\4.0.5\spring-boot-actuator-4.0.5.jar;C:\Users\Shree\.m2\repository\org\springframework\boot\spring-boot-health\4.0.5\spring-boot-health-4.0.5.jar;C:\Users\Shree\.m2\repository\io\micrometer\micrometer-observation\1.16.4\micrometer-observation-1.16.4.jar;C:\Users\Shree\.m2\repository\org\jspecify\jspecify\1.0.0\jspecify-1.0.0.jar;C:\Users\Shree\.m2\repository\io\micrometer\micrometer-commons\1.16.4\micrometer-commons-1.16.4.jar;C:\Users\Shree\.m2\repository\io\micrometer\micrometer-jakarta9\1.16.4\micrometer-jakarta9-1.16.4.jar;C:\Users\Shree\.m2\repository\io\micrometer\micrometer-core\1.16.4\micrometer-core-1.16.4.jar;C:\Users\Shree\.m2\repository\org\hdrhistogram\HdrHistogram\2.2.2\HdrHistogram-2.2.2.jar;C:\Users\Shree\.m2\repository\org\latencyutils\LatencyUtils\2.0.3\LatencyUtils-2.0.3.jar;C:\Users\Shree\.m2\repository\org\springframework\boot\spring-boot-starter-data-jpa\4.0.5\spring-boot-starter-data-jpa-4.0.5.jar;C:\Users\Shree\.m2\repository\org\springframework\boot\spring-boot-starter-jdbc\4.0.5\spring-boot-starter-jdbc-4.0.5.jar;C:\Users\Shree\.m2\repository\com\zaxxer\HikariCP\7.0.2\HikariCP-7.0.2.jar;C:\Users\Shree\.m2\repository\org\slf4j\slf4j-api\2.0.17\slf4j-api-2.0.17.jar;C:\Users\Shree\.m2\repository\org\springframework\boot\spring-boot-data-jpa\4.0.5\spring-boot-data-jpa-4.0.5.jar;C:\Users\Shree\.m2\repository\org\springframework\boot\spring-boot-data-commons\4.0.5\spring-boot-data-commons-4.0.5.jar;C:\Users\Shree\.m2\repository\org\springframework\boot\spring-boot-persistence\4.0.5\spring-boot-persistence-4.0.5.jar;C:\Users\Shree\.m2\repository\org\springframework\data\spring-data-commons\4.0.4\spring-data-commons-4.0.4.jar;C:\Users\Shree\.m2\repository\org\springframework\boot\spring-boot-hibernate\4.0.5\spring-boot-hibernate-4.0.5.jar;C:\Users\Shree\.m2\repository\org\springframework\boot\spring-boot-jpa\4.0.5\spring-boot-jpa-4.0.5.jar;C:\Users\Shree\.m2\repository\jakarta\persistence\jakarta.persistence-api\3.2.0\jakarta.persistence-api-3.2.0.jar;C:\Users\Shree\.m2\repository\org\hibernate\orm\hibernate-core\7.2.7.Final\hibernate-core-7.2.7.Final.jar;C:\Users\Shree\.m2\repository\jakarta\transaction\jakarta.transaction-api\2.0.1\jakarta.transaction-api-2.0.1.jar;C:\Users\Shree\.m2\repository\org\hibernate\models\hibernate-models\1.0.1\hibernate-models-1.0.1.jar;C:\Users\Shree\.m2\repository\org\glassfish\jaxb\jaxb-runtime\4.0.6\jaxb-runtime-4.0.6.jar;C:\Users\Shree\.m2\repository\org\glassfish\jaxb\jaxb-core\4.0.6\jaxb-core-4.0.6.jar;C:\Users\Shree\.m2\repository\org\eclipse\angus\angus-activation\2.0.3\angus-activation-2.0.3.jar;C:\Users\Shree\.m2\repository\org\glassfish\jaxb\txw2\4.0.6\txw2-4.0.6.jar;C:\Users\Shree\.m2\repository\com\sun\istack\istack-commons-runtime\4.1.2\istack-commons-runtime-4.1.2.jar;C:\Users\Shree\.m2\repository\jakarta\inject\jakarta.inject-api\2.0.1\jakarta.inject-api-2.0.1.jar;C:\Users\Shree\.m2\repository\org\springframework\spring-orm\7.0.6\spring-orm-7.0.6.jar;C:\Users\Shree\.m2\repository\org\springframework\data\spring-data-jpa\4.0.4\spring-data-jpa-4.0.4.jar;C:\Users\Shree\.m2\repository\org\springframework\spring-tx\7.0.6\spring-tx-7.0.6.jar;C:\Users\Shree\.m2\repository\org\antlr\antlr4-runtime\4.13.2\antlr4-runtime-4.13.2.jar;C:\Users\Shree\.m2\repository\org\springframework\spring-aspects\7.0.6\spring-aspects-7.0.6.jar;C:\Users\Shree\.m2\repository\org\aspectj\aspectjweaver\1.9.25.1\aspectjweaver-1.9.25.1.jar;C:\Users\Shree\.m2\repository\org\springframework\boot\spring-boot-jdbc\4.0.5\spring-boot-jdbc-4.0.5.jar;C:\Users\Shree\.m2\repository\org\springframework\boot\spring-boot-sql\4.0.5\spring-boot-sql-4.0.5.jar;C:\Users\Shree\.m2\repository\org\springframework\boot\spring-boot-transaction\4.0.5\spring-boot-transaction-4.0.5.jar;C:\Users\Shree\.m2\repository\org\springframework\spring-jdbc\7.0.6\spring-jdbc-7.0.6.jar;C:\Users\Shree\.m2\repository\org\springframework\boot\spring-boot-starter-validation\4.0.5\spring-boot-starter-validation-4.0.5.jar;C:\Users\Shree\.m2\repository\org\springframework\boot\spring-boot-validation\4.0.5\spring-boot-validation-4.0.5.jar;C:\Users\Shree\.m2\repository\org\apache\tomcat\embed\tomcat-embed-el\11.0.20\tomcat-embed-el-11.0.20.jar;C:\Users\Shree\.m2\repository\org\hibernate\validator\hibernate-validator\9.0.1.Final\hibernate-validator-9.0.1.Final.jar;C:\Users\Shree\.m2\repository\jakarta\validation\jakarta.validation-api\3.1.1\jakarta.validation-api-3.1.1.jar;C:\Users\Shree\.m2\repository\org\jboss\logging\jboss-logging\3.6.3.Final\jboss-logging-3.6.3.Final.jar;C:\Users\Shree\.m2\repository\com\fasterxml\classmate\1.7.3\classmate-1.7.3.jar;C:\Users\Shree\.m2\repository\org\springframework\boot\spring-boot-starter-webmvc\4.0.5\spring-boot-starter-webmvc-4.0.5.jar;C:\Users\Shree\.m2\repository\org\springframework\boot\spring-boot-starter-jackson\4.0.5\spring-boot-starter-jackson-4.0.5.jar;C:\Users\Shree\.m2\repository\org\springframework\boot\spring-boot-jackson\4.0.5\spring-boot-jackson-4.0.5.jar;C:\Users\Shree\.m2\repository\tools\jackson\core\jackson-databind\3.1.0\jackson-databind-3.1.0.jar;C:\Users\Shree\.m2\repository\com\fasterxml\jackson\core\jackson-annotations\2.21\jackson-annotations-2.21.jar;C:\Users\Shree\.m2\repository\tools\jackson\core\jackson-core\3.1.0\jackson-core-3.1.0.jar;C:\Users\Shree\.m2\repository\org\springframework\boot\spring-boot-starter-tomcat\4.0.5\spring-boot-starter-tomcat-4.0.5.jar;C:\Users\Shree\.m2\repository\org\springframework\boot\spring-boot-starter-tomcat-runtime\4.0.5\spring-boot-starter-tomcat-runtime-4.0.5.jar;C:\Users\Shree\.m2\repository\org\apache\tomcat\embed\tomcat-embed-core\11.0.20\tomcat-embed-core-11.0.20.jar;C:\Users\Shree\.m2\repository\org\apache\tomcat\embed\tomcat-embed-websocket\11.0.20\tomcat-embed-websocket-11.0.20.jar;C:\Users\Shree\.m2\repository\org\springframework\boot\spring-boot-tomcat\4.0.5\spring-boot-tomcat-4.0.5.jar;C:\Users\Shree\.m2\repository\org\springframework\boot\spring-boot-http-converter\4.0.5\spring-boot-http-converter-4.0.5.jar;C:\Users\Shree\.m2\repository\org\springframework\spring-web\7.0.6\spring-web-7.0.6.jar;C:\Users\Shree\.m2\repository\org\springframework\boot\spring-boot-webmvc\4.0.5\spring-boot-webmvc-4.0.5.jar;C:\Users\Shree\.m2\repository\org\springframework\boot\spring-boot-servlet\4.0.5\spring-boot-servlet-4.0.5.jar;C:\Users\Shree\.m2\repository\org\springframework\spring-webmvc\7.0.6\spring-webmvc-7.0.6.jar;C:\Users\Shree\.m2\repository\org\springframework\boot\spring-boot-devtools\4.0.5\spring-boot-devtools-4.0.5.jar;C:\Users\Shree\.m2\repository\org\springframework\boot\spring-boot-autoconfigure\4.0.5\spring-boot-autoconfigure-4.0.5.jar;C:\Users\Shree\.m2\repository\com\h2database\h2\2.4.240\h2-2.4.240.jar;C:\Users\Shree\.m2\repository\org\projectlombok\lombok\1.18.44\lombok-1.18.44.jar;C:\Users\Shree\.m2\repository\jakarta\xml\bind\jakarta.xml.bind-api\4.0.4\jakarta.xml.bind-api-4.0.4.jar;C:\Users\Shree\.m2\repository\jakarta\activation\jakarta.activation-api\2.1.4\jakarta.activation-api-2.1.4.jar;C:\Users\Shree\.m2\repository\net\bytebuddy\byte-buddy\1.17.8\byte-buddy-1.17.8.jar;C:\Users\Shree\.m2\repository\org\springframework\boot\spring-boot-web-server\4.0.5\spring-boot-web-server-4.0.5.jar;C:\Program Files\JetBrains\IntelliJ IDEA Community Edition 2024.3.3\lib\idea_rt.jar
Launcher Type: SUN_STANDARD

[Global flags]
     intx CICompilerCount                          = 3                                         {product} {ergonomic}
     uint ConcGCThreads                            = 1                                         {product} {ergonomic}
     uint G1ConcRefinementThreads                  = 4                                         {product} {ergonomic}
   size_t G1HeapRegionSize                         = 1048576                                   {product} {ergonomic}
    uintx GCDrainStackTargetSize                   = 64                                        {product} {ergonomic}
   size_t InitialHeapSize                          = 132120576                                 {product} {ergonomic}
   size_t MarkStackSize                            = 4194304                                   {product} {ergonomic}
   size_t MaxHeapSize                              = 2109734912                                {product} {ergonomic}
   size_t MaxNewSize                               = 1265631232                                {product} {ergonomic}
   size_t MinHeapDeltaBytes                        = 1048576                                   {product} {ergonomic}
   size_t MinHeapSize                              = 8388608                                   {product} {ergonomic}
    uintx NonNMethodCodeHeapSize                   = 5832780                                {pd product} {ergonomic}
    uintx NonProfiledCodeHeapSize                  = 122912730                              {pd product} {ergonomic}
    uintx ProfiledCodeHeapSize                     = 122912730                              {pd product} {ergonomic}
    uintx ReservedCodeCacheSize                    = 251658240                              {pd product} {ergonomic}
     bool SegmentedCodeCache                       = true                                      {product} {ergonomic}
   size_t SoftMaxHeapSize                          = 2109734912                             {manageable} {ergonomic}
     bool UseCompressedOops                        = true                           {product lp64_product} {ergonomic}
     bool UseG1GC                                  = true                                      {product} {ergonomic}
     bool UseLargePagesIndividualAllocation        = false                                  {pd product} {ergonomic}

Logging:
Log output configuration:
 #0: stdout all=warning uptime,level,tags foldmultilines=false
 #1: stderr all=off uptime,level,tags foldmultilines=false

Environment Variables:
CLASSPATH=C:\Program Files\Apache Software Foundation\Tomcat 9.0\lib\servlet-api.jar
PATH=C:\Program Files\Common Files\Oracle\Java\javapath;C:\Windows\system32;C:\Windows;C:\Windows\System32\Wbem;C:\Windows\System32\WindowsPowerShell\v1.0\;C:\Windows\System32\OpenSSH\;C:\Program Files\Java\jdk-18.0.2.1\bin;C:\Program Files\MySQL\MySQL Server 8.0\bin;C:\ProgramData\chocolatey\bin;C:\Program Files\Redis;C:\Program Files\Java\jdk-21\bin;C:\Program Files\Git\cmd;C:\Program Files\Git\mingw64\bin;C:\Program Files\Git\usr\bin;C:\Program Files\nodejs\;C:\Program Files\MySQL\MySQL Shell 8.0\bin\;C:\Users\Shree\AppData\Local\Microsoft\WindowsApps;C:\Program Files\Java\jdk-18.0.2.1\bin;D:\html practice\Microsoft VS Code\bin;C:\Program Files\JetBrains\IntelliJ IDEA Community Edition 2024.3.3\bin;;C:\Program Files\JetBrains\IntelliJ IDEA Community Edition 2024.3.3\bin;C:\Program Files\Java\jdk-21\bin;C:\Users\Shree\AppData\Roaming\npm
USERNAME=Shree
OS=Windows_NT
PROCESSOR_IDENTIFIER=Intel64 Family 6 Model 78 Stepping 3, GenuineIntel
TMP=C:\Users\Shree\AppData\Local\Temp
TEMP=C:\Users\Shree\AppData\Local\Temp




Periodic native trim disabled

---------------  S Y S T E M  ---------------

OS:
 Windows 10 , 64 bit Build 19041 (10.0.19041.6807)
OS uptime: 0 days 6:04 hours

CPU: total 4 (initial active 4) (2 cores per cpu, 2 threads per core) family 6 model 78 stepping 3 microcode 0xec, cx8, cmov, fxsr, ht, mmx, 3dnowpref, sse, sse2, sse3, ssse3, sse4.1, sse4.2, popcnt, lzcnt, tsc, tscinvbit, avx, avx2, aes, erms, clmul, bmi1, bmi2, rtm, adx, fma, vzeroupper, clflush, clflushopt, rdtscp, f16c
Processor Information for all 4 processors :
  Max Mhz: 2496, Current Mhz: 798, Mhz Limit: 798

Memory: 4k page, system-wide physical 8047M (1100M free)
TotalPageFile size 10095M (AvailPageFile size 3M)
current process WorkingSet (physical memory assigned to process): 42M, peak: 42M
current process commit charge ("private bytes"): 201M, peak: 202M

vm_info: Java HotSpot(TM) 64-Bit Server VM (21.0.6+8-LTS-188) for windows-amd64 JRE (21.0.6+8-LTS-188), built on 2024-12-03T10:50:54Z by "mach5one" with MS VC++ 17.6 (VS2022)

END.
