#
# There is insufficient memory for the Java Runtime Environment to continue.
# Native memory allocation (mmap) failed to map 11534336 bytes. Error detail: G1 virtual space
# Possible reasons:
#   The system is out of physical RAM or swap space
#   This process is running with CompressedOops enabled, and the Java Heap may be blocking the growth of the native heap
# Possible solutions:
#   Reduce memory load on the system
#   Increase physical memory or swap space
#   Check if swap backing store is full
#   Decrease Java heap size (-Xmx/-Xms)
#   Decrease number of Java threads
#   Decrease Java thread stack sizes (-Xss)
#   Set larger code cache with -XX:ReservedCodeCacheSize=
#   JVM is running with Unscaled Compressed Oops mode in which the Java heap is
#     placed in the first 4GB address space. The Java Heap base address is the
#     maximum limit for the native heap growth. Please use -XX:HeapBaseMinAddress
#     to set the Java Heap base and to place the Java Heap above 4GB virtual address.
# This output file may be truncated or incomplete.
#
#  Out of Memory Error (os_windows.cpp:3707), pid=14540, tid=3520
#
# JRE version: OpenJDK Runtime Environment (23.0.2+7) (build 23.0.2+7-58)
# Java VM: OpenJDK 64-Bit Server VM (23.0.2+7-58, mixed mode, sharing, tiered, compressed oops, compressed class ptrs, g1 gc, windows-amd64)
# No core dump will be written. Minidumps are not enabled by default on client versions of Windows
#

---------------  S U M M A R Y ------------

Command Line: -javaagent:C:\Program Files\JetBrains\IntelliJ IDEA Community Edition 2024.3.3\lib\idea_rt.jar=59146 -Dfile.encoding=UTF-8 -Dsun.stdout.encoding=UTF-8 -Dsun.stderr.encoding=UTF-8 com.nitech.loans.LoansApplication

Host: Intel(R) Core(TM) i5-6300U CPU @ 2.40GHz, 4 cores, 7G,  Windows 10 , 64 bit Build 19041 (10.0.19041.7663)
Time: Thu Aug 27 17:12:58 2026 India Standard Time elapsed time: 395.468082 seconds (0d 0h 6m 35s)

---------------  T H R E A D  ---------------

Current thread (0x000001dd438e40b0):  VMThread "VM Thread"          [id=3520, stack(0x0000001f6c800000,0x0000001f6c900000) (1024K)]

Stack: [0x0000001f6c800000,0x0000001f6c900000]
Native frames: (J=compiled Java code, j=interpreted, Vv=VM code, C=native code)
V  [jvm.dll+0x6e0b99]  (no source info available)
V  [jvm.dll+0x87e2b3]  (no source info available)
V  [jvm.dll+0x88073e]  (no source info available)
V  [jvm.dll+0x880e13]  (no source info available)
V  [jvm.dll+0x27b006]  (no source info available)
V  [jvm.dll+0x6dd485]  (no source info available)
V  [jvm.dll+0x6d127a]  (no source info available)
V  [jvm.dll+0x35b50a]  (no source info available)
V  [jvm.dll+0x363916]  (no source info available)
V  [jvm.dll+0x34fe7e]  (no source info available)
V  [jvm.dll+0x350118]  (no source info available)
V  [jvm.dll+0x328aec]  (no source info available)
V  [jvm.dll+0x328b7a]  (no source info available)
V  [jvm.dll+0x374db2]  (no source info available)
V  [jvm.dll+0x3734b2]  (no source info available)
V  [jvm.dll+0x3282c7]  (no source info available)
V  [jvm.dll+0x372c64]  (no source info available)
V  [jvm.dll+0x886d50]  (no source info available)
V  [jvm.dll+0x888077]  (no source info available)
V  [jvm.dll+0x8885a8]  (no source info available)
V  [jvm.dll+0x888843]  (no source info available)
V  [jvm.dll+0x8254cb]  (no source info available)
V  [jvm.dll+0x6df345]  (no source info available)
C  [ucrtbase.dll+0x21bb2]  (no source info available)
C  [KERNEL32.DLL+0x17374]  (no source info available)
C  [ntdll.dll+0x4cc91]  (no source info available)

VM_Operation (0x0000001f6dffeb60): G1CollectForAllocation, mode: safepoint, requested by thread 0x000001dd8ba1bcd0


---------------  P R O C E S S  ---------------

Threads class SMR info:
_java_thread_list=0x000001dd8d2d6120, length=29, elements={
0x000001dd438fc1e0, 0x000001dd438ff110, 0x000001dd439055a0, 0x000001dd439067a0,
0x000001dd43907550, 0x000001dd43907fb0, 0x000001dd439094e0, 0x000001dd43911910,
0x000001dd439fec40, 0x000001dd43d69480, 0x000001dd43d69af0, 0x000001dd8bcb47c0,
0x000001dd8bcb3410, 0x000001dd8bcb4e50, 0x000001dd8bcb54e0, 0x000001dd8ba1bcd0,
0x000001dd8ba1eac0, 0x000001dd8ba1d710, 0x000001dd8ba1d080, 0x000001dd8ba1f150,
0x000001dd8ba1f7e0, 0x000001dd8ba1dda0, 0x000001dd8ba18ee0, 0x000001dd8ba19c00,
0x000001dd8ba1a290, 0x000001dd8ba1a920, 0x000001dd8ba1c360, 0x000001dd8ba1c9f0,
0x000001dd8bcb3aa0
}

Java Threads: ( => current thread )
  0x000001dd438fc1e0 JavaThread "Reference Handler"          daemon [_thread_blocked, id=2304, stack(0x0000001f6c900000,0x0000001f6ca00000) (1024K)]
  0x000001dd438ff110 JavaThread "Finalizer"                  daemon [_thread_blocked, id=1308, stack(0x0000001f6ca00000,0x0000001f6cb00000) (1024K)]
  0x000001dd439055a0 JavaThread "Signal Dispatcher"          daemon [_thread_blocked, id=3296, stack(0x0000001f6cb00000,0x0000001f6cc00000) (1024K)]
  0x000001dd439067a0 JavaThread "Attach Listener"            daemon [_thread_blocked, id=14708, stack(0x0000001f6cc00000,0x0000001f6cd00000) (1024K)]
  0x000001dd43907550 JavaThread "Service Thread"             daemon [_thread_blocked, id=6708, stack(0x0000001f6cd00000,0x0000001f6ce00000) (1024K)]
  0x000001dd43907fb0 JavaThread "Monitor Deflation Thread"   daemon [_thread_blocked, id=15324, stack(0x0000001f6ce00000,0x0000001f6cf00000) (1024K)]
  0x000001dd439094e0 JavaThread "C2 CompilerThread0"         daemon [_thread_blocked, id=3900, stack(0x0000001f6cf00000,0x0000001f6d000000) (1024K)]
  0x000001dd43911910 JavaThread "C1 CompilerThread0"         daemon [_thread_blocked, id=4048, stack(0x0000001f6d000000,0x0000001f6d100000) (1024K)]
  0x000001dd439fec40 JavaThread "Common-Cleaner"             daemon [_thread_blocked, id=8296, stack(0x0000001f6d100000,0x0000001f6d200000) (1024K)]
  0x000001dd43d69480 JavaThread "Monitor Ctrl-Break"         daemon [_thread_in_native, id=944, stack(0x0000001f6d200000,0x0000001f6d300000) (1024K)]
  0x000001dd43d69af0 JavaThread "Notification Thread"        daemon [_thread_blocked, id=7028, stack(0x0000001f6d300000,0x0000001f6d400000) (1024K)]
  0x000001dd8bcb47c0 JavaThread "Catalina-utility-1"                [_thread_blocked, id=12012, stack(0x0000001f6da00000,0x0000001f6db00000) (1024K)]
  0x000001dd8bcb3410 JavaThread "Catalina-utility-2"                [_thread_blocked, id=11712, stack(0x0000001f6db00000,0x0000001f6dc00000) (1024K)]
  0x000001dd8bcb4e50 JavaThread "container-0"                       [_thread_blocked, id=2040, stack(0x0000001f6dc00000,0x0000001f6dd00000) (1024K)]
  0x000001dd8bcb54e0 JavaThread "HikariPool-1:housekeeper"   daemon [_thread_blocked, id=11524, stack(0x0000001f6dd00000,0x0000001f6de00000) (1024K)]
  0x000001dd8ba1bcd0 JavaThread "File Watcher"               daemon [_thread_blocked, id=7980, stack(0x0000001f6df00000,0x0000001f6e000000) (1024K)]
  0x000001dd8ba1eac0 JavaThread "http-nio-8090-exec-1"       daemon [_thread_blocked, id=13668, stack(0x0000001f6e000000,0x0000001f6e100000) (1024K)]
  0x000001dd8ba1d710 JavaThread "http-nio-8090-exec-2"       daemon [_thread_blocked, id=5436, stack(0x0000001f6e100000,0x0000001f6e200000) (1024K)]
  0x000001dd8ba1d080 JavaThread "http-nio-8090-exec-3"       daemon [_thread_blocked, id=8548, stack(0x0000001f6e200000,0x0000001f6e300000) (1024K)]
  0x000001dd8ba1f150 JavaThread "http-nio-8090-exec-4"       daemon [_thread_blocked, id=13692, stack(0x0000001f6e300000,0x0000001f6e400000) (1024K)]
  0x000001dd8ba1f7e0 JavaThread "http-nio-8090-exec-5"       daemon [_thread_blocked, id=6920, stack(0x0000001f6e400000,0x0000001f6e500000) (1024K)]
  0x000001dd8ba1dda0 JavaThread "http-nio-8090-exec-6"       daemon [_thread_blocked, id=14404, stack(0x0000001f6e500000,0x0000001f6e600000) (1024K)]
  0x000001dd8ba18ee0 JavaThread "http-nio-8090-exec-7"       daemon [_thread_blocked, id=12060, stack(0x0000001f6e600000,0x0000001f6e700000) (1024K)]
  0x000001dd8ba19c00 JavaThread "http-nio-8090-exec-8"       daemon [_thread_blocked, id=6724, stack(0x0000001f6e700000,0x0000001f6e800000) (1024K)]
  0x000001dd8ba1a290 JavaThread "http-nio-8090-exec-9"       daemon [_thread_blocked, id=10792, stack(0x0000001f6e800000,0x0000001f6e900000) (1024K)]
  0x000001dd8ba1a920 JavaThread "http-nio-8090-exec-10"      daemon [_thread_blocked, id=7516, stack(0x0000001f6e900000,0x0000001f6ea00000) (1024K)]
  0x000001dd8ba1c360 JavaThread "http-nio-8090-Poller"       daemon [_thread_in_native, id=9520, stack(0x0000001f6ea00000,0x0000001f6eb00000) (1024K)]
  0x000001dd8ba1c9f0 JavaThread "http-nio-8090-Acceptor"     daemon [_thread_in_native, id=4584, stack(0x0000001f6eb00000,0x0000001f6ec00000) (1024K)]
  0x000001dd8bcb3aa0 JavaThread "DestroyJavaVM"                     [_thread_blocked, id=3304, stack(0x0000001f6c100000,0x0000001f6c200000) (1024K)]
Total: 29

Other Threads:
=>0x000001dd438e40b0 VMThread "VM Thread"                           [id=3520, stack(0x0000001f6c800000,0x0000001f6c900000) (1024K)]
  0x000001dd438d3ac0 WatcherThread "VM Periodic Task Thread"        [id=9840, stack(0x0000001f6c700000,0x0000001f6c800000) (1024K)]
  0x000001dd274f61d0 WorkerThread "GC Thread#0"                     [id=15244, stack(0x0000001f6c200000,0x0000001f6c300000) (1024K)]
  0x000001dd897fea60 WorkerThread "GC Thread#1"                     [id=8920, stack(0x0000001f6d400000,0x0000001f6d500000) (1024K)]
  0x000001dd895637a0 WorkerThread "GC Thread#2"                     [id=12884, stack(0x0000001f6d500000,0x0000001f6d600000) (1024K)]
  0x000001dd897b5850 WorkerThread "GC Thread#3"                     [id=5140, stack(0x0000001f6d600000,0x0000001f6d700000) (1024K)]
  0x000001dd2750bd50 ConcurrentGCThread "G1 Main Marker"            [id=3836, stack(0x0000001f6c300000,0x0000001f6c400000) (1024K)]
  0x000001dd2750cf10 WorkerThread "G1 Conc#0"                       [id=13812, stack(0x0000001f6c400000,0x0000001f6c500000) (1024K)]
  0x000001dd437a50e0 ConcurrentGCThread "G1 Refine#0"               [id=14644, stack(0x0000001f6c500000,0x0000001f6c600000) (1024K)]
  0x000001dd437a5b70 ConcurrentGCThread "G1 Service"                [id=540, stack(0x0000001f6c600000,0x0000001f6c700000) (1024K)]
Total: 10

Threads with active compile tasks:
Total: 0

VM state: at safepoint (normal execution)

VM Mutex/Monitor currently owned by a thread:  ([mutex/lock_event])
[0x00007ffb7d784888] Threads_lock - owner thread: 0x000001dd438e40b0
[0x00007ffb7d784988] Heap_lock - owner thread: 0x000001dd8ba1bcd0

Heap address: 0x0000000082400000, size: 2012 MB, Compressed Oops mode: 32-bit

CDS archive(s) mapped at: [0x000001dd44000000-0x000001dd44d70000-0x000001dd44d70000), size 14090240, SharedBaseAddress: 0x000001dd44000000, ArchiveRelocationMode: 1.
Compressed class space mapped at: 0x000001dd45000000-0x000001dd85000000, reserved size: 1073741824
Narrow klass base: 0x000001dd44000000, Narrow klass shift: 0, Narrow klass range: 0x41000000

GC Precious Log:
 CardTable entry size: 512
 Card Set container configuration: InlinePtr #cards 5 size 8 Array Of Cards #cards 10 size 36 Howl #buckets 4 coarsen threshold 1843 Howl Bitmap #cards 512 size 80 coarsen threshold 460 Card regions per heap region 1 cards per card region 2048
 CPUs: 4 total, 4 available
 Memory: 8047M
 Large Page Support: Disabled
 NUMA Support: Disabled
 Compressed Oops: Enabled (32-bit)
 Heap Region Size: 1M
 Heap Min Capacity: 8M
 Heap Initial Capacity: 126M
 Heap Max Capacity: 2012M
 Pre-touch: Disabled
 Parallel Workers: 4
 Concurrent Workers: 1
 Concurrent Refinement Workers: 4
 Periodic GC: Disabled

Heap:
 garbage-first heap   total reserved 2060288K, committed 54272K, used 34117K [0x0000000082400000, 0x0000000100000000)
  region size 1024K, 1 young (1024K), 1 survivors (1024K)
 Metaspace       used 80555K, committed 81344K, reserved 1179648K
  class space    used 11185K, committed 11520K, reserved 1048576K

Heap Regions: E=young(eden), S=young(survivor), O=old, HS=humongous(starts), HC=humongous(continues), CS=collection set, F=free, TAMS=top-at-mark-start, PB=parsable bottom
|   0|0x0000000082400000, 0x0000000082500000, 0x0000000082500000|100%|HS|  |TAMS 0x0000000082500000| PB 0x0000000082400000| Complete |  0
|   1|0x0000000082500000, 0x0000000082600000, 0x0000000082600000|100%| O|  |TAMS 0x0000000082600000| PB 0x0000000082500000| Untracked |  0
|   2|0x0000000082600000, 0x0000000082700000, 0x0000000082700000|100%| O|  |TAMS 0x0000000082700000| PB 0x0000000082600000| Untracked |  0
|   3|0x0000000082700000, 0x0000000082800000, 0x0000000082800000|100%| O|  |TAMS 0x0000000082800000| PB 0x0000000082700000| Untracked |  0
|   4|0x0000000082800000, 0x0000000082900000, 0x0000000082900000|100%| O|  |TAMS 0x0000000082900000| PB 0x0000000082800000| Untracked |  0
|   5|0x0000000082900000, 0x0000000082a00000, 0x0000000082a00000|100%| O|  |TAMS 0x0000000082a00000| PB 0x0000000082900000| Untracked |  0
|   6|0x0000000082a00000, 0x0000000082b00000, 0x0000000082b00000|100%| O|  |TAMS 0x0000000082b00000| PB 0x0000000082a00000| Untracked |  0
|   7|0x0000000082b00000, 0x0000000082c00000, 0x0000000082c00000|100%| O|  |TAMS 0x0000000082c00000| PB 0x0000000082b00000| Untracked |  0
|   8|0x0000000082c00000, 0x0000000082d00000, 0x0000000082d00000|100%| O|  |TAMS 0x0000000082d00000| PB 0x0000000082c00000| Untracked |  0
|   9|0x0000000082d00000, 0x0000000082e00000, 0x0000000082e00000|100%| O|  |TAMS 0x0000000082e00000| PB 0x0000000082d00000| Untracked |  0
|  10|0x0000000082e00000, 0x0000000082f00000, 0x0000000082f00000|100%| O|  |TAMS 0x0000000082f00000| PB 0x0000000082e00000| Untracked |  0
|  11|0x0000000082f00000, 0x0000000083000000, 0x0000000083000000|100%| O|  |TAMS 0x0000000083000000| PB 0x0000000082f00000| Untracked |  0
|  12|0x0000000083000000, 0x0000000083100000, 0x0000000083100000|100%| O|  |TAMS 0x0000000083100000| PB 0x0000000083000000| Untracked |  0
|  13|0x0000000083100000, 0x0000000083200000, 0x0000000083200000|100%| O|  |TAMS 0x0000000083200000| PB 0x0000000083100000| Untracked |  0
|  14|0x0000000083200000, 0x0000000083300000, 0x0000000083300000|100%| O|  |TAMS 0x0000000083300000| PB 0x0000000083200000| Untracked |  0
|  15|0x0000000083300000, 0x0000000083400000, 0x0000000083400000|100%| O|  |TAMS 0x0000000083400000| PB 0x0000000083300000| Untracked |  0
|  16|0x0000000083400000, 0x0000000083500000, 0x0000000083500000|100%| O|  |TAMS 0x0000000083500000| PB 0x0000000083400000| Untracked |  0
|  17|0x0000000083500000, 0x0000000083600000, 0x0000000083600000|100%| O|  |TAMS 0x0000000083600000| PB 0x0000000083500000| Untracked |  0
|  18|0x0000000083600000, 0x0000000083700000, 0x0000000083700000|100%| O|  |TAMS 0x0000000083700000| PB 0x0000000083600000| Untracked |  0
|  19|0x0000000083700000, 0x0000000083800000, 0x0000000083800000|100%| O|  |TAMS 0x0000000083800000| PB 0x0000000083700000| Untracked |  0
|  20|0x0000000083800000, 0x0000000083900000, 0x0000000083900000|100%| O|  |TAMS 0x0000000083900000| PB 0x0000000083800000| Untracked |  0
|  21|0x0000000083900000, 0x0000000083a00000, 0x0000000083a00000|100%| O|  |TAMS 0x0000000083900000| PB 0x0000000083900000| Untracked |  0
|  22|0x0000000083a00000, 0x0000000083b00000, 0x0000000083b00000|100%| O|  |TAMS 0x0000000083b00000| PB 0x0000000083a00000| Untracked |  0
|  23|0x0000000083b00000, 0x0000000083c00000, 0x0000000083c00000|100%| O|  |TAMS 0x0000000083c00000| PB 0x0000000083b00000| Untracked |  0
|  24|0x0000000083c00000, 0x0000000083d00000, 0x0000000083d00000|100%| O|  |TAMS 0x0000000083d00000| PB 0x0000000083c00000| Untracked |  0
|  25|0x0000000083d00000, 0x0000000083e00000, 0x0000000083e00000|100%| O|  |TAMS 0x0000000083e00000| PB 0x0000000083d00000| Untracked |  0
|  26|0x0000000083e00000, 0x0000000083f00000, 0x0000000083f00000|100%| O|  |TAMS 0x0000000083f00000| PB 0x0000000083e00000| Untracked |  0
|  27|0x0000000083f00000, 0x0000000084000000, 0x0000000084000000|100%| O|  |TAMS 0x0000000084000000| PB 0x0000000083f00000| Untracked |  0
|  28|0x0000000084000000, 0x0000000084100000, 0x0000000084100000|100%| O|  |TAMS 0x0000000084100000| PB 0x0000000084000000| Untracked |  0
|  29|0x0000000084100000, 0x0000000084200000, 0x0000000084200000|100%| O|  |TAMS 0x0000000084200000| PB 0x0000000084100000| Untracked |  0
|  30|0x0000000084200000, 0x0000000084300000, 0x0000000084300000|100%| O|  |TAMS 0x0000000084300000| PB 0x0000000084200000| Untracked |  0
|  31|0x0000000084300000, 0x0000000084400000, 0x0000000084400000|100%| O|  |TAMS 0x00000000843854f8| PB 0x0000000084300000| Untracked |  0
|  32|0x0000000084400000, 0x0000000084470e00, 0x0000000084500000| 44%| O|  |TAMS 0x0000000084400000| PB 0x0000000084400000| Untracked |  0
|  33|0x0000000084500000, 0x0000000084500000, 0x0000000084600000|  0%| F|  |TAMS 0x0000000084500000| PB 0x0000000084500000| Untracked |  0
|  34|0x0000000084600000, 0x0000000084600000, 0x0000000084700000|  0%| F|  |TAMS 0x0000000084600000| PB 0x0000000084600000| Untracked |  0
|  35|0x0000000084700000, 0x0000000084700000, 0x0000000084800000|  0%| F|  |TAMS 0x0000000084700000| PB 0x0000000084700000| Untracked |  0
|  36|0x0000000084800000, 0x0000000084800000, 0x0000000084900000|  0%| F|  |TAMS 0x0000000084800000| PB 0x0000000084800000| Untracked |  0
|  37|0x0000000084900000, 0x0000000084900000, 0x0000000084a00000|  0%| F|  |TAMS 0x0000000084900000| PB 0x0000000084900000| Untracked |  0
|  38|0x0000000084a00000, 0x0000000084ae07e0, 0x0000000084b00000| 87%| S|CS|TAMS 0x0000000084a00000| PB 0x0000000084a00000| Complete |  0
|  39|0x0000000084b00000, 0x0000000084b00000, 0x0000000084c00000|  0%| F|  |TAMS 0x0000000084b00000| PB 0x0000000084b00000| Untracked |  0
|  40|0x0000000084c00000, 0x0000000084c00000, 0x0000000084d00000|  0%| F|  |TAMS 0x0000000084c00000| PB 0x0000000084c00000| Untracked |  0
|  41|0x0000000084d00000, 0x0000000084d00000, 0x0000000084e00000|  0%| F|  |TAMS 0x0000000084d00000| PB 0x0000000084d00000| Untracked |  0
|  42|0x0000000084e00000, 0x0000000084e00000, 0x0000000084f00000|  0%| F|  |TAMS 0x0000000084e00000| PB 0x0000000084e00000| Untracked |  0
|  43|0x0000000084f00000, 0x0000000084f00000, 0x0000000085000000|  0%| F|  |TAMS 0x0000000084f00000| PB 0x0000000084f00000| Untracked |  0
|  44|0x0000000085000000, 0x0000000085000000, 0x0000000085100000|  0%| F|  |TAMS 0x0000000085000000| PB 0x0000000085000000| Untracked |  0
|  45|0x0000000085100000, 0x0000000085100000, 0x0000000085200000|  0%| F|  |TAMS 0x0000000085100000| PB 0x0000000085100000| Untracked |  0
|  46|0x0000000085200000, 0x0000000085200000, 0x0000000085300000|  0%| F|  |TAMS 0x0000000085200000| PB 0x0000000085200000| Untracked |  0
|  47|0x0000000085300000, 0x0000000085300000, 0x0000000085400000|  0%| F|  |TAMS 0x0000000085300000| PB 0x0000000085300000| Untracked |  0
|  48|0x0000000085400000, 0x0000000085400000, 0x0000000085500000|  0%| F|  |TAMS 0x0000000085400000| PB 0x0000000085400000| Untracked |  0
|  49|0x0000000085500000, 0x0000000085500000, 0x0000000085600000|  0%| F|  |TAMS 0x0000000085500000| PB 0x0000000085500000| Untracked |  0
|  99|0x0000000088700000, 0x0000000088700000, 0x0000000088800000|  0%| F|  |TAMS 0x0000000088700000| PB 0x0000000088700000| Untracked |  0
| 100|0x0000000088800000, 0x0000000088800000, 0x0000000088900000|  0%| F|  |TAMS 0x0000000088800000| PB 0x0000000088800000| Untracked |  0
| 125|0x000000008a100000, 0x000000008a100000, 0x000000008a200000|  0%| F|  |TAMS 0x000000008a100000| PB 0x000000008a100000| Untracked |  0

Card table byte_map: [0x000001dd3efc0000,0x000001dd3f3b0000] _byte_map_base: 0x000001dd3ebae000

Marking Bits: (CMBitMap*) 0x000001dd274f7800
 Bits: [0x000001dd3f3b0000, 0x000001dd41320000)

Polling page: 0x000001dd252e0000

Metaspace:

Usage:
  Non-class:     67.74 MB used.
      Class:     10.92 MB used.
       Both:     78.67 MB used.

Virtual space:
  Non-class space:      128.00 MB reserved,      68.19 MB ( 53%) committed,  2 nodes.
      Class space:        1.00 GB reserved,      11.25 MB (  1%) committed,  1 nodes.
             Both:        1.12 GB reserved,      79.44 MB (  7%) committed. 

Chunk freelists:
   Non-Class:  10.89 MB
       Class:  4.59 MB
        Both:  15.48 MB

MaxMetaspaceSize: unlimited
CompressedClassSpaceSize: 1.00 GB
Initial GC threshold: 21.00 MB
Current GC threshold: 121.38 MB
CDS: on
 - commit_granule_bytes: 65536.
 - commit_granule_words: 8192.
 - virtual_space_node_default_size: 8388608.
 - enlarge_chunks_in_place: 1.
 - use_allocation_guard: 0.


Internal statistics:

num_allocs_failed_limit: 11.
num_arena_births: 1148.
num_arena_deaths: 0.
num_vsnodes_births: 3.
num_vsnodes_deaths: 0.
num_space_committed: 1271.
num_space_uncommitted: 0.
num_chunks_returned_to_freelist: 11.
num_chunks_taken_from_freelist: 4067.
num_chunk_merges: 11.
num_chunk_splits: 2979.
num_chunks_enlarged: 2345.
num_inconsistent_stats: 0.

CodeHeap 'non-profiled nmethods': size=120064Kb used=2593Kb max_used=2593Kb free=117470Kb
 bounds [0x000001dd37690000, 0x000001dd37920000, 0x000001dd3ebd0000]
CodeHeap 'profiled nmethods': size=120000Kb used=8846Kb max_used=8846Kb free=111153Kb
 bounds [0x000001dd2fbd0000, 0x000001dd30480000, 0x000001dd37100000]
CodeHeap 'non-nmethods': size=5696Kb used=1722Kb max_used=1803Kb free=3973Kb
 bounds [0x000001dd37100000, 0x000001dd37370000, 0x000001dd37690000]
CodeCache: size=245760Kb, used=13161Kb, max_used=13242Kb, free=232596Kb
 total_blobs=6433, nmethods=5668, adapters=670, full_count=0
Compilation: enabled, stopped_count=0, restarted_count=0

Compilation events (20 events):
Event: 277.605 Thread 0x000001dd43911910 6478       3       java.util.HashMap::valuesToArray (81 bytes)
Event: 277.605 Thread 0x000001dd43911910 nmethod 6478 0x000001dd30470188 code [0x000001dd304702c0, 0x000001dd30470728]
Event: 287.614 Thread 0x000001dd43911910 6479       3       java.util.concurrent.ThreadPoolExecutor::afterExecute (1 bytes)
Event: 287.614 Thread 0x000001dd43911910 nmethod 6479 0x000001dd30470788 code [0x000001dd304708a0, 0x000001dd304709a8]
Event: 292.675 Thread 0x000001dd43911910 6480       3       java.util.concurrent.ScheduledThreadPoolExecutor$DelayedWorkQueue::finishPoll (43 bytes)
Event: 292.676 Thread 0x000001dd43911910 nmethod 6480 0x000001dd30470a88 code [0x000001dd30470be0, 0x000001dd30471148]
Event: 295.675 Thread 0x000001dd43911910 6481       3       java.util.concurrent.Executors$RunnableAdapter::call (14 bytes)
Event: 295.675 Thread 0x000001dd43911910 nmethod 6481 0x000001dd30471188 code [0x000001dd304712a0, 0x000001dd30471488]
Event: 295.675 Thread 0x000001dd43911910 6482       3       java.util.concurrent.ScheduledThreadPoolExecutor::reExecutePeriodic (49 bytes)
Event: 295.676 Thread 0x000001dd43911910 nmethod 6482 0x000001dd30471508 code [0x000001dd304716c0, 0x000001dd30471d28]
Event: 304.675 Thread 0x000001dd43911910 6483   !   3       java.util.concurrent.locks.AbstractQueuedSynchronizer$ConditionObject::await (185 bytes)
Event: 304.679 Thread 0x000001dd43911910 nmethod 6483 0x000001dd30471d88 code [0x000001dd30472080, 0x000001dd30473568]
Event: 322.359 Thread 0x000001dd439094e0 6484       4       java.io.File::hashCode (8 bytes)
Event: 322.373 Thread 0x000001dd439094e0 nmethod 6484 0x000001dd37917188 code [0x000001dd37917320, 0x000001dd37917d60]
Event: 327.656 Thread 0x000001dd43911910 6485       1       org.apache.catalina.webresources.CachedResource::getNextCheck (5 bytes)
Event: 327.657 Thread 0x000001dd43911910 nmethod 6485 0x000001dd37917e88 code [0x000001dd37917fa0, 0x000001dd37918070]
Event: 327.657 Thread 0x000001dd43911910 6486       1       org.apache.catalina.core.ContainerBase::getBackgroundProcessorDelay (5 bytes)
Event: 327.657 Thread 0x000001dd43911910 nmethod 6486 0x000001dd37918188 code [0x000001dd379182a0, 0x000001dd37918368]
Event: 377.723 Thread 0x000001dd43911910 6487       3       org.apache.catalina.valves.ValveBase::backgroundProcess (1 bytes)
Event: 377.723 Thread 0x000001dd43911910 nmethod 6487 0x000001dd30473608 code [0x000001dd30473720, 0x000001dd30473828]

GC Heap History (20 events):
Event: 7.149 GC heap after
{Heap after GC invocations=12 (full 0):
 garbage-first heap   total reserved 2060288K, committed 54272K, used 21245K [0x0000000082400000, 0x0000000100000000)
  region size 1024K, 3 young (3072K), 3 survivors (3072K)
 Metaspace       used 40527K, committed 41088K, reserved 1114112K
  class space    used 5244K, committed 5504K, reserved 1048576K
}
Event: 8.004 GC heap before
{Heap before GC invocations=12 (full 0):
 garbage-first heap   total reserved 2060288K, committed 54272K, used 44797K [0x0000000082400000, 0x0000000100000000)
  region size 1024K, 27 young (27648K), 3 survivors (3072K)
 Metaspace       used 47319K, committed 47872K, reserved 1114112K
  class space    used 6019K, committed 6272K, reserved 1048576K
}
Event: 8.012 GC heap after
{Heap after GC invocations=13 (full 0):
 garbage-first heap   total reserved 2060288K, committed 54272K, used 23411K [0x0000000082400000, 0x0000000100000000)
  region size 1024K, 3 young (3072K), 3 survivors (3072K)
 Metaspace       used 47319K, committed 47872K, reserved 1114112K
  class space    used 6019K, committed 6272K, reserved 1048576K
}
Event: 8.840 GC heap before
{Heap before GC invocations=13 (full 0):
 garbage-first heap   total reserved 2060288K, committed 54272K, used 45939K [0x0000000082400000, 0x0000000100000000)
  region size 1024K, 25 young (25600K), 3 survivors (3072K)
 Metaspace       used 53135K, committed 53760K, reserved 1114112K
  class space    used 7048K, committed 7296K, reserved 1048576K
}
Event: 8.847 GC heap after
{Heap after GC invocations=14 (full 0):
 garbage-first heap   total reserved 2060288K, committed 54272K, used 25069K [0x0000000082400000, 0x0000000100000000)
  region size 1024K, 2 young (2048K), 2 survivors (2048K)
 Metaspace       used 53135K, committed 53760K, reserved 1114112K
  class space    used 7048K, committed 7296K, reserved 1048576K
}
Event: 9.582 GC heap before
{Heap before GC invocations=14 (full 0):
 garbage-first heap   total reserved 2060288K, committed 54272K, used 46573K [0x0000000082400000, 0x0000000100000000)
  region size 1024K, 24 young (24576K), 2 survivors (2048K)
 Metaspace       used 58754K, committed 59328K, reserved 1114112K
  class space    used 7922K, committed 8128K, reserved 1048576K
}
Event: 9.586 GC heap after
{Heap after GC invocations=15 (full 0):
 garbage-first heap   total reserved 2060288K, committed 54272K, used 26174K [0x0000000082400000, 0x0000000100000000)
  region size 1024K, 3 young (3072K), 3 survivors (3072K)
 Metaspace       used 58754K, committed 59328K, reserved 1114112K
  class space    used 7922K, committed 8128K, reserved 1048576K
}
Event: 9.679 GC heap before
{Heap before GC invocations=15 (full 0):
 garbage-first heap   total reserved 2060288K, committed 54272K, used 28222K [0x0000000082400000, 0x0000000100000000)
  region size 1024K, 6 young (6144K), 3 survivors (3072K)
 Metaspace       used 59507K, committed 60096K, reserved 1114112K
  class space    used 8019K, committed 8256K, reserved 1048576K
}
Event: 9.683 GC heap after
{Heap after GC invocations=16 (full 0):
 garbage-first heap   total reserved 2060288K, committed 54272K, used 26300K [0x0000000082400000, 0x0000000100000000)
  region size 1024K, 2 young (2048K), 2 survivors (2048K)
 Metaspace       used 59507K, committed 60096K, reserved 1114112K
  class space    used 8019K, committed 8256K, reserved 1048576K
}
Event: 10.199 GC heap before
{Heap before GC invocations=17 (full 0):
 garbage-first heap   total reserved 2060288K, committed 54272K, used 45756K [0x0000000082400000, 0x0000000100000000)
  region size 1024K, 22 young (22528K), 2 survivors (2048K)
 Metaspace       used 65486K, committed 66240K, reserved 1114112K
  class space    used 8950K, committed 9280K, reserved 1048576K
}
Event: 10.203 GC heap after
{Heap after GC invocations=18 (full 0):
 garbage-first heap   total reserved 2060288K, committed 54272K, used 27244K [0x0000000082400000, 0x0000000100000000)
  region size 1024K, 3 young (3072K), 3 survivors (3072K)
 Metaspace       used 65486K, committed 66240K, reserved 1114112K
  class space    used 8950K, committed 9280K, reserved 1048576K
}
Event: 10.665 GC heap before
{Heap before GC invocations=18 (full 0):
 garbage-first heap   total reserved 2060288K, committed 54272K, used 44652K [0x0000000082400000, 0x0000000100000000)
  region size 1024K, 21 young (21504K), 3 survivors (3072K)
 Metaspace       used 70106K, committed 70784K, reserved 1114112K
  class space    used 9726K, committed 10048K, reserved 1048576K
}
Event: 10.671 GC heap after
{Heap after GC invocations=19 (full 0):
 garbage-first heap   total reserved 2060288K, committed 54272K, used 27676K [0x0000000082400000, 0x0000000100000000)
  region size 1024K, 2 young (2048K), 2 survivors (2048K)
 Metaspace       used 70106K, committed 70784K, reserved 1114112K
  class space    used 9726K, committed 10048K, reserved 1048576K
}
Event: 11.195 GC heap before
{Heap before GC invocations=19 (full 0):
 garbage-first heap   total reserved 2060288K, committed 54272K, used 47132K [0x0000000082400000, 0x0000000100000000)
  region size 1024K, 21 young (21504K), 2 survivors (2048K)
 Metaspace       used 73628K, committed 74368K, reserved 1114112K
  class space    used 10201K, committed 10560K, reserved 1048576K
}
Event: 11.201 GC heap after
{Heap after GC invocations=20 (full 0):
 garbage-first heap   total reserved 2060288K, committed 54272K, used 29876K [0x0000000082400000, 0x0000000100000000)
  region size 1024K, 3 young (3072K), 3 survivors (3072K)
 Metaspace       used 73628K, committed 74368K, reserved 1114112K
  class space    used 10201K, committed 10560K, reserved 1048576K
}
Event: 11.817 GC heap before
{Heap before GC invocations=21 (full 0):
 garbage-first heap   total reserved 2060288K, committed 54272K, used 46260K [0x0000000082400000, 0x0000000100000000)
  region size 1024K, 19 young (19456K), 3 survivors (3072K)
 Metaspace       used 75986K, committed 76800K, reserved 1179648K
  class space    used 10563K, committed 10944K, reserved 1048576K
}
Event: 11.825 GC heap after
{Heap after GC invocations=22 (full 0):
 garbage-first heap   total reserved 2060288K, committed 54272K, used 31433K [0x0000000082400000, 0x0000000100000000)
  region size 1024K, 2 young (2048K), 2 survivors (2048K)
 Metaspace       used 75986K, committed 76800K, reserved 1179648K
  class space    used 10563K, committed 10944K, reserved 1048576K
}
Event: 12.418 GC heap before
{Heap before GC invocations=22 (full 0):
 garbage-first heap   total reserved 2060288K, committed 54272K, used 47817K [0x0000000082400000, 0x0000000100000000)
  region size 1024K, 18 young (18432K), 2 survivors (2048K)
 Metaspace       used 78993K, committed 79872K, reserved 1179648K
  class space    used 11002K, committed 11392K, reserved 1048576K
}
Event: 12.428 GC heap after
{Heap after GC invocations=23 (full 0):
 garbage-first heap   total reserved 2060288K, committed 54272K, used 33301K [0x0000000082400000, 0x0000000100000000)
  region size 1024K, 2 young (2048K), 2 survivors (2048K)
 Metaspace       used 78993K, committed 79872K, reserved 1179648K
  class space    used 11002K, committed 11392K, reserved 1048576K
}
Event: 395.461 GC heap before
{Heap before GC invocations=23 (full 0):
 garbage-first heap   total reserved 2060288K, committed 54272K, used 47637K [0x0000000082400000, 0x0000000100000000)
  region size 1024K, 16 young (16384K), 2 survivors (2048K)
 Metaspace       used 80555K, committed 81344K, reserved 1179648K
  class space    used 11185K, committed 11520K, reserved 1048576K
}

Dll operation events (12 events):
Event: 0.019 Loaded shared library C:\Users\Shree\.jdks\openjdk-23.0.2\bin\java.dll
Event: 0.068 Loaded shared library C:\Users\Shree\.jdks\openjdk-23.0.2\bin\jsvml.dll
Event: 0.265 Loaded shared library C:\Users\Shree\.jdks\openjdk-23.0.2\bin\zip.dll
Event: 0.272 Loaded shared library C:\Users\Shree\.jdks\openjdk-23.0.2\bin\instrument.dll
Event: 0.280 Loaded shared library C:\Users\Shree\.jdks\openjdk-23.0.2\bin\net.dll
Event: 0.283 Loaded shared library C:\Users\Shree\.jdks\openjdk-23.0.2\bin\nio.dll
Event: 0.289 Loaded shared library C:\Users\Shree\.jdks\openjdk-23.0.2\bin\zip.dll
Event: 1.300 Loaded shared library C:\Users\Shree\.jdks\openjdk-23.0.2\bin\extnet.dll
Event: 1.339 Loaded shared library C:\Users\Shree\.jdks\openjdk-23.0.2\bin\jimage.dll
Event: 1.980 Loaded shared library C:\Users\Shree\.jdks\openjdk-23.0.2\bin\management.dll
Event: 1.989 Loaded shared library C:\Users\Shree\.jdks\openjdk-23.0.2\bin\management_ext.dll
Event: 4.454 Loaded shared library C:\Users\Shree\.jdks\openjdk-23.0.2\bin\sunmscapi.dll

Deoptimization events (20 events):
Event: 12.529 Thread 0x000001dd89adc340 Uncommon trap: trap_request=0xffffff45 fr.pc=0x000001dd378e7560 relative=0x0000000000000fa0
Event: 12.529 Thread 0x000001dd89adc340 Uncommon trap: reason=unstable_if action=reinterpret pc=0x000001dd378e7560 method=org.springframework.core.annotation.AnnotationsScanner.processMethodAnnotations(Ljava/lang/Object;ILjava/lang/reflect/Method;Lorg/springframework/core/annotation/Annotations
Event: 12.529 Thread 0x000001dd89adc340 DEOPT PACKING pc=0x000001dd378e7560 sp=0x0000001f6d8fda90
Event: 12.529 Thread 0x000001dd89adc340 DEOPT UNPACKING pc=0x000001dd37154402 sp=0x0000001f6d8fd980 mode 2
Event: 12.612 Thread 0x000001dd89adc340 Uncommon trap: trap_request=0xffffff45 fr.pc=0x000001dd3770375c relative=0x000000000000005c
Event: 12.612 Thread 0x000001dd89adc340 Uncommon trap: reason=unstable_if action=reinterpret pc=0x000001dd3770375c method=org.springframework.util.ConcurrentReferenceHashMap$Segment.clear()V @ 7 c2
Event: 12.612 Thread 0x000001dd89adc340 DEOPT PACKING pc=0x000001dd3770375c sp=0x0000001f6d8fed30
Event: 12.612 Thread 0x000001dd89adc340 DEOPT UNPACKING pc=0x000001dd37154402 sp=0x0000001f6d8fecc0 mode 2
Event: 12.617 Thread 0x000001dd89adc340 Uncommon trap: trap_request=0xffffff54 fr.pc=0x000001dd377e589c relative=0x00000000000001bc
Event: 12.617 Thread 0x000001dd89adc340 Uncommon trap: reason=speculate_null_assert action=make_not_entrant pc=0x000001dd377e589c method=org.springframework.util.ConcurrentReferenceHashMap$Segment.restructureIfNecessary(Z)V @ 41 c2
Event: 12.617 Thread 0x000001dd89adc340 DEOPT PACKING pc=0x000001dd377e589c sp=0x0000001f6d8fe9c0
Event: 12.617 Thread 0x000001dd89adc340 DEOPT UNPACKING pc=0x000001dd37154402 sp=0x0000001f6d8fe948 mode 2
Event: 12.645 Thread 0x000001dd89adc340 Uncommon trap: trap_request=0xffffff45 fr.pc=0x000001dd377a07c8 relative=0x0000000000001188
Event: 12.645 Thread 0x000001dd89adc340 Uncommon trap: reason=unstable_if action=reinterpret pc=0x000001dd377a07c8 method=java.lang.String.<init>(Ljava/nio/charset/Charset;[BII)V @ 6 c2
Event: 12.645 Thread 0x000001dd89adc340 DEOPT PACKING pc=0x000001dd377a07c8 sp=0x0000001f6d8fdf20
Event: 12.645 Thread 0x000001dd89adc340 DEOPT UNPACKING pc=0x000001dd37154402 sp=0x0000001f6d8fdee0 mode 2
Event: 12.658 Thread 0x000001dd89adc340 Uncommon trap: trap_request=0xffffff45 fr.pc=0x000001dd376d89b0 relative=0x0000000000000110
Event: 12.658 Thread 0x000001dd89adc340 Uncommon trap: reason=unstable_if action=reinterpret pc=0x000001dd376d89b0 method=java.util.ArrayList.indexOfRange(Ljava/lang/Object;II)I @ 7 c2
Event: 12.658 Thread 0x000001dd89adc340 DEOPT PACKING pc=0x000001dd376d89b0 sp=0x0000001f6d8feab0
Event: 12.659 Thread 0x000001dd89adc340 DEOPT UNPACKING pc=0x000001dd37154402 sp=0x0000001f6d8fea30 mode 2

Classes loaded (20 events):
Event: 12.677 Loading class java/beans/WeakIdentityMap done
Event: 12.677 Loading class java/beans/ThreadGroupContext$1 done
Event: 12.677 Loading class java/beans/WeakIdentityMap$Entry
Event: 12.677 Loading class java/beans/WeakIdentityMap$Entry done
Event: 12.677 Loading class com/sun/beans/introspect/ClassInfo
Event: 12.678 Loading class com/sun/beans/introspect/ClassInfo done
Event: 12.678 Loading class com/sun/beans/introspect/ClassInfo$1
Event: 12.678 Loading class com/sun/beans/util/Cache
Event: 12.678 Loading class com/sun/beans/util/Cache done
Event: 12.678 Loading class com/sun/beans/introspect/ClassInfo$1 done
Event: 12.679 Loading class com/sun/beans/util/Cache$Kind
Event: 12.679 Loading class com/sun/beans/util/Cache$Kind done
Event: 12.679 Loading class com/sun/beans/util/Cache$Kind$1
Event: 12.679 Loading class com/sun/beans/util/Cache$Kind$1 done
Event: 12.679 Loading class com/sun/beans/util/Cache$Kind$2
Event: 12.679 Loading class com/sun/beans/util/Cache$Kind$2 done
Event: 12.680 Loading class com/sun/beans/util/Cache$Kind$3
Event: 12.680 Loading class com/sun/beans/util/Cache$Kind$3 done
Event: 12.680 Loading class com/sun/beans/util/Cache$CacheEntry
Event: 12.680 Loading class com/sun/beans/util/Cache$CacheEntry done

Classes unloaded (0 events):
No events

Classes redefined (0 events):
No events

Internal exceptions (20 events):
Event: 10.916 Thread 0x000001dd89adc340 Exception <a 'java/lang/IncompatibleClassChangeError'{0x0000000084fb35e0}: Found class java.lang.Object, but interface was expected> (0x0000000084fb35e0) 
thrown [s\open\src\hotspot\share\interpreter\linkResolver.cpp, line 863]
Event: 10.989 Thread 0x000001dd89adc340 Implicit null exception at 0x000001dd377a7580 to 0x000001dd377a77f4
Event: 11.014 Thread 0x000001dd89adc340 Exception <a 'java/lang/NoSuchMethodError'{0x0000000084c89b48}: 'java.lang.Object java.lang.invoke.DirectMethodHandle$Holder.invokeInterface(java.lang.Object, java.lang.Object, java.lang.Object, java.lang.Object)'> (0x0000000084c89b48) 
thrown [s\open\src\hotspot\share\interpreter\linkResolver.cpp, line 796]
Event: 11.224 Thread 0x000001dd89adc340 Exception <a 'java/lang/NoSuchMethodError'{0x000000008a157dd8}: 'java.lang.Object java.lang.invoke.DirectMethodHandle$Holder.invokeVirtual(java.lang.Object, java.lang.Object, java.lang.Object, java.lang.Object, java.lang.Object, java.lang.Object, java.lang.Object, java.lang.Object)'> (0x000000008a157dd8) 
thrown [s\open\src\hotspot\share\interpreter\linkResolver.cpp, line 796]
Event: 11.366 Thread 0x000001dd89adc340 Exception <a 'java/lang/NoSuchMethodError'{0x000000008559da38}: 'void java.lang.invoke.Invokers$Holder.invokeExact_MT(java.lang.Object, java.lang.Object, java.lang.Object, java.lang.Object)'> (0x000000008559da38) 
thrown [s\open\src\hotspot\share\interpreter\linkResolver.cpp, line 796]
Event: 11.415 Thread 0x000001dd89adc340 Exception <a 'java/lang/NoSuchMethodError'{0x0000000085318d30}: 'java.lang.Object java.lang.invoke.DirectMethodHandle$Holder.invokeVirtual(java.lang.Object, java.lang.Object, java.lang.Object, int)'> (0x0000000085318d30) 
thrown [s\open\src\hotspot\share\interpreter\linkResolver.cpp, line 796]
Event: 11.479 Thread 0x000001dd89adc340 Exception <a 'java/lang/NoSuchMethodError'{0x00000000852df548}: 'java.lang.Object java.lang.invoke.DirectMethodHandle$Holder.invokeVirtual(java.lang.Object, java.lang.Object, int)'> (0x00000000852df548) 
thrown [s\open\src\hotspot\share\interpreter\linkResolver.cpp, line 796]
Event: 11.622 Thread 0x000001dd89adc340 Exception <a 'java/lang/IncompatibleClassChangeError'{0x0000000084eaadd0}: Found class java.lang.Object, but interface was expected> (0x0000000084eaadd0) 
thrown [s\open\src\hotspot\share\interpreter\linkResolver.cpp, line 863]
Event: 11.678 Thread 0x000001dd89adc340 Implicit null exception at 0x000001dd377974d2 to 0x000001dd37797594
Event: 11.770 Thread 0x000001dd89adc340 Exception <a 'java/lang/NoSuchMethodError'{0x0000000084ab9078}: 'int java.lang.invoke.DirectMethodHandle$Holder.invokeStaticInit(java.lang.Object, java.lang.Object, java.lang.Object, java.lang.Object)'> (0x0000000084ab9078) 
thrown [s\open\src\hotspot\share\interpreter\linkResolver.cpp, line 796]
Event: 11.872 Thread 0x000001dd89adc340 Exception <a 'java/lang/NoSuchMethodError'{0x000000008a1f0058}: 'java.lang.Object java.lang.invoke.DirectMethodHandle$Holder.invokeVirtual(java.lang.Object, java.lang.Object, java.lang.Object, java.lang.Object, java.lang.Object, java.lang.Object, java.lang.Object, java.lang.Object, java.lang.Object)'> (0x000000008a1f0058) 
thrown [s\open\src\hotspot\share\interpreter\linkResolver.cpp, line 796]
Event: 11.966 Thread 0x000001dd89adc340 Exception <a 'java/lang/NoSuchMethodError'{0x0000000085559e78}: 'java.lang.Object java.lang.invoke.DirectMethodHandle$Holder.invokeVirtual(java.lang.Object, java.lang.Object, java.lang.Object, java.lang.Object, java.lang.Object, java.lang.Object, java.lang.Object, java.lang.Object, java.lang.Object, java.lang.Object, java.lang.Object, java.lang.Object)'> (0x0000000085559e78) 
thrown [s\open\src\hotspot\share\interpreter\linkResolver.cpp, line 796]
Event: 11.987 Thread 0x000001dd89adc340 Exception <a 'java/lang/NoSuchMethodError'{0x00000000855fca60}: 'java.lang.Object java.lang.invoke.DirectMethodHandle$Holder.invokeVirtual(java.lang.Object, java.lang.Object, java.lang.Object, java.lang.Object, java.lang.Object, java.lang.Object, java.lang.Object)'> (0x00000000855fca60) 
thrown [s\open\src\hotspot\share\interpreter\linkResolver.cpp, line 796]
Event: 12.077 Thread 0x000001dd89adc340 Exception <a 'java/lang/IncompatibleClassChangeError'{0x0000000085204960}: Found class java.lang.Object, but interface was expected> (0x0000000085204960) 
thrown [s\open\src\hotspot\share\interpreter\linkResolver.cpp, line 863]
Event: 12.103 Thread 0x000001dd89adc340 Implicit null exception at 0x000001dd3775eef2 to 0x000001dd37760d7c
Event: 12.103 Thread 0x000001dd89adc340 Implicit null exception at 0x000001dd377d41a4 to 0x000001dd377d4224
Event: 12.148 Thread 0x000001dd89adc340 Exception <a 'java/lang/IncompatibleClassChangeError'{0x00000000850c9808}: Found class java.lang.Object, but interface was expected> (0x00000000850c9808) 
thrown [s\open\src\hotspot\share\interpreter\linkResolver.cpp, line 863]
Event: 12.498 Thread 0x000001dd89adc340 Exception <a 'java/lang/IncompatibleClassChangeError'{0x00000000888ff058}: Found class java.lang.Object, but interface was expected> (0x00000000888ff058) 
thrown [s\open\src\hotspot\share\interpreter\linkResolver.cpp, line 863]
Event: 12.619 Thread 0x000001dd89adc340 Exception <a 'java/lang/NoSuchMethodError'{0x000000008538eef8}: 'java.lang.Object java.lang.invoke.DirectMethodHandle$Holder.newInvokeSpecial(java.lang.Object, java.lang.Object, int, java.lang.Object, java.lang.Object)'> (0x000000008538eef8) 
thrown [s\open\src\hotspot\share\interpreter\linkResolver.cpp, line 796]
Event: 12.619 Thread 0x000001dd89adc340 Exception <a 'java/lang/NoSuchMethodError'{0x0000000085392e98}: 'java.lang.Object java.lang.invoke.DirectMethodHandle$Holder.invokeSpecial(java.lang.Object, java.lang.Object, java.lang.Object, int, java.lang.Object, java.lang.Object)'> (0x0000000085392e98) 
thrown [s\open\src\hotspot\share\interpreter\linkResolver.cpp, line 796]

VM Operations (20 events):
Event: 11.645 Executing VM operation: HandshakeAllThreads (Deoptimize) done
Event: 11.665 Executing VM operation: HandshakeAllThreads (Deoptimize)
Event: 11.665 Executing VM operation: HandshakeAllThreads (Deoptimize) done
Event: 11.734 Executing VM operation: HandshakeAllThreads (Deoptimize)
Event: 11.734 Executing VM operation: HandshakeAllThreads (Deoptimize) done
Event: 11.817 Executing VM operation: G1CollectForAllocation (G1 Evacuation Pause)
Event: 11.825 Executing VM operation: G1CollectForAllocation (G1 Evacuation Pause) done
Event: 12.169 Executing VM operation: HandshakeAllThreads (Deoptimize)
Event: 12.169 Executing VM operation: HandshakeAllThreads (Deoptimize) done
Event: 12.298 Executing VM operation: HandshakeAllThreads (Deoptimize)
Event: 12.298 Executing VM operation: HandshakeAllThreads (Deoptimize) done
Event: 12.299 Executing VM operation: HandshakeAllThreads (Deoptimize)
Event: 12.299 Executing VM operation: HandshakeAllThreads (Deoptimize) done
Event: 12.418 Executing VM operation: G1CollectForAllocation (G1 Evacuation Pause)
Event: 12.428 Executing VM operation: G1CollectForAllocation (G1 Evacuation Pause) done
Event: 60.070 Executing VM operation: HandshakeAllThreads (HandshakeForDeflation)
Event: 60.070 Executing VM operation: HandshakeAllThreads (HandshakeForDeflation) done
Event: 60.071 Executing VM operation: RendezvousGCThreads
Event: 60.071 Executing VM operation: RendezvousGCThreads done
Event: 395.461 Executing VM operation: G1CollectForAllocation (G1 Evacuation Pause)

Memory protections (0 events):
No events

Nmethod flushes (20 events):
Event: 11.280 Thread 0x000001dd438e40b0 flushing  nmethod 0x000001dd2fdc8608
Event: 11.280 Thread 0x000001dd438e40b0 flushing  nmethod 0x000001dd2fdc8d08
Event: 11.280 Thread 0x000001dd438e40b0 flushing  nmethod 0x000001dd2fe0c908
Event: 11.280 Thread 0x000001dd438e40b0 flushing  nmethod 0x000001dd2fe11f08
Event: 11.280 Thread 0x000001dd438e40b0 flushing  nmethod 0x000001dd2fe43a08
Event: 11.280 Thread 0x000001dd438e40b0 flushing  nmethod 0x000001dd2fe46f08
Event: 11.280 Thread 0x000001dd438e40b0 flushing  nmethod 0x000001dd2fe7e188
Event: 11.280 Thread 0x000001dd438e40b0 flushing  nmethod 0x000001dd2ff15a08
Event: 11.280 Thread 0x000001dd438e40b0 flushing  nmethod 0x000001dd2ff15f08
Event: 11.280 Thread 0x000001dd438e40b0 flushing  nmethod 0x000001dd2ff26d88
Event: 11.280 Thread 0x000001dd438e40b0 flushing  nmethod 0x000001dd2fff1f88
Event: 11.280 Thread 0x000001dd438e40b0 flushing  nmethod 0x000001dd3002fc88
Event: 11.280 Thread 0x000001dd438e40b0 flushing  nmethod 0x000001dd300a2308
Event: 11.280 Thread 0x000001dd438e40b0 flushing  nmethod 0x000001dd300c8708
Event: 11.280 Thread 0x000001dd438e40b0 flushing  nmethod 0x000001dd30192888
Event: 11.280 Thread 0x000001dd438e40b0 flushing  nmethod 0x000001dd301b5c88
Event: 11.280 Thread 0x000001dd438e40b0 flushing  nmethod 0x000001dd30205a88
Event: 11.280 Thread 0x000001dd438e40b0 flushing  nmethod 0x000001dd30206208
Event: 11.280 Thread 0x000001dd438e40b0 flushing  nmethod 0x000001dd30211808
Event: 11.280 Thread 0x000001dd438e40b0 flushing  nmethod 0x000001dd302f6908

Events (20 events):
Event: 10.282 Thread 0x000001dd439094e0 Thread added: 0x000001dd43911fe0
Event: 12.551 Thread 0x000001dd89adc340 Thread added: 0x000001dd8ba1bcd0
Event: 12.632 Thread 0x000001dd89adc340 Thread added: 0x000001dd8ba1eac0
Event: 12.633 Thread 0x000001dd89adc340 Thread added: 0x000001dd8ba1d710
Event: 12.633 Thread 0x000001dd89adc340 Thread added: 0x000001dd8ba1d080
Event: 12.633 Thread 0x000001dd89adc340 Thread added: 0x000001dd8ba1f150
Event: 12.633 Thread 0x000001dd89adc340 Thread added: 0x000001dd8ba1f7e0
Event: 12.633 Thread 0x000001dd89adc340 Thread added: 0x000001dd8ba1dda0
Event: 12.633 Thread 0x000001dd89adc340 Thread added: 0x000001dd8ba18ee0
Event: 12.633 Thread 0x000001dd89adc340 Thread added: 0x000001dd8ba19c00
Event: 12.633 Thread 0x000001dd89adc340 Thread added: 0x000001dd8ba1a290
Event: 12.633 Thread 0x000001dd89adc340 Thread added: 0x000001dd8ba1a920
Event: 12.649 Thread 0x000001dd89adc340 Thread added: 0x000001dd8ba1c360
Event: 12.651 Thread 0x000001dd89adc340 Thread added: 0x000001dd8ba1c9f0
Event: 12.676 Thread 0x000001dd89adc340 Thread exited: 0x000001dd89adc340
Event: 12.681 Thread 0x000001dd899bfbb0 Thread exited: 0x000001dd899bfbb0
Event: 12.681 Thread 0x000001dd2749e180 Thread exited: 0x000001dd2749e180
Event: 12.682 Thread 0x000001dd8bcb3aa0 Thread added: 0x000001dd8bcb3aa0
Event: 13.190 Thread 0x000001dd8bcb2d80 Thread exited: 0x000001dd8bcb2d80
Event: 15.596 Thread 0x000001dd43911fe0 Thread exited: 0x000001dd43911fe0


Dynamic libraries:
0x00007ff63da60000 - 0x00007ff63da6e000 	C:\Users\Shree\.jdks\openjdk-23.0.2\bin\java.exe
0x00007ffbad830000 - 0x00007ffbada29000 	C:\Windows\SYSTEM32\ntdll.dll
0x00007ffbabac0000 - 0x00007ffbabb82000 	C:\Windows\System32\KERNEL32.DLL
0x00007ffbab150000 - 0x00007ffbab447000 	C:\Windows\System32\KERNELBASE.dll
0x00007ffbab050000 - 0x00007ffbab150000 	C:\Windows\System32\ucrtbase.dll
0x00007ffba4dc0000 - 0x00007ffba4ddb000 	C:\Users\Shree\.jdks\openjdk-23.0.2\bin\VCRUNTIME140.dll
0x00007ffba63e0000 - 0x00007ffba63f7000 	C:\Users\Shree\.jdks\openjdk-23.0.2\bin\jli.dll
0x00007ffbac150000 - 0x00007ffbac2ed000 	C:\Windows\System32\USER32.dll
0x00007ffbaaea0000 - 0x00007ffbaaec2000 	C:\Windows\System32\win32u.dll
0x00007ffb97a60000 - 0x00007ffb97cfb000 	C:\Windows\WinSxS\amd64_microsoft.windows.common-controls_6595b64144ccf1df_6.0.19041.7663_none_60b9ed0b71f50c93\COMCTL32.dll
0x00007ffbac840000 - 0x00007ffbac86b000 	C:\Windows\System32\GDI32.dll
0x00007ffbab450000 - 0x00007ffbab56a000 	C:\Windows\System32\gdi32full.dll
0x00007ffbaafb0000 - 0x00007ffbab04d000 	C:\Windows\System32\msvcp_win.dll
0x00007ffbab830000 - 0x00007ffbab8ce000 	C:\Windows\System32\msvcrt.dll
0x00007ffbad680000 - 0x00007ffbad6af000 	C:\Windows\System32\IMM32.DLL
0x00007ffba63b0000 - 0x00007ffba63bc000 	C:\Users\Shree\.jdks\openjdk-23.0.2\bin\vcruntime140_1.dll
0x00007ffb959e0000 - 0x00007ffb95a6e000 	C:\Users\Shree\.jdks\openjdk-23.0.2\bin\msvcp140.dll
0x00007ffb7cb10000 - 0x00007ffb7d860000 	C:\Users\Shree\.jdks\openjdk-23.0.2\bin\server\jvm.dll
0x00007ffbacd00000 - 0x00007ffbacdb2000 	C:\Windows\System32\ADVAPI32.dll
0x00007ffbaca10000 - 0x00007ffbacab0000 	C:\Windows\System32\sechost.dll
0x00007ffbab980000 - 0x00007ffbabaa6000 	C:\Windows\System32\RPCRT4.dll
0x00007ffbaaed0000 - 0x00007ffbaaef7000 	C:\Windows\System32\bcrypt.dll
0x00007ffbacdc0000 - 0x00007ffbace2b000 	C:\Windows\System32\WS2_32.dll
0x00007ffbaa3f0000 - 0x00007ffbaa43b000 	C:\Windows\SYSTEM32\POWRPROF.dll
0x00007ffb93b90000 - 0x00007ffb93bb7000 	C:\Windows\SYSTEM32\WINMM.dll
0x00007ffba27d0000 - 0x00007ffba27da000 	C:\Windows\SYSTEM32\VERSION.dll
0x00007ffbaa260000 - 0x00007ffbaa272000 	C:\Windows\SYSTEM32\UMPDC.dll
0x00007ffba8d00000 - 0x00007ffba8d12000 	C:\Windows\SYSTEM32\kernel.appcore.dll
0x00007ffba4d00000 - 0x00007ffba4d0a000 	C:\Users\Shree\.jdks\openjdk-23.0.2\bin\jimage.dll
0x00007ffb98870000 - 0x00007ffb98a71000 	C:\Windows\SYSTEM32\DBGHELP.DLL
0x00007ffb92e40000 - 0x00007ffb92e74000 	C:\Windows\SYSTEM32\dbgcore.DLL
0x00007ffbab570000 - 0x00007ffbab5f2000 	C:\Windows\System32\bcryptPrimitives.dll
0x00007ffba4cf0000 - 0x00007ffba4cff000 	C:\Users\Shree\.jdks\openjdk-23.0.2\bin\instrument.dll
0x00007ffba49b0000 - 0x00007ffba49ce000 	C:\Users\Shree\.jdks\openjdk-23.0.2\bin\java.dll
0x00007ffbacbd0000 - 0x00007ffbaccfb000 	C:\Windows\System32\ole32.dll
0x00007ffbabdc0000 - 0x00007ffbac113000 	C:\Windows\System32\combase.dll
0x00007ffbace90000 - 0x00007ffbad601000 	C:\Windows\System32\SHELL32.dll
0x00007ffba8f10000 - 0x00007ffba96bc000 	C:\Windows\SYSTEM32\windows.storage.dll
0x00007ffbaa8c0000 - 0x00007ffbaa8eb000 	C:\Windows\SYSTEM32\Wldp.dll
0x00007ffbac2f0000 - 0x00007ffbac3c6000 	C:\Windows\System32\OLEAUT32.dll
0x00007ffbab8d0000 - 0x00007ffbab97d000 	C:\Windows\System32\SHCORE.dll
0x00007ffbace30000 - 0x00007ffbace8b000 	C:\Windows\System32\shlwapi.dll
0x00007ffbaadd0000 - 0x00007ffbaadf5000 	C:\Windows\SYSTEM32\profapi.dll
0x00007ffb8a940000 - 0x00007ffb8aa17000 	C:\Users\Shree\.jdks\openjdk-23.0.2\bin\jsvml.dll
0x00007ffb96880000 - 0x00007ffb96897000 	C:\Users\Shree\.jdks\openjdk-23.0.2\bin\zip.dll
0x00007ffb986e0000 - 0x00007ffb986f0000 	C:\Users\Shree\.jdks\openjdk-23.0.2\bin\net.dll
0x00007ffbaa5f0000 - 0x00007ffbaa65a000 	C:\Windows\system32\mswsock.dll
0x00007ffb986c0000 - 0x00007ffb986d6000 	C:\Users\Shree\.jdks\openjdk-23.0.2\bin\nio.dll
0x00007ffb97270000 - 0x00007ffb97279000 	C:\Users\Shree\.jdks\openjdk-23.0.2\bin\extnet.dll
0x00007ffb97170000 - 0x00007ffb9717a000 	C:\Users\Shree\.jdks\openjdk-23.0.2\bin\management.dll
0x00007ffb96b80000 - 0x00007ffb96b8b000 	C:\Users\Shree\.jdks\openjdk-23.0.2\bin\management_ext.dll
0x00007ffbabab0000 - 0x00007ffbabab8000 	C:\Windows\System32\PSAPI.DLL
0x00007ffb977f0000 - 0x00007ffb977fe000 	C:\Users\Shree\.jdks\openjdk-23.0.2\bin\sunmscapi.dll
0x00007ffbab650000 - 0x00007ffbab7ad000 	C:\Windows\System32\CRYPT32.dll
0x00007ffbaa930000 - 0x00007ffbaa957000 	C:\Windows\SYSTEM32\ncrypt.dll
0x00007ffbaa8f0000 - 0x00007ffbaa92b000 	C:\Windows\SYSTEM32\NTASN1.dll
0x00007ffbaa820000 - 0x00007ffbaa838000 	C:\Windows\SYSTEM32\CRYPTSP.dll
0x00007ffba9ea0000 - 0x00007ffba9ed8000 	C:\Windows\system32\rsaenh.dll
0x00007ffbaad40000 - 0x00007ffbaad6e000 	C:\Windows\SYSTEM32\USERENV.dll
0x00007ffbaa810000 - 0x00007ffbaa81c000 	C:\Windows\SYSTEM32\CRYPTBASE.dll
0x00007ffbaa280000 - 0x00007ffbaa2bb000 	C:\Windows\SYSTEM32\IPHLPAPI.DLL
0x00007ffbac140000 - 0x00007ffbac148000 	C:\Windows\System32\NSI.dll
0x00007ffb9f670000 - 0x00007ffb9f677000 	C:\Windows\system32\wshunix.dll

dbghelp: loaded successfully - version: 4.0.5 - missing functions: none
symbol engine: initialized successfully - sym options: 0x614 - pdb path: .;C:\Users\Shree\.jdks\openjdk-23.0.2\bin;C:\Windows\SYSTEM32;C:\Windows\WinSxS\amd64_microsoft.windows.common-controls_6595b64144ccf1df_6.0.19041.7663_none_60b9ed0b71f50c93;C:\Users\Shree\.jdks\openjdk-23.0.2\bin\server

VM Arguments:
jvm_args: -javaagent:C:\Program Files\JetBrains\IntelliJ IDEA Community Edition 2024.3.3\lib\idea_rt.jar=59146 -Dfile.encoding=UTF-8 -Dsun.stdout.encoding=UTF-8 -Dsun.stderr.encoding=UTF-8 
java_command: com.nitech.loans.LoansApplication
java_class_path (initial): D:\Microservices\loans\target\classes;C:\Users\Shree\.m2\repository\org\springframework\boot\spring-boot-h2console\4.1.0\spring-boot-h2console-4.1.0.jar;C:\Users\Shree\.m2\repository\org\springframework\boot\spring-boot\4.1.0\spring-boot-4.1.0.jar;C:\Users\Shree\.m2\repository\org\springframework\spring-core\7.0.8\spring-core-7.0.8.jar;C:\Users\Shree\.m2\repository\commons-logging\commons-logging\1.3.6\commons-logging-1.3.6.jar;C:\Users\Shree\.m2\repository\org\springframework\spring-context\7.0.8\spring-context-7.0.8.jar;C:\Users\Shree\.m2\repository\org\springframework\spring-aop\7.0.8\spring-aop-7.0.8.jar;C:\Users\Shree\.m2\repository\org\springframework\spring-beans\7.0.8\spring-beans-7.0.8.jar;C:\Users\Shree\.m2\repository\org\springframework\spring-expression\7.0.8\spring-expression-7.0.8.jar;C:\Users\Shree\.m2\repository\io\micrometer\micrometer-observation\1.17.0\micrometer-observation-1.17.0.jar;C:\Users\Shree\.m2\repository\io\micrometer\micrometer-commons\1.17.0\micrometer-commons-1.17.0.jar;C:\Users\Shree\.m2\repository\jakarta\servlet\jakarta.servlet-api\6.1.0\jakarta.servlet-api-6.1.0.jar;C:\Users\Shree\.m2\repository\org\springframework\boot\spring-boot-starter-data-jpa\4.1.0\spring-boot-starter-data-jpa-4.1.0.jar;C:\Users\Shree\.m2\repository\org\springframework\boot\spring-boot-starter\4.1.0\spring-boot-starter-4.1.0.jar;C:\Users\Shree\.m2\repository\org\springframework\boot\spring-boot-starter-logging\4.1.0\spring-boot-starter-logging-4.1.0.jar;C:\Users\Shree\.m2\repository\ch\qos\logback\logback-classic\1.5.34\logback-classic-1.5.34.jar;C:\Users\Shree\.m2\repository\ch\qos\logback\logback-core\1.5.34\logback-core-1.5.34.jar;C:\Users\Shree\.m2\repository\org\apache\logging\log4j\log4j-to-slf4j\2.25.4\log4j-to-slf4j-2.25.4.jar;C:\Users\Shree\.m2\repository\org\apache\logging\log4j\log4j-api\2.25.4\log4j-api-2.25.4.jar;C:\Users\Shree\.m2\repository\org\slf4j\jul-to-slf4j\2.0.18\jul-to-slf4j-2.0.18.jar;C:\Users\Shree\.m2\repository\jakarta\annotation\jakarta.annotation-api\3.0.0\jakarta.annotation-api-3.0.0.jar;C:\Users\Shree\.m2\repository\org\yaml\snakeyaml\2.6\snakeyaml-2.6.jar;C:\Users\Shree\.m2\repository\org\springframework\boot\spring-boot-starter-jdbc\4.1.0\spring-boot-starter-jdbc-4.1.0.jar;C:\Users\Shree\.m2\repository\com\zaxxer\HikariCP\7.0.2\HikariCP-7.0.2.jar;C:\Users\Shree\.m2\repository\org\slf4j\slf4j-api\2.0.18\slf4j-api-2.0.18.jar;C:\Users\Shree\.m2\repository\org\springframework\boot\spring-boot-data-jpa\4.1.0\spring-boot-data-jpa-4.1.0.jar;C:\Users\Shree\.m2\repository\org\springframework\boot\spring-boot-data-commons\4.1.0\spring-boot-data-commons-4.1.0.jar;C:\Users\Shree\.m2\repository\org\springframework\boot\spring-boot-persistence\4.1.0\spring-boot-persistence-4.1.0.jar;C:\Users\Shree\.m2\repository\org\springframework\data\spring-data-commons\4.1.0\spring-data-commons-4.1.0.jar;C:\Users\Shree\.m2\repository\org\springframework\boot\spring-boot-hibernate\4.1.0\spring-boot-hibernate-4.1.0.jar;C:\Users\Shree\.m2\repository\org\springframework\boot\spring-boot-jpa\4.1.0\spring-boot-jpa-4.1.0.jar;C:\Users\Shree\.m2\repository\jakarta\persistence\jakarta.persistence-api\3.2.0\jakarta.persistence-api-3.2.0.jar;C:\Users\Shree\.m2\repository\org\hibernate\orm\hibernate-core\7.4.1.Final\hibernate-core-7.4.1.Final.jar;C:\Users\Shree\.m2\repository\jakarta\transaction\jakarta.transaction-api\2.0.1\jakarta.transaction-api-2.0.1.jar;C:\Users\Shree\.m2\repository\org\hibernate\models\hibernate-models\1.1.1\hibernate-models-1.1.1.jar;C:\Users\Shree\.m2\repository\org\glassfish\jaxb\jaxb-runtime\4.0.9\jaxb-runtime-4.0.9.jar;C:\Users\Shree\.m2\repository\org\glassfish\jaxb\jaxb-core\4.0.9\jaxb-core-4.0.9.jar;C:\Users\Shree\.m2\repository\org\eclipse\angus\angus-activation\2.0.3\angus-activation-2.0.3.jar;C:\Users\Shree\.m2\repository\org\glassfish\jaxb\txw2\4.0.9\txw2-4.0.9.jar;C:\Users\Shree\.m2\repository\com\sun\istack\istack-commons-runtime\4.1.2\istack-commons-runtime-4.1.2.jar;C:\Users\Shree\.m2\repository\jakarta\inject\jakarta.inject-api\2.0.1\jakarta.inject-api-2.0.1.jar;C:\Users\Shree\.m2\repository\org\springframework\spring-orm\7.0.8\spring-orm-7.0.8.jar;C:\Users\Shree\.m2\repository\org\springframework\data\spring-data-jpa\4.1.0\spring-data-jpa-4.1.0.jar;C:\Users\Shree\.m2\repository\org\springframework\spring-tx\7.0.8\spring-tx-7.0.8.jar;C:\Users\Shree\.m2\repository\org\antlr\antlr4-runtime\4.13.2\antlr4-runtime-4.13.2.jar;C:\Users\Shree\.m2\repository\org\springframework\spring-aspects\7.0.8\spring-aspects-7.0.8.jar;C:\Users\Shree\.m2\repository\org\aspectj\aspectjweaver\1.9.25.1\aspectjweaver-1.9.25.1.jar;C:\Users\Shree\.m2\repository\org\springframework\boot\spring-boot-jdbc\4.1.0\spring-boot-jdbc-4.1.0.jar;C:\Users\Shree\.m2\repository\org\springframework\boot\spring-boot-sql\4.1.0\spring-boot-sql-4.1.0.jar;C:\Users\Shree\.m2\repository\org\springframework\boot\spring-boot-transaction\4.1.0\spring-boot-transaction-4.1.0.jar;C:\Users\Shree\.m2\repository\org\springframework\spring-jdbc\7.0.8\spring-jdbc-7.0.8.jar;C:\Users\Shree\.m2\repository\org\springframework\boot\spring-boot-starter-validation\4.1.0\spring-boot-starter-validation-4.1.0.jar;C:\Users\Shree\.m2\repository\org\springframework\boot\spring-boot-validation\4.1.0\spring-boot-validation-4.1.0.jar;C:\Users\Shree\.m2\repository\org\apache\tomcat\embed\tomcat-embed-el\11.0.22\tomcat-embed-el-11.0.22.jar;C:\Users\Shree\.m2\repository\org\hibernate\validator\hibernate-validator\9.1.0.Final\hibernate-validator-9.1.0.Final.jar;C:\Users\Shree\.m2\repository\jakarta\validation\jakarta.validation-api\3.1.1\jakarta.validation-api-3.1.1.jar;C:\Users\Shree\.m2\repository\org\jboss\logging\jboss-logging\3.6.3.Final\jboss-logging-3.6.3.Final.jar;C:\Users\Shree\.m2\repository\com\fasterxml\classmate\1.7.3\classmate-1.7.3.jar;C:\Users\Shree\.m2\repository\org\springframework\boot\spring-boot-starter-webmvc\4.1.0\spring-boot-starter-webmvc-4.1.0.jar;C:\Users\Shree\.m2\repository\org\springframework\boot\spring-boot-starter-jackson\4.1.0\spring-boot-starter-jackson-4.1.0.jar;C:\Users\Shree\.m2\repository\org\springframework\boot\spring-boot-jackson\4.1.0\spring-boot-jackson-4.1.0.jar;C:\Users\Shree\.m2\repository\tools\jackson\core\jackson-databind\3.1.4\jackson-databind-3.1.4.jar;C:\Users\Shree\.m2\repository\com\fasterxml\jackson\core\jackson-annotations\2.21\jackson-annotations-2.21.jar;C:\Users\Shree\.m2\repository\tools\jackson\core\jackson-core\3.1.4\jackson-core-3.1.4.jar;C:\Users\Shree\.m2\repository\org\springframework\boot\spring-boot-starter-tomcat\4.1.0\spring-boot-starter-tomcat-4.1.0.jar;C:\Users\Shree\.m2\repository\org\springframework\boot\spring-boot-starter-tomcat-runtime\4.1.0\spring-boot-starter-tomcat-runtime-4.1.0.jar;C:\Users\Shree\.m2\repository\org\apache\tomcat\embed\tomcat-embed-core\11.0.22\tomcat-embed-core-11.0.22.jar;C:\Users\Shree\.m2\repository\org\apache\tomcat\embed\tomcat-embed-websocket\11.0.22\tomcat-embed-websocket-11.0.22.jar;C:\Users\Shree\.m2\repository\org\springframework\boot\spring-boot-tomcat\4.1.0\spring-boot-tomcat-4.1.0.jar;C:\Users\Shree\.m2\repository\org\springframework\boot\spring-boot-http-converter\4.1.0\spring-boot-http-converter-4.1.0.jar;C:\Users\Shree\.m2\repository\org\springframework\spring-web\7.0.8\spring-web-7.0.8.jar;C:\Users\Shree\.m2\repository\org\springframework\boot\spring-boot-webmvc\4.1.0\spring-boot-webmvc-4.1.0.jar;C:\Users\Shree\.m2\repository\org\springframework\boot\spring-boot-servlet\4.1.0\spring-boot-servlet-4.1.0.jar;C:\Users\Shree\.m2\repository\org\springframework\spring-webmvc\7.0.8\spring-webmvc-7.0.8.jar;C:\Users\Shree\.m2\repository\org\springdoc\springdoc-openapi-starter-webmvc-ui\3.1.0\springdoc-openapi-starter-webmvc-ui-3.1.0.jar;C:\Users\Shree\.m2\repository\org\springdoc\springdoc-openapi-starter-webmvc-api\3.1.0\springdoc-openapi-starter-webmvc-api-3.1.0.jar;C:\Users\Shree\.m2\repository\org\springdoc\springdoc-openapi-starter-common\3.1.0\springdoc-openapi-starter-common-3.1.0.jar;C:\Users\Shree\.m2\repository\io\swagger\core\v3\swagger-core-jakarta\2.2.52\swagger-core-jakarta-2.2.52.jar;C:\Users\Shree\.m2\repository\org\apache\commons\commons-lang3\3.20.0\commons-lang3-3.20.0.jar;C:\Users\Shree\.m2\repository\io\swagger\core\v3\swagger-annotations-jakarta\2.2.52\swagger-annotations-jakarta-2.2.52.jar;C:\Users\Shree\.m2\repository\io\swagger\core\v3\swagger-models-jakarta\2.2.52\swagger-models-jakarta-2.2.52.jar;C:\Users\Shree\.m2\repository\com\fasterxml\jackson\core\jackson-databind\2.21.4\jackson-databind-2.21.4.jar;C:\Users\Shree\.m2\repository\com\fasterxml\jackson\core\jackson-core\2.21.4\jackson-core-2.21.4.jar;C:\Users\Shree\.m2\repository\com\fasterxml\jackson\dataformat\jackson-dataformat-yaml\2.21.4\jackson-dataformat-yaml-2.21.4.jar;C:\Users\Shree\.m2\repository\com\fasterxml\jackson\datatype\jackson-datatype-jsr310\2.21.4\jackson-datatype-jsr310-2.21.4.jar;C:\Users\Shree\.m2\repository\org\springframework\boot\spring-boot-web-server\4.1.0\spring-boot-web-server-4.1.0.jar;C:\Users\Shree\.m2\repository\org\webjars\swagger-ui\5.32.11\swagger-ui-5.32.11.jar;C:\Users\Shree\.m2\repository\org\webjars\webjars-locator-lite\1.1.3\webjars-locator-lite-1.1.3.jar;C:\Users\Shree\.m2\repository\org\jspecify\jspecify\1.0.0\jspecify-1.0.0.jar;C:\Users\Shree\.m2\repository\org\springframework\boot\spring-boot-devtools\4.1.0\spring-boot-devtools-4.1.0.jar;C:\Users\Shree\.m2\repository\org\springframework\boot\spring-boot-autoconfigure\4.1.0\spring-boot-autoconfigure-4.1.0.jar;C:\Users\Shree\.m2\repository\com\h2database\h2\2.4.240\h2-2.4.240.jar;C:\Users\Shree\.m2\repository\org\projectlombok\lombok\1.18.46\lombok-1.18.46.jar;C:\Users\Shree\.m2\repository\jakarta\xml\bind\jakarta.xml.bind-api\4.0.5\jakarta.xml.bind-api-4.0.5.jar;C:\Users\Shree\.m2\repository\jakarta\activation\jakarta.activation-api\2.1.4\jakarta.activation-api-2.1.4.jar;C:\Users\Shree\.m2\repository\net\bytebuddy\byte-buddy\1.18.10\byte-buddy-1.18.10.jar
Launcher Type: SUN_STANDARD

[Global flags]
     intx CICompilerCount                          = 3                                         {product} {ergonomic}
     uint ConcGCThreads                            = 1                                         {product} {ergonomic}
     uint G1ConcRefinementThreads                  = 4                                         {product} {ergonomic}
   size_t G1HeapRegionSize                         = 1048576                                   {product} {ergonomic}
   size_t InitialHeapSize                          = 132120576                                 {product} {ergonomic}
   size_t MarkStackSize                            = 4194304                                   {product} {ergonomic}
   size_t MarkStackSizeMax                         = 536870912                                 {product} {ergonomic}
   size_t MaxHeapSize                              = 2109734912                                {product} {ergonomic}
   size_t MaxNewSize                               = 1265631232                                {product} {ergonomic}
   size_t MinHeapDeltaBytes                        = 1048576                                   {product} {ergonomic}
   size_t MinHeapSize                              = 8388608                                   {product} {ergonomic}
    uintx NonNMethodCodeHeapSize                   = 5832704                                {pd product} {ergonomic}
    uintx NonProfiledCodeHeapSize                  = 122945536                              {pd product} {ergonomic}
    uintx ProfiledCodeHeapSize                     = 122880000                              {pd product} {ergonomic}
    uintx ReservedCodeCacheSize                    = 251658240                              {pd product} {ergonomic}
     bool SegmentedCodeCache                       = true                                      {product} {ergonomic}
   size_t SoftMaxHeapSize                          = 2109734912                             {manageable} {ergonomic}
     bool UseCompressedOops                        = true                           {product lp64_product} {ergonomic}
     bool UseG1GC                                  = true                                      {product} {ergonomic}
     bool UseLargePagesIndividualAllocation        = false                                  {pd product} {ergonomic}

Logging:
Log output configuration:
 #0: stdout all=warning uptime,level,tags foldmultilines=false
 #1: stderr all=off uptime,level,tags foldmultilines=false

Environment Variables:
CLASSPATH=C:\Program Files\Apache Software Foundation\Tomcat 9.0\lib\servlet-api.jar
PATH=C:\Program Files\Common Files\Oracle\Java\javapath;C:\Windows\system32;C:\Windows;C:\Windows\System32\Wbem;C:\Windows\System32\WindowsPowerShell\v1.0\;C:\Windows\System32\OpenSSH\;C:\Program Files\Java\jdk-18.0.2.1\bin;C:\Program Files\MySQL\MySQL Server 8.0\bin;C:\ProgramData\chocolatey\bin;C:\Program Files\Redis;C:\Program Files\Java\jdk-21\bin;C:\Program Files\Git\cmd;C:\Program Files\Git\mingw64\bin;C:\Program Files\Git\usr\bin;C:\Program Files\nodejs\;C:\Program Files\MySQL\MySQL Shell 8.0\bin\;C:\Users\Shree\AppData\Local\Microsoft\WindowsApps;C:\Program Files\Java\jdk-18.0.2.1\bin;D:\html practice\Microsoft VS Code\bin;C:\Program Files\JetBrains\IntelliJ IDEA Community Edition 2024.3.3\bin;;C:\Program Files\JetBrains\IntelliJ IDEA Community Edition 2024.3.3\bin;C:\Program Files\Java\jdk-21\bin;C:\Users\Shree\AppData\Roaming\npm
USERNAME=Shree
OS=Windows_NT
PROCESSOR_IDENTIFIER=Intel64 Family 6 Model 78 Stepping 3, GenuineIntel
TMP=C:\Users\Shree\AppData\Local\Temp
TEMP=C:\Users\Shree\AppData\Local\Temp




Periodic native trim disabled

---------------  S Y S T E M  ---------------

OS:
 Windows 10 , 64 bit Build 19041 (10.0.19041.7663)
OS uptime: 1 days 3:36 hours

CPU: total 4 (initial active 4) (2 cores per cpu, 2 threads per core) family 6 model 78 stepping 3 microcode 0xec, cx8, cmov, fxsr, ht, mmx, 3dnowpref, sse, sse2, sse3, ssse3, sse4.1, sse4.2, popcnt, lzcnt, tsc, tscinvbit, avx, avx2, aes, erms, clmul, bmi1, bmi2, rtm, adx, fma, vzeroupper, clflush, clflushopt, rdtscp, f16c
Processor Information for the first 4 processors :
  Max Mhz: 2496, Current Mhz: 798, Mhz Limit: 798

Memory: 4k page, system-wide physical 8047M (1491M free)
TotalPageFile size 9224M (AvailPageFile size 3M)
current process WorkingSet (physical memory assigned to process): 239M, peak: 275M
current process commit charge ("private bytes"): 271M, peak: 305M

vm_info: OpenJDK 64-Bit Server VM (23.0.2+7-58) for windows-amd64 JRE (23.0.2+7-58), built on 2024-11-29T09:34:55Z with MS VC++ 17.6 (VS2022)

END.
